Archive member included to satisfy reference by file (symbol)

app/libapp.a(main.c.obj)      (--whole-archive)
zephyr/libzephyr.a(heap.c.obj)
                              (--whole-archive)
zephyr/libzephyr.a(cbprintf_packaged.c.obj)
                              (--whole-archive)
zephyr/libzephyr.a(printk.c.obj)
                              (--whole-archive)
zephyr/libzephyr.a(sem.c.obj)
                              (--whole-archive)
zephyr/libzephyr.a(thread_entry.c.obj)
                              (--whole-archive)
zephyr/libzephyr.a(cbprintf_complete.c.obj)
                              (--whole-archive)
zephyr/libzephyr.a(assert.c.obj)
                              (--whole-archive)
zephyr/libzephyr.a(dec.c.obj)
                              (--whole-archive)
zephyr/libzephyr.a(hex.c.obj)
                              (--whole-archive)
zephyr/libzephyr.a(rb.c.obj)  (--whole-archive)
zephyr/libzephyr.a(timeutil.c.obj)
                              (--whole-archive)
zephyr/libzephyr.a(bitarray.c.obj)
                              (--whole-archive)
zephyr/libzephyr.a(onoff.c.obj)
                              (--whole-archive)
zephyr/libzephyr.a(notify.c.obj)
                              (--whole-archive)
zephyr/libzephyr.a(ring_buffer.c.obj)
                              (--whole-archive)
zephyr/libzephyr.a(configs.c.obj)
                              (--whole-archive)
zephyr/libzephyr.a(mem_attr.c.obj)
                              (--whole-archive)
zephyr/libzephyr.a(flash_map.c.obj)
                              (--whole-archive)
zephyr/libzephyr.a(flash_map_default.c.obj)
                              (--whole-archive)
zephyr/libzephyr.a(flash_map_layout.c.obj)
                              (--whole-archive)
zephyr/libzephyr.a(stream_flash.c.obj)
                              (--whole-archive)
zephyr/libzephyr.a(tracing_none.c.obj)
                              (--whole-archive)
zephyr/libzephyr.a(usb_device.c.obj)
                              (--whole-archive)
zephyr/libzephyr.a(usb_descriptor.c.obj)
                              (--whole-archive)
zephyr/libzephyr.a(usb_transfer.c.obj)
                              (--whole-archive)
zephyr/libzephyr.a(cdc_acm.c.obj)
                              (--whole-archive)
zephyr/libzephyr.a(usb_dfu.c.obj)
                              (--whole-archive)
zephyr/libzephyr.a(usb_work_q.c.obj)
                              (--whole-archive)
zephyr/libzephyr.a(flash_img.c.obj)
                              (--whole-archive)
zephyr/libzephyr.a(flash_util.c.obj)
                              (--whole-archive)
zephyr/arch/common/libarch__common.a(sw_isr_common.c.obj)
                              (--whole-archive)
zephyr/arch/arch/arm/core/libarch__arm__core.a(fatal.c.obj)
                              (--whole-archive)
zephyr/arch/arch/arm/core/libarch__arm__core.a(nmi.c.obj)
                              (--whole-archive)
zephyr/arch/arch/arm/core/libarch__arm__core.a(nmi_on_reset.S.obj)
                              (--whole-archive)
zephyr/arch/arch/arm/core/libarch__arm__core.a(tls.c.obj)
                              (--whole-archive)
zephyr/arch/arch/arm/core/cortex_m/libarch__arm__core__cortex_m.a(exc_exit.c.obj)
                              (--whole-archive)
zephyr/arch/arch/arm/core/cortex_m/libarch__arm__core__cortex_m.a(fault.c.obj)
                              (--whole-archive)
zephyr/arch/arch/arm/core/cortex_m/libarch__arm__core__cortex_m.a(fault_s.S.obj)
                              (--whole-archive)
zephyr/arch/arch/arm/core/cortex_m/libarch__arm__core__cortex_m.a(fpu.c.obj)
                              (--whole-archive)
zephyr/arch/arch/arm/core/cortex_m/libarch__arm__core__cortex_m.a(reset.S.obj)
                              (--whole-archive)
zephyr/arch/arch/arm/core/cortex_m/libarch__arm__core__cortex_m.a(scb.c.obj)
                              (--whole-archive)
zephyr/arch/arch/arm/core/cortex_m/libarch__arm__core__cortex_m.a(thread_abort.c.obj)
                              (--whole-archive)
zephyr/arch/arch/arm/core/cortex_m/libarch__arm__core__cortex_m.a(vector_table.S.obj)
                              (--whole-archive)
zephyr/arch/arch/arm/core/cortex_m/libarch__arm__core__cortex_m.a(swap.c.obj)
                              (--whole-archive)
zephyr/arch/arch/arm/core/cortex_m/libarch__arm__core__cortex_m.a(swap_helper.S.obj)
                              (--whole-archive)
zephyr/arch/arch/arm/core/cortex_m/libarch__arm__core__cortex_m.a(irq_manage.c.obj)
                              (--whole-archive)
zephyr/arch/arch/arm/core/cortex_m/libarch__arm__core__cortex_m.a(prep_c.c.obj)
                              (--whole-archive)
zephyr/arch/arch/arm/core/cortex_m/libarch__arm__core__cortex_m.a(thread.c.obj)
                              (--whole-archive)
zephyr/arch/arch/arm/core/cortex_m/libarch__arm__core__cortex_m.a(cpu_idle.c.obj)
                              (--whole-archive)
[...]
Memory Configuration

Name             Origin             Length             Attributes
FLASH            0x00000000000f4000 0x000000000000c000 xr
RAM              0x0000000020000000 0x0000000000040000 xw
IDT_LIST         0x00000000ffff7fff 0x0000000000008000 xw
*default*        0x0000000000000000 0xffffffffffffffff

Linker script and memory map

                0x00000000000fbe40                vfprintf = __l_vfprintf
                0x0000000000000000                vfscanf = __l_vfscanf
LOAD zephyr/CMakeFiles/zephyr_pre0.dir/misc/empty_file.c.obj
LOAD zephyr/CMakeFiles/offsets.dir/./arch/arm/core/offsets/offsets.c.obj
LOAD app/libapp.a
LOAD zephyr/libzephyr.a
LOAD zephyr/arch/common/libarch__common.a
LOAD zephyr/arch/arch/arm/core/libarch__arm__core.a
LOAD zephyr/arch/arch/arm/core/cortex_m/libarch__arm__core__cortex_m.a
LOAD zephyr/arch/arch/arm/core/mpu/libarch__arm__core__mpu.a
LOAD zephyr/lib/libc/picolibc/liblib__libc__picolibc.a
LOAD zephyr/lib/libc/common/liblib__libc__common.a
LOAD zephyr/soc/soc/nrf52840/libsoc__nordic.a
LOAD zephyr/subsys/dfu/boot/libsubsys__dfu__boot.a
LOAD zephyr/drivers/usb/device/libdrivers__usb__device.a
LOAD zephyr/drivers/usb/common/nrf_usbd_common/libdrivers__usb__common__nrf_usbd_common.a
LOAD zephyr/drivers/clock_control/libdrivers__clock_control.a
LOAD zephyr/drivers/console/libdrivers__console.a
LOAD zephyr/drivers/flash/libdrivers__flash.a
LOAD zephyr/drivers/gpio/libdrivers__gpio.a
LOAD zephyr/drivers/hwinfo/libdrivers__hwinfo.a
LOAD zephyr/drivers/pinctrl/libdrivers__pinctrl.a
LOAD zephyr/drivers/serial/libdrivers__serial.a
LOAD zephyr/drivers/timer/libdrivers__timer.a
LOAD modules/hal_nordic/nrfx/libmodules__hal_nordic__nrfx.a
LOAD modules/mcuboot/libmcuboot_util.a
LOAD zephyr/kernel/libkernel.a
LOAD zephyr/arch/common/libisr_tables.a
LOAD /home/mhn/zephyr-sdk-0.16.8/arm-zephyr-eabi/bin/../lib/gcc/../../picolibc/arm-zephyr-eabi/lib/thumb/v7e-m/nofp/libc.a
LOAD /home/mhn/zephyr-sdk-0.16.8/arm-zephyr-eabi/bin/../lib/gcc/arm-zephyr-eabi/12.2.0/thumb/v7e-m/nofp/libgcc.a
                0x0000000000000020                _region_min_align = 0x20

.rel.plt        0x00000000000f4000        0x0
 *(SORT_BY_ALIGNMENT(.rel.plt))
                [!provide]                        PROVIDE (__rel_iplt_start = .)
 *(SORT_BY_ALIGNMENT(.rel.iplt))
 .rel.iplt      0x00000000000f4000        0x0 app/libapp.a(main.c.obj)
                [!provide]                        PROVIDE (__rel_iplt_end = .)

.rela.plt       0x0000000000000000        0x0
 *(SORT_BY_ALIGNMENT(.rela.plt))
                [!provide]                        PROVIDE (__rela_iplt_start = .)
 *(SORT_BY_ALIGNMENT(.rela.iplt))
                [!provide]                        PROVIDE (__rela_iplt_end = .)

.rel.dyn
 *(SORT_BY_ALIGNMENT(.rel.*))

.rela.dyn
 *(SORT_BY_ALIGNMENT(.rela.*))

/DISCARD/
 *(SORT_BY_ALIGNMENT(.plt))

/DISCARD/
 *(SORT_BY_ALIGNMENT(.iplt))
                0x00000000000f4000                __rom_region_start = 0xf4000

rom_start       0x00000000000f4000      0x100
                0x00000000000f4000                __rom_start_address = .
 FILL mask 0x00
                0x00000000000f4000                . = (. + (0x0 - (. - __rom_start_address)))
                0x00000000000f4000                . = ALIGN (0x4)
                0x00000000000f4000                . = ALIGN (0x80)
                0x00000000000f4000                . = ALIGN (0x100)
                0x00000000000f4000                _vector_start = .
 *(SORT_BY_ALIGNMENT(.exc_vector_table))
 *(SORT_BY_ALIGNMENT(.exc_vector_table.*))
 .exc_vector_table._vector_table_section
                0x00000000000f4000       0x40 zephyr/arch/arch/arm/core/cortex_m/libarch__arm__core__cortex_m.a(vector_table.S.obj)
                0x00000000000f4000                _vector_table
 *(SORT_BY_ALIGNMENT(.vectors))
                0x00000000000f4100                _vector_end = .
                0x00000000000f4040                . = ALIGN (0x4)
 *(SORT_BY_ALIGNMENT(.gnu.linkonce.irq_vector_table*))
 .gnu.linkonce.irq_vector_table
                0x00000000000f4040       0xc0 zephyr/arch/common/libisr_tables.a(isr_tables.c.obj)
                0x00000000000f4040                _irq_vector_table
                0x00000000000f4100                _vector_end = .

text            0x00000000000f4100     0xa314
                0x00000000000f4100                __text_region_start = .
 *(SORT_BY_ALIGNMENT(.text))
 .text          0x00000000000f4100       0x30 /home/mhn/zephyr-sdk-0.16.8/arm-zephyr-eabi/bin/../lib/gcc/arm-zephyr-eabi/12.2.0/thumb/v7e-m/nofp/libgcc.a(_aeabi_uldivmod.o)
                0x00000000000f4100                __aeabi_uldivmod
 .text          0x00000000000f4130        0x4 /home/mhn/zephyr-sdk-0.16.8/arm-zephyr-eabi/bin/../lib/gcc/arm-zephyr-eabi/12.2.0/thumb/v7e-m/nofp/libgcc.a(_dvmd_tls.o)
                0x00000000000f4130                __aeabi_ldiv0
                0x00000000000f4130                __aeabi_idiv0
 .text          0x00000000000f4134       0x10 /home/mhn/zephyr-sdk-0.16.8/arm-zephyr-eabi/bin/../lib/gcc/../../picolibc/arm-zephyr-eabi/lib/thumb/v7e-m/nofp/libc.a(strlen.S.o)
                0x00000000000f4134                strlen
 .text          0x00000000000f4144      0x2a0 /home/mhn/zephyr-sdk-0.16.8/arm-zephyr-eabi/bin/../lib/gcc/arm-zephyr-eabi/12.2.0/thumb/v7e-m/nofp/libgcc.a(_udivmoddi4.o)
                0x00000000000f4144                __udivmoddi4
 *(SORT_BY_ALIGNMENT(.text.*))
 .text.char_out
                0x00000000000f43e4        0xc zephyr/libzephyr.a(printk.c.obj)
 .text.__printk_hook_install
                0x00000000000f43f0        0xc zephyr/libzephyr.a(printk.c.obj)
                0x00000000000f43f0                __printk_hook_install
 .text.vprintk  0x00000000000f43fc       0x30 zephyr/libzephyr.a(printk.c.obj)
                0x00000000000f43fc                vprintk
 .text.z_thread_entry
                0x00000000000f442c       0x34 zephyr/libzephyr.a(thread_entry.c.obj)
                0x00000000000f442c                z_thread_entry
 .text.process_event
                0x00000000000f4460      0x21c zephyr/libzephyr.a(onoff.c.obj)
 .text.mem_attr_get_regions
                0x00000000000f467c        0xc zephyr/libzephyr.a(mem_attr.c.obj)
                0x00000000000f467c                mem_attr_get_regions
 .text.flash_area_open
                0x00000000000f4688       0x50 zephyr/libzephyr.a(flash_map.c.obj)
                0x00000000000f4688                flash_area_open
 .text.stream_flash_init
                0x00000000000f46d8       0xa0 zephyr/libzephyr.a(stream_flash.c.obj)
                0x00000000000f46d8                stream_flash_init
 .text.class_handler
                0x00000000000f4778       0x40 zephyr/libzephyr.a(usb_device.c.obj)
 .text.custom_handler
                0x00000000000f47b8       0x60 zephyr/libzephyr.a(usb_device.c.obj)
 .text.vendor_handler
                0x00000000000f4818       0x3c zephyr/libzephyr.a(usb_device.c.obj)
 .text.disable_endpoint
                0x00000000000f4854       0x2c zephyr/libzephyr.a(usb_device.c.obj)
 .text.usb_reset_alt_setting
                0x00000000000f4880       0x10 zephyr/libzephyr.a(usb_device.c.obj)
 .text.is_ep_valid.part.0
                0x00000000000f4890       0x38 zephyr/libzephyr.a(usb_device.c.obj)
 .text.usb_handle_request.constprop.0
                0x00000000000f48c8       0x2c zephyr/libzephyr.a(usb_device.c.obj)
 .text.forward_status_cb
                0x00000000000f48f4       0xac zephyr/libzephyr.a(usb_device.c.obj)
 .text.usb_halt_endpoint_req.isra.0
                0x00000000000f49a0       0x50 zephyr/libzephyr.a(usb_device.c.obj)
 .text.set_endpoint
                0x00000000000f49f0       0x84 zephyr/libzephyr.a(usb_device.c.obj)
 .text.usb_handle_standard_request
                0x00000000000f4a74      0x2ec zephyr/libzephyr.a(usb_device.c.obj)
 .text.usb_data_to_host
                0x00000000000f4d60       0x60 zephyr/libzephyr.a(usb_device.c.obj)
 .text.usb_handle_control_transfer
                0x00000000000f4dc0       0xdc zephyr/libzephyr.a(usb_device.c.obj)
 .text.usb_set_config
                0x00000000000f4e9c       0x2c zephyr/libzephyr.a(usb_device.c.obj)
                0x00000000000f4e9c                usb_set_config
 .text.usb_enable
                0x00000000000f4ec8      0x13c zephyr/libzephyr.a(usb_device.c.obj)
                0x00000000000f4ec8                usb_enable
 .text.usb_update_sn_string_descriptor
                0x00000000000f5004       0x88 zephyr/libzephyr.a(usb_descriptor.c.obj)
                0x00000000000f5004                usb_update_sn_string_descriptor
 .text.usb_get_device_descriptor
                0x00000000000f508c      0x1e4 zephyr/libzephyr.a(usb_descriptor.c.obj)
                0x00000000000f508c                usb_get_device_descriptor
 .text.usb_ep_get_transfer
                0x00000000000f5270       0x2c zephyr/libzephyr.a(usb_transfer.c.obj)
 .text.usb_transfer_work
                0x00000000000f529c      0x100 zephyr/libzephyr.a(usb_transfer.c.obj)
 .text.usb_transfer_ep_callback
                0x00000000000f539c       0x5c zephyr/libzephyr.a(usb_transfer.c.obj)
                0x00000000000f539c                usb_transfer_ep_callback
 .text.usb_transfer
                0x00000000000f53f8       0xe4 zephyr/libzephyr.a(usb_transfer.c.obj)
                0x00000000000f53f8                usb_transfer
 .text.usb_cancel_transfer
                0x00000000000f54dc       0x3c zephyr/libzephyr.a(usb_transfer.c.obj)
                0x00000000000f54dc                usb_cancel_transfer
 .text.usb_cancel_transfers
                0x00000000000f5518       0x44 zephyr/libzephyr.a(usb_transfer.c.obj)
                0x00000000000f5518                usb_cancel_transfers
 .text.usb_transfer_init
                0x00000000000f555c       0x34 zephyr/libzephyr.a(usb_transfer.c.obj)
                0x00000000000f555c                usb_transfer_init
 .text.cdc_acm_class_handle_req
                0x00000000000f5590       0x64 zephyr/libzephyr.a(cdc_acm.c.obj)
                0x00000000000f5590                cdc_acm_class_handle_req
 .text.cdc_acm_int_in
                0x00000000000f55f4       0x18 zephyr/libzephyr.a(cdc_acm.c.obj)
 .text.cdc_acm_irq_rx_enable
                0x00000000000f560c       0x20 zephyr/libzephyr.a(cdc_acm.c.obj)
 .text.cdc_acm_irq_tx_enable
                0x00000000000f562c       0x20 zephyr/libzephyr.a(cdc_acm.c.obj)
 .text.cdc_acm_write_cb
                0x00000000000f564c       0x54 zephyr/libzephyr.a(cdc_acm.c.obj)
 .text.cdc_acm_fifo_fill
                0x00000000000f56a0       0x3c zephyr/libzephyr.a(cdc_acm.c.obj)
 .text.cdc_acm_reset_port
                0x00000000000f56dc       0x3c zephyr/libzephyr.a(cdc_acm.c.obj)
 .text.tx_work_handler
                0x00000000000f5718       0x64 zephyr/libzephyr.a(cdc_acm.c.obj)
 .text.cdc_acm_init
                0x00000000000f577c       0x48 zephyr/libzephyr.a(cdc_acm.c.obj)
 .text.cdc_acm_poll_out
                0x00000000000f57c4       0x70 zephyr/libzephyr.a(cdc_acm.c.obj)
 .text.cdc_acm_read_cb
                0x00000000000f5834       0x74 zephyr/libzephyr.a(cdc_acm.c.obj)
 .text.cdc_acm_dev_status_cb
                0x00000000000f58a8       0x84 zephyr/libzephyr.a(cdc_acm.c.obj)
 .text.dfu_check_app_state
                0x00000000000f592c       0x18 zephyr/libzephyr.a(usb_dfu.c.obj)
 .text.dfu_interface_config
                0x00000000000f5944        0xc zephyr/libzephyr.a(usb_dfu.c.obj)
 .text.dfu_custom_handle_req
                0x00000000000f5950       0x5c zephyr/libzephyr.a(usb_dfu.c.obj)
 .text.dfu_reset_counters
                0x00000000000f59ac       0x24 zephyr/libzephyr.a(usb_dfu.c.obj)
 .text.dfu_class_handle_req
                0x00000000000f59d0      0x204 zephyr/libzephyr.a(usb_dfu.c.obj)
 .text.usb_dfu_init
                0x00000000000f5bd4       0x54 zephyr/libzephyr.a(usb_dfu.c.obj)
 .text.dfu_work_handler
                0x00000000000f5c28       0x74 zephyr/libzephyr.a(usb_dfu.c.obj)
 .text.dfu_timer_work_handler
                0x00000000000f5c9c       0x40 zephyr/libzephyr.a(usb_dfu.c.obj)
 .text.z_usb_work_q_init
                0x00000000000f5cdc       0x34 zephyr/libzephyr.a(usb_work_q.c.obj)
 .text.z_SysNmiOnReset
                0x00000000000f5d10        0x8 zephyr/arch/arch/arm/core/libarch__arm__core.a(nmi_on_reset.S.obj)
                0x00000000000f5d10                z_SysNmiOnReset
 .text.arch_tls_stack_setup
                0x00000000000f5d18       0x40 zephyr/arch/arch/arm/core/libarch__arm__core.a(tls.c.obj)
                0x00000000000f5d18                arch_tls_stack_setup
 .text._HandlerModeExit
                0x00000000000f5d58       0x28 zephyr/arch/arch/arm/core/cortex_m/libarch__arm__core__cortex_m.a(exc_exit.c.obj)
                0x00000000000f5d58                z_arm_exc_exit
                0x00000000000f5d58                z_arm_int_exit
 .text.mem_manage_fault
                0x00000000000f5d80       0xa0 zephyr/arch/arch/arm/core/cortex_m/libarch__arm__core__cortex_m.a(fault.c.obj)
 .text.usage_fault.constprop.0
                0x00000000000f5e20       0x54 zephyr/arch/arch/arm/core/cortex_m/libarch__arm__core__cortex_m.a(fault.c.obj)
 .text.bus_fault.constprop.0
                0x00000000000f5e74       0x6c zephyr/arch/arch/arm/core/cortex_m/libarch__arm__core__cortex_m.a(fault.c.obj)
 .text.z_arm_fault
                0x00000000000f5ee0      0x128 zephyr/arch/arch/arm/core/cortex_m/libarch__arm__core__cortex_m.a(fault.c.obj)
                0x00000000000f5ee0                z_arm_fault
 .text.z_arm_fault_init
                0x00000000000f6008       0x18 zephyr/arch/arch/arm/core/cortex_m/libarch__arm__core__cortex_m.a(fault.c.obj)
                0x00000000000f6008                z_arm_fault_init
 .text.__fault  0x00000000000f6020       0x14 zephyr/arch/arch/arm/core/cortex_m/libarch__arm__core__cortex_m.a(fault_s.S.obj)
                0x00000000000f6020                z_arm_bus_fault
                0x00000000000f6020                z_arm_usage_fault
                0x00000000000f6020                z_arm_mpu_fault
                0x00000000000f6020                z_arm_exc_spurious
                0x00000000000f6020                z_arm_debug_monitor
                0x00000000000f6020                z_arm_hard_fault
 .text._reset_section
                0x00000000000f6034       0x30 zephyr/arch/arch/arm/core/cortex_m/libarch__arm__core__cortex_m.a(reset.S.obj)
                0x00000000000f6034                z_arm_reset
                0x00000000000f6034                __start
 .text.z_impl_k_thread_abort
                0x00000000000f6064       0x2c zephyr/arch/arch/arm/core/cortex_m/libarch__arm__core__cortex_m.a(thread_abort.c.obj)
                0x00000000000f6064                z_impl_k_thread_abort
 .text.arch_swap
                0x00000000000f6090       0x30 zephyr/arch/arch/arm/core/cortex_m/libarch__arm__core__cortex_m.a(swap.c.obj)
                0x00000000000f6090                arch_swap
 .text.z_arm_pendsv_c
                0x00000000000f60c0       0x48 zephyr/arch/arch/arm/core/cortex_m/libarch__arm__core__cortex_m.a(swap.c.obj)
                0x00000000000f60c0                z_arm_pendsv_c
 .text.z_arm_pendsv
                0x00000000000f6108       0x34 zephyr/arch/arch/arm/core/cortex_m/libarch__arm__core__cortex_m.a(swap_helper.S.obj)
                0x00000000000f6108                z_arm_pendsv
 .text.z_arm_svc
                0x00000000000f613c       0x20 zephyr/arch/arch/arm/core/cortex_m/libarch__arm__core__cortex_m.a(swap_helper.S.obj)
                0x00000000000f613c                z_arm_svc
 .text.arch_irq_enable
                0x00000000000f615c       0x1c zephyr/arch/arch/arm/core/cortex_m/libarch__arm__core__cortex_m.a(irq_manage.c.obj)
                0x00000000000f615c                arch_irq_enable
 .text.arch_irq_disable
                0x00000000000f6178       0x28 zephyr/arch/arch/arm/core/cortex_m/libarch__arm__core__cortex_m.a(irq_manage.c.obj)
                0x00000000000f6178                arch_irq_disable
 .text.arch_irq_is_enabled
                0x00000000000f61a0       0x1c zephyr/arch/arch/arm/core/cortex_m/libarch__arm__core__cortex_m.a(irq_manage.c.obj)
                0x00000000000f61a0                arch_irq_is_enabled
 .text.z_arm_irq_priority_set
                0x00000000000f61bc       0x30 zephyr/arch/arch/arm/core/cortex_m/libarch__arm__core__cortex_m.a(irq_manage.c.obj)
                0x00000000000f61bc                z_arm_irq_priority_set
 .text.z_prep_c
                0x00000000000f61ec       0x48 zephyr/arch/arch/arm/core/cortex_m/libarch__arm__core__cortex_m.a(prep_c.c.obj)
                0x00000000000f61ec                z_prep_c
 .text.arch_new_thread
                0x00000000000f6234       0x38 zephyr/arch/arch/arm/core/cortex_m/libarch__arm__core__cortex_m.a(thread.c.obj)
                0x00000000000f6234                arch_new_thread
 .text.z_check_thread_stack_fail
                0x00000000000f626c       0x2c zephyr/arch/arch/arm/core/cortex_m/libarch__arm__core__cortex_m.a(thread.c.obj)
                0x00000000000f626c                z_check_thread_stack_fail
 .text.arch_switch_to_main_thread
                0x00000000000f6298       0x44 zephyr/arch/arch/arm/core/cortex_m/libarch__arm__core__cortex_m.a(thread.c.obj)
                0x00000000000f6298                arch_switch_to_main_thread
 .text.z_arm_cpu_idle_init
                0x00000000000f62dc        0xc zephyr/arch/arch/arm/core/cortex_m/libarch__arm__core__cortex_m.a(cpu_idle.c.obj)
                0x00000000000f62dc                z_arm_cpu_idle_init
 .text.z_arm_interrupt_init
                0x00000000000f62e8       0x18 zephyr/arch/arch/arm/core/cortex_m/libarch__arm__core__cortex_m.a(irq_init.c.obj)
                0x00000000000f62e8                z_arm_interrupt_init
 .text._isr_wrapper
                0x00000000000f6300       0x24 zephyr/arch/arch/arm/core/cortex_m/libarch__arm__core__cortex_m.a(isr_wrapper.c.obj)
                0x00000000000f6300                _isr_wrapper
 .text.z_arm_configure_static_mpu_regions
                0x00000000000f6324       0x18 zephyr/arch/arch/arm/core/mpu/libarch__arm__core__mpu.a(arm_core_mpu.c.obj)
                0x00000000000f6324                z_arm_configure_static_mpu_regions
 .text.z_arm_configure_dynamic_mpu_regions
                0x00000000000f633c       0x20 zephyr/arch/arch/arm/core/mpu/libarch__arm__core__mpu.a(arm_core_mpu.c.obj)
                0x00000000000f633c                z_arm_configure_dynamic_mpu_regions
 .text.region_init
                0x00000000000f635c       0x28 zephyr/arch/arch/arm/core/mpu/libarch__arm__core__mpu.a(arm_mpu.c.obj)
 .text.mpu_configure_regions
                0x00000000000f6384       0x6c zephyr/arch/arch/arm/core/mpu/libarch__arm__core__mpu.a(arm_mpu.c.obj)
 .text.arm_core_mpu_enable
                0x00000000000f63f0       0x18 zephyr/arch/arch/arm/core/mpu/libarch__arm__core__mpu.a(arm_mpu.c.obj)
                0x00000000000f63f0                arm_core_mpu_enable
 .text.arm_core_mpu_disable
                0x00000000000f6408       0x14 zephyr/arch/arch/arm/core/mpu/libarch__arm__core__mpu.a(arm_mpu.c.obj)
                0x00000000000f6408                arm_core_mpu_disable
 .text.arm_core_mpu_configure_static_mpu_regions
                0x00000000000f641c       0x14 zephyr/arch/arch/arm/core/mpu/libarch__arm__core__mpu.a(arm_mpu.c.obj)
                0x00000000000f641c                arm_core_mpu_configure_static_mpu_regions
 .text.arm_core_mpu_configure_dynamic_mpu_regions
                0x00000000000f6430       0x38 zephyr/arch/arch/arm/core/mpu/libarch__arm__core__mpu.a(arm_mpu.c.obj)
                0x00000000000f6430                arm_core_mpu_configure_dynamic_mpu_regions
 .text.z_arm_mpu_init
                0x00000000000f6468      0x168 zephyr/arch/arch/arm/core/mpu/libarch__arm__core__mpu.a(arm_mpu.c.obj)
                0x00000000000f6468                z_arm_mpu_init
 .text.z_impl_zephyr_fputc
                0x00000000000f65d0       0x10 zephyr/lib/libc/picolibc/liblib__libc__picolibc.a(libc-hooks.c.obj)
                0x00000000000f65d0                z_impl_zephyr_fputc
 .text.__stdout_hook_install
                0x00000000000f65e0       0x18 zephyr/lib/libc/picolibc/liblib__libc__picolibc.a(libc-hooks.c.obj)
                0x00000000000f65e0                __stdout_hook_install
 .text.malloc_prepare
                0x00000000000f65f8       0x24 zephyr/lib/libc/common/liblib__libc__common.a(malloc.c.obj)
 .text.nordicsemi_nrf52_init
                0x00000000000f661c       0x44 zephyr/soc/soc/nrf52840/libsoc__nordic.a(soc.c.obj)
 .text.arch_busy_wait
                0x00000000000f6660       0x14 zephyr/soc/soc/nrf52840/libsoc__nordic.a(soc.c.obj)
                0x00000000000f6660                arch_busy_wait
 .text.endpoint_ctx
                0x00000000000f6674       0x60 zephyr/drivers/usb/device/libdrivers__usb__device.a(usb_dc_nrfx.c.obj)
 .text.usbd_work_schedule
                0x00000000000f66d4       0x10 zephyr/drivers/usb/device/libdrivers__usb__device.a(usb_dc_nrfx.c.obj)
 .text.usbd_evt_put
                0x00000000000f66e4        0xc zephyr/drivers/usb/device/libdrivers__usb__device.a(usb_dc_nrfx.c.obj)
 .text.usbd_evt_get
                0x00000000000f66f0       0x10 zephyr/drivers/usb/device/libdrivers__usb__device.a(usb_dc_nrfx.c.obj)
 .text.usb_init
                0x00000000000f6700       0x70 zephyr/drivers/usb/device/libdrivers__usb__device.a(usb_dc_nrfx.c.obj)
 .text.hfxo_stop.constprop.0.isra.0
                0x00000000000f6770       0x40 zephyr/drivers/usb/device/libdrivers__usb__device.a(usb_dc_nrfx.c.obj)
 .text.eps_ctx_init
                0x00000000000f67b0       0x68 zephyr/drivers/usb/device/libdrivers__usb__device.a(usb_dc_nrfx.c.obj)
 .text.usbd_evt_flush
                0x00000000000f6818       0x1c zephyr/drivers/usb/device/libdrivers__usb__device.a(usb_dc_nrfx.c.obj)
 .text.usbd_evt_alloc
                0x00000000000f6834       0x44 zephyr/drivers/usb/device/libdrivers__usb__device.a(usb_dc_nrfx.c.obj)
 .text.usb_dc_power_event_handler
                0x00000000000f6878       0x34 zephyr/drivers/usb/device/libdrivers__usb__device.a(usb_dc_nrfx.c.obj)
 .text.usbd_event_transfer_data
                0x00000000000f68ac       0xa8 zephyr/drivers/usb/device/libdrivers__usb__device.a(usb_dc_nrfx.c.obj)
 .text.usbd_event_handler
                0x00000000000f6954      0x11c zephyr/drivers/usb/device/libdrivers__usb__device.a(usb_dc_nrfx.c.obj)
 .text.usbd_work_handler
                0x00000000000f6a70      0x2e0 zephyr/drivers/usb/device/libdrivers__usb__device.a(usb_dc_nrfx.c.obj)
 .text.usb_dc_attach
                0x00000000000f6d50       0x64 zephyr/drivers/usb/device/libdrivers__usb__device.a(usb_dc_nrfx.c.obj)
                0x00000000000f6d50                usb_dc_attach
 .text.usb_dc_detach
                0x00000000000f6db4       0x40 zephyr/drivers/usb/device/libdrivers__usb__device.a(usb_dc_nrfx.c.obj)
                0x00000000000f6db4                usb_dc_detach
 .text.usb_dc_set_address
                0x00000000000f6df4       0x24 zephyr/drivers/usb/device/libdrivers__usb__device.a(usb_dc_nrfx.c.obj)
                0x00000000000f6df4                usb_dc_set_address
 .text.usb_dc_ep_configure
                0x00000000000f6e18       0x48 zephyr/drivers/usb/device/libdrivers__usb__device.a(usb_dc_nrfx.c.obj)
                0x00000000000f6e18                usb_dc_ep_configure
 .text.usb_dc_ep_set_stall
                0x00000000000f6e60       0x50 zephyr/drivers/usb/device/libdrivers__usb__device.a(usb_dc_nrfx.c.obj)
                0x00000000000f6e60                usb_dc_ep_set_stall
 .text.usb_dc_ep_clear_stall
                0x00000000000f6eb0       0x40 zephyr/drivers/usb/device/libdrivers__usb__device.a(usb_dc_nrfx.c.obj)
                0x00000000000f6eb0                usb_dc_ep_clear_stall
 .text.usb_dc_ep_is_stalled
                0x00000000000f6ef0       0x38 zephyr/drivers/usb/device/libdrivers__usb__device.a(usb_dc_nrfx.c.obj)
                0x00000000000f6ef0                usb_dc_ep_is_stalled
 .text.usb_dc_ep_enable
                0x00000000000f6f28       0x54 zephyr/drivers/usb/device/libdrivers__usb__device.a(usb_dc_nrfx.c.obj)
                0x00000000000f6f28                usb_dc_ep_enable
 .text.usb_dc_ep_write
                0x00000000000f6f7c       0xf8 zephyr/drivers/usb/device/libdrivers__usb__device.a(usb_dc_nrfx.c.obj)
                0x00000000000f6f7c                usb_dc_ep_write
 .text.usb_dc_ep_read_wait
                0x00000000000f7074       0x90 zephyr/drivers/usb/device/libdrivers__usb__device.a(usb_dc_nrfx.c.obj)
                0x00000000000f7074                usb_dc_ep_read_wait
 .text.usb_dc_ep_read_continue
                0x00000000000f7104       0x84 zephyr/drivers/usb/device/libdrivers__usb__device.a(usb_dc_nrfx.c.obj)
                0x00000000000f7104                usb_dc_ep_read_continue
 .text.usb_dc_ep_set_callback
                0x00000000000f7188       0x28 zephyr/drivers/usb/device/libdrivers__usb__device.a(usb_dc_nrfx.c.obj)
                0x00000000000f7188                usb_dc_ep_set_callback
 .text.usb_dc_set_status_callback
                0x00000000000f71b0        0xc zephyr/drivers/usb/device/libdrivers__usb__device.a(usb_dc_nrfx.c.obj)
                0x00000000000f71b0                usb_dc_set_status_callback
 .text.usb_dc_ep_mps
                0x00000000000f71bc       0x24 zephyr/drivers/usb/device/libdrivers__usb__device.a(usb_dc_nrfx.c.obj)
                0x00000000000f71bc                usb_dc_ep_mps
 .text.nrf52_errata_187
                0x00000000000f71e0       0x28 zephyr/drivers/usb/common/nrf_usbd_common/libdrivers__usb__common__nrf_usbd_common.a(nrf_usbd_common.c.obj)
 .text.ep_state_access
                0x00000000000f7208       0x20 zephyr/drivers/usb/common/nrf_usbd_common/libdrivers__usb__common__nrf_usbd_common.a(nrf_usbd_common.c.obj)
 .text.usbd_errata_187_211_begin
                0x00000000000f7228       0x3c zephyr/drivers/usb/common/nrf_usbd_common/libdrivers__usb__common__nrf_usbd_common.a(nrf_usbd_common.c.obj)
 .text.usbd_errata_187_211_end
                0x00000000000f7264       0x3c zephyr/drivers/usb/common/nrf_usbd_common/libdrivers__usb__common__nrf_usbd_common.a(nrf_usbd_common.c.obj)
 .text.usbd_dma_pending_clear
                0x00000000000f72a0       0x1c zephyr/drivers/usb/common/nrf_usbd_common/libdrivers__usb__common__nrf_usbd_common.a(nrf_usbd_common.c.obj)
 .text.nrf_usbd_common_uninit
                0x00000000000f72bc       0x14 zephyr/drivers/usb/common/nrf_usbd_common/libdrivers__usb__common__nrf_usbd_common.a(nrf_usbd_common.c.obj)
                0x00000000000f72bc                nrf_usbd_common_uninit
 .text.nrf_usbd_common_enable
                0x00000000000f72d0      0x148 zephyr/drivers/usb/common/nrf_usbd_common/libdrivers__usb__common__nrf_usbd_common.a(nrf_usbd_common.c.obj)
                0x00000000000f72d0                nrf_usbd_common_enable
 .text.nrf_usbd_common_start
                0x00000000000f7418       0x38 zephyr/drivers/usb/common/nrf_usbd_common/libdrivers__usb__common__nrf_usbd_common.a(nrf_usbd_common.c.obj)
                0x00000000000f7418                nrf_usbd_common_start
 .text.nrf_usbd_common_is_enabled
                0x00000000000f7450       0x14 zephyr/drivers/usb/common/nrf_usbd_common/libdrivers__usb__common__nrf_usbd_common.a(nrf_usbd_common.c.obj)
                0x00000000000f7450                nrf_usbd_common_is_enabled
 .text.nrf_usbd_common_suspend
                0x00000000000f7464       0x50 zephyr/drivers/usb/common/nrf_usbd_common/libdrivers__usb__common__nrf_usbd_common.a(nrf_usbd_common.c.obj)
                0x00000000000f7464                nrf_usbd_common_suspend
 .text.nrf_usbd_common_init
                0x00000000000f74b4       0x84 zephyr/drivers/usb/common/nrf_usbd_common/libdrivers__usb__common__nrf_usbd_common.a(nrf_usbd_common.c.obj)
                0x00000000000f74b4                nrf_usbd_common_init
 .text.nrf_usbd_common_ep_enable_check
                0x00000000000f7538       0x28 zephyr/drivers/usb/common/nrf_usbd_common/libdrivers__usb__common__nrf_usbd_common.a(nrf_usbd_common.c.obj)
                0x00000000000f7538                nrf_usbd_common_ep_enable_check
 .text.nrf_usbd_common_ep_transfer
                0x00000000000f7560       0x98 zephyr/drivers/usb/common/nrf_usbd_common/libdrivers__usb__common__nrf_usbd_common.a(nrf_usbd_common.c.obj)
                0x00000000000f7560                nrf_usbd_common_ep_transfer
 .text.nrf_usbd_common_epout_size_get
                0x00000000000f75f8       0x28 zephyr/drivers/usb/common/nrf_usbd_common/libdrivers__usb__common__nrf_usbd_common.a(nrf_usbd_common.c.obj)
                0x00000000000f75f8                nrf_usbd_common_epout_size_get
 .text.nrf_usbd_common_irq_handler
                0x00000000000f7620      0x48c zephyr/drivers/usb/common/nrf_usbd_common/libdrivers__usb__common__nrf_usbd_common.a(nrf_usbd_common.c.obj)
                0x00000000000f7620                nrf_usbd_common_irq_handler
 .text.nrf_usbd_common_ep_stall
                0x00000000000f7aac       0x10 zephyr/drivers/usb/common/nrf_usbd_common/libdrivers__usb__common__nrf_usbd_common.a(nrf_usbd_common.c.obj)
                0x00000000000f7aac                nrf_usbd_common_ep_stall
 .text.nrf_usbd_common_ep_stall_check
                0x00000000000f7abc       0x34 zephyr/drivers/usb/common/nrf_usbd_common/libdrivers__usb__common__nrf_usbd_common.a(nrf_usbd_common.c.obj)
                0x00000000000f7abc                nrf_usbd_common_ep_stall_check
 .text.nrf_usbd_common_ep_dtoggle_clear
                0x00000000000f7af0       0x14 zephyr/drivers/usb/common/nrf_usbd_common/libdrivers__usb__common__nrf_usbd_common.a(nrf_usbd_common.c.obj)
                0x00000000000f7af0                nrf_usbd_common_ep_dtoggle_clear
 .text.nrf_usbd_common_setup_get
                0x00000000000f7b04       0x44 zephyr/drivers/usb/common/nrf_usbd_common/libdrivers__usb__common__nrf_usbd_common.a(nrf_usbd_common.c.obj)
                0x00000000000f7b04                nrf_usbd_common_setup_get
 .text.nrf_usbd_common_setup_data_clear
                0x00000000000f7b48        0xc zephyr/drivers/usb/common/nrf_usbd_common/libdrivers__usb__common__nrf_usbd_common.a(nrf_usbd_common.c.obj)
                0x00000000000f7b48                nrf_usbd_common_setup_data_clear
 .text.nrf_usbd_common_setup_clear
                0x00000000000f7b54        0xc zephyr/drivers/usb/common/nrf_usbd_common/libdrivers__usb__common__nrf_usbd_common.a(nrf_usbd_common.c.obj)
                0x00000000000f7b54                nrf_usbd_common_setup_clear
 .text.nrf_usbd_common_setup_stall
                0x00000000000f7b60        0xc zephyr/drivers/usb/common/nrf_usbd_common/libdrivers__usb__common__nrf_usbd_common.a(nrf_usbd_common.c.obj)
                0x00000000000f7b60                nrf_usbd_common_setup_stall
 .text.nrf_usbd_common_last_setup_dir_get
                0x00000000000f7b6c        0xc zephyr/drivers/usb/common/nrf_usbd_common/libdrivers__usb__common__nrf_usbd_common.a(nrf_usbd_common.c.obj)
                0x00000000000f7b6c                nrf_usbd_common_last_setup_dir_get
 .text.nrf_usbd_common_transfer_out_drop
                0x00000000000f7b78       0x4c zephyr/drivers/usb/common/nrf_usbd_common/libdrivers__usb__common__nrf_usbd_common.a(nrf_usbd_common.c.obj)
                0x00000000000f7b78                nrf_usbd_common_transfer_out_drop
 .text.usbd_ep_abort
                0x00000000000f7bc4       0xf0 zephyr/drivers/usb/common/nrf_usbd_common/libdrivers__usb__common__nrf_usbd_common.a(nrf_usbd_common.c.obj)
 .text.nrf_usbd_common_ep_abort
                0x00000000000f7cb4       0x34 zephyr/drivers/usb/common/nrf_usbd_common/libdrivers__usb__common__nrf_usbd_common.a(nrf_usbd_common.c.obj)
                0x00000000000f7cb4                nrf_usbd_common_ep_abort
 .text.nrf_usbd_common_disable
                0x00000000000f7ce8       0xd4 zephyr/drivers/usb/common/nrf_usbd_common/libdrivers__usb__common__nrf_usbd_common.a(nrf_usbd_common.c.obj)
                0x00000000000f7ce8                nrf_usbd_common_disable
 .text.nrf_usbd_common_ep_disable
                0x00000000000f7dbc       0x60 zephyr/drivers/usb/common/nrf_usbd_common/libdrivers__usb__common__nrf_usbd_common.a(nrf_usbd_common.c.obj)
                0x00000000000f7dbc                nrf_usbd_common_ep_disable
 .text.nrf_usbd_common_ep_enable
                0x00000000000f7e1c       0x70 zephyr/drivers/usb/common/nrf_usbd_common/libdrivers__usb__common__nrf_usbd_common.a(nrf_usbd_common.c.obj)
                0x00000000000f7e1c                nrf_usbd_common_ep_enable
 .text.nrf_usbd_common_ep_stall_clear
                0x00000000000f7e8c       0x20 zephyr/drivers/usb/common/nrf_usbd_common/libdrivers__usb__common__nrf_usbd_common.a(nrf_usbd_common.c.obj)
                0x00000000000f7e8c                nrf_usbd_common_ep_stall_clear
 .text.onoff_stop
                0x00000000000f7eac       0x30 zephyr/drivers/clock_control/libdrivers__clock_control.a(clock_control_nrf.c.obj)
 .text.onoff_start
                0x00000000000f7edc       0x44 zephyr/drivers/clock_control/libdrivers__clock_control.a(clock_control_nrf.c.obj)
 .text.generic_hfclk_stop
                0x00000000000f7f20       0x34 zephyr/drivers/clock_control/libdrivers__clock_control.a(clock_control_nrf.c.obj)
 .text.clk_init
                0x00000000000f7f54       0x58 zephyr/drivers/clock_control/libdrivers__clock_control.a(clock_control_nrf.c.obj)
 .text.api_blocking_start
                0x00000000000f7fac       0x3c zephyr/drivers/clock_control/libdrivers__clock_control.a(clock_control_nrf.c.obj)
 .text.clkstarted_handle.constprop.0
                0x00000000000f7fe8       0x4c zephyr/drivers/clock_control/libdrivers__clock_control.a(clock_control_nrf.c.obj)
 .text.generic_hfclk_start
                0x00000000000f8034       0x78 zephyr/drivers/clock_control/libdrivers__clock_control.a(clock_control_nrf.c.obj)
 .text.clock_event_handler
                0x00000000000f80ac       0x1c zephyr/drivers/clock_control/libdrivers__clock_control.a(clock_control_nrf.c.obj)
 .text.z_nrf_clock_control_get_onoff
                0x00000000000f80c8       0x10 zephyr/drivers/clock_control/libdrivers__clock_control.a(clock_control_nrf.c.obj)
                0x00000000000f80c8                z_nrf_clock_control_get_onoff
 .text.z_nrf_clock_control_lf_on
                0x00000000000f80d8       0xfc zephyr/drivers/clock_control/libdrivers__clock_control.a(clock_control_nrf.c.obj)
                0x00000000000f80d8                z_nrf_clock_control_lf_on
 .text.uart_console_init
                0x00000000000f81d4       0x28 zephyr/drivers/console/libdrivers__console.a(uart_console.c.obj)
 .text.console_out
                0x00000000000f81fc       0x28 zephyr/drivers/console/libdrivers__console.a(uart_console.c.obj)
 .text.qspi_get_zephyr_ret_code
                0x00000000000f8224       0x1c zephyr/drivers/flash/libdrivers__flash.a(nrf_qspi_nor.c.obj)
 .text.qspi_nor_pages_layout
                0x00000000000f8240       0x10 zephyr/drivers/flash/libdrivers__flash.a(nrf_qspi_nor.c.obj)
 .text.qspi_flash_get_parameters
                0x00000000000f8250        0x8 zephyr/drivers/flash/libdrivers__flash.a(nrf_qspi_nor.c.obj)
 .text.nrf_qspi_pins_set.constprop.0
                0x00000000000f8258       0x5c zephyr/drivers/flash/libdrivers__flash.a(nrf_qspi_nor.c.obj)
 .text.qspi_wait_for_completion.isra.0
                0x00000000000f82b4       0x1c zephyr/drivers/flash/libdrivers__flash.a(nrf_qspi_nor.c.obj)
 .text.qspi_nor_init
                0x00000000000f82d0      0x1a8 zephyr/drivers/flash/libdrivers__flash.a(nrf_qspi_nor.c.obj)
 .text.qspi_nor_erase
                0x00000000000f8478       0xf4 zephyr/drivers/flash/libdrivers__flash.a(nrf_qspi_nor.c.obj)
 .text.qspi_nor_write
                0x00000000000f856c      0x110 zephyr/drivers/flash/libdrivers__flash.a(nrf_qspi_nor.c.obj)
 .text.qspi_nor_read
                0x00000000000f867c      0x13c zephyr/drivers/flash/libdrivers__flash.a(nrf_qspi_nor.c.obj)
 .text.flash_nrf_pages_layout
                0x00000000000f87b8       0x10 zephyr/drivers/flash/libdrivers__flash.a(soc_flash_nrf.c.obj)
 .text.flash_nrf_get_parameters
                0x00000000000f87c8        0x8 zephyr/drivers/flash/libdrivers__flash.a(soc_flash_nrf.c.obj)
 .text.nrf_flash_init
                0x00000000000f87d0       0x28 zephyr/drivers/flash/libdrivers__flash.a(soc_flash_nrf.c.obj)
 .text.restore_pofwarn.part.0
                0x00000000000f87f8       0x2c zephyr/drivers/flash/libdrivers__flash.a(soc_flash_nrf.c.obj)
 .text.suspend_pofwarn
                0x00000000000f8824       0x58 zephyr/drivers/flash/libdrivers__flash.a(soc_flash_nrf.c.obj)
 .text.flash_nrf_erase
                0x00000000000f887c       0x88 zephyr/drivers/flash/libdrivers__flash.a(soc_flash_nrf.c.obj)
 .text.flash_nrf_write
                0x00000000000f8904       0x8c zephyr/drivers/flash/libdrivers__flash.a(soc_flash_nrf.c.obj)
 .text.gpio_nrfx_pin_interrupt_configure
                0x00000000000f8990      0x100 zephyr/drivers/gpio/libdrivers__gpio.a(gpio_nrfx.c.obj)
 .text.gpio_nrfx_init
                0x00000000000f8a90       0x48 zephyr/drivers/gpio/libdrivers__gpio.a(gpio_nrfx.c.obj)
 .text.nrfx_gpio_handler
                0x00000000000f8ad8       0x4c zephyr/drivers/gpio/libdrivers__gpio.a(gpio_nrfx.c.obj)
 .text.gpio_nrfx_pin_configure
                0x00000000000f8b24      0x18c zephyr/drivers/gpio/libdrivers__gpio.a(gpio_nrfx.c.obj)
 .text.nrf_gpio_pin_port_decode
                0x00000000000f8cb0       0x20 zephyr/drivers/pinctrl/libdrivers__pinctrl.a(pinctrl_nrf.c.obj)
 .text.pinctrl_configure_pins
                0x00000000000f8cd0      0x1a4 zephyr/drivers/pinctrl/libdrivers__pinctrl.a(pinctrl_nrf.c.obj)
                0x00000000000f8cd0                pinctrl_configure_pins
 .text.uarte_0_init
                0x00000000000f8e74       0xdc zephyr/drivers/serial/libdrivers__serial.a(uart_nrfx_uarte.c.obj)
 .text.uarte_nrfx_poll_out
                0x00000000000f8f50       0x98 zephyr/drivers/serial/libdrivers__serial.a(uart_nrfx_uarte.c.obj)
 .text.compare_int_lock
                0x00000000000f8fe8       0x48 zephyr/drivers/timer/libdrivers__timer.a(nrf_rtc_timer.c.obj)
 .text.sys_clock_timeout_handler
                0x00000000000f9030       0x48 zephyr/drivers/timer/libdrivers__timer.a(nrf_rtc_timer.c.obj)
 .text.compare_int_unlock
                0x00000000000f9078       0x5c zephyr/drivers/timer/libdrivers__timer.a(nrf_rtc_timer.c.obj)
 .text.z_nrf_rtc_timer_read
                0x00000000000f90d4       0x44 zephyr/drivers/timer/libdrivers__timer.a(nrf_rtc_timer.c.obj)
                0x00000000000f90d4                z_nrf_rtc_timer_read
 .text.compare_set
                0x00000000000f9118      0x130 zephyr/drivers/timer/libdrivers__timer.a(nrf_rtc_timer.c.obj)
 .text.sys_clock_driver_init
                0x00000000000f9248       0x90 zephyr/drivers/timer/libdrivers__timer.a(nrf_rtc_timer.c.obj)
 .text.rtc_nrf_isr
                0x00000000000f92d8       0xd4 zephyr/drivers/timer/libdrivers__timer.a(nrf_rtc_timer.c.obj)
                0x00000000000f92d8                rtc_nrf_isr
 .text.sys_clock_set_timeout
                0x00000000000f93ac       0x5c zephyr/drivers/timer/libdrivers__timer.a(nrf_rtc_timer.c.obj)
                0x00000000000f93ac                sys_clock_set_timeout
 .text.sys_clock_elapsed
                0x00000000000f9408       0x14 zephyr/drivers/timer/libdrivers__timer.a(nrf_rtc_timer.c.obj)
                0x00000000000f9408                sys_clock_elapsed
 .text.nrf52_errata_98
                0x00000000000f941c       0x24 modules/hal_nordic/nrfx/libmodules__hal_nordic__nrfx.a(system_nrf52840.c.obj)
 .text.nvmc_wait
                0x00000000000f9440       0x10 modules/hal_nordic/nrfx/libmodules__hal_nordic__nrfx.a(system_nrf52840.c.obj)
                0x00000000000f9440                nvmc_wait
 .text.SystemInit
                0x00000000000f9450      0x1bc modules/hal_nordic/nrfx/libmodules__hal_nordic__nrfx.a(system_nrf52840.c.obj)
                0x00000000000f9450                SystemInit
 .text.nrfx_flag32_alloc
                0x00000000000f960c       0x48 modules/hal_nordic/nrfx/libmodules__hal_nordic__nrfx.a(nrfx_flag32_allocator.c.obj)
                0x00000000000f960c                nrfx_flag32_alloc
 .text.nrfx_flag32_free
                0x00000000000f9654       0x40 modules/hal_nordic/nrfx/libmodules__hal_nordic__nrfx.a(nrfx_flag32_allocator.c.obj)
                0x00000000000f9654                nrfx_flag32_free
 .text.nrfx_gppi_channels_enable
                0x00000000000f9694        0xc modules/hal_nordic/nrfx/libmodules__hal_nordic__nrfx.a(nrfx_gppi_ppi.c.obj)
                0x00000000000f9694                nrfx_gppi_channels_enable
 .text.clock_stop
                0x00000000000f96a0       0xc4 modules/hal_nordic/nrfx/libmodules__hal_nordic__nrfx.a(nrfx_clock.c.obj)
 .text.nrfx_clock_init
                0x00000000000f9764       0x20 modules/hal_nordic/nrfx/libmodules__hal_nordic__nrfx.a(nrfx_clock.c.obj)
                0x00000000000f9764                nrfx_clock_init
 .text.nrfx_clock_enable
                0x00000000000f9784       0x30 modules/hal_nordic/nrfx/libmodules__hal_nordic__nrfx.a(nrfx_clock.c.obj)
                0x00000000000f9784                nrfx_clock_enable
 .text.nrfx_clock_start
                0x00000000000f97b4       0xa8 modules/hal_nordic/nrfx/libmodules__hal_nordic__nrfx.a(nrfx_clock.c.obj)
                0x00000000000f97b4                nrfx_clock_start
 .text.nrfx_clock_irq_handler
                0x00000000000f985c       0x68 modules/hal_nordic/nrfx/libmodules__hal_nordic__nrfx.a(nrfx_clock.c.obj)
                0x00000000000f985c                nrfx_clock_irq_handler
 .text.nrf_gpio_pin_port_decode
                0x00000000000f98c4       0x20 modules/hal_nordic/nrfx/libmodules__hal_nordic__nrfx.a(nrfx_gpiote.c.obj)
 .text.get_pin_idx
                0x00000000000f98e4       0x14 modules/hal_nordic/nrfx/libmodules__hal_nordic__nrfx.a(nrfx_gpiote.c.obj)
 .text.call_handler.constprop.0
                0x00000000000f98f8       0x40 modules/hal_nordic/nrfx/libmodules__hal_nordic__nrfx.a(nrfx_gpiote.c.obj)
 .text.pin_te_get.constprop.0
                0x00000000000f9938       0x18 modules/hal_nordic/nrfx/libmodules__hal_nordic__nrfx.a(nrfx_gpiote.c.obj)
 .text.pin_is_output.constprop.0
                0x00000000000f9950       0x18 modules/hal_nordic/nrfx/libmodules__hal_nordic__nrfx.a(nrfx_gpiote.c.obj)
 .text.pin_in_use_by_te.constprop.0
                0x00000000000f9968       0x18 modules/hal_nordic/nrfx/libmodules__hal_nordic__nrfx.a(nrfx_gpiote.c.obj)
 .text.latch_pending_read_and_check
                0x00000000000f9980       0x40 modules/hal_nordic/nrfx/libmodules__hal_nordic__nrfx.a(nrfx_gpiote.c.obj)
 .text.release_handler.isra.0
                0x00000000000f99c0       0x58 modules/hal_nordic/nrfx/libmodules__hal_nordic__nrfx.a(nrfx_gpiote.c.obj)
 .text.__nrfy_internal_gpiote_events_process.constprop.0
                0x00000000000f9a18       0x5c modules/hal_nordic/nrfx/libmodules__hal_nordic__nrfx.a(nrfx_gpiote.c.obj)
 .text.pin_uninit
                0x00000000000f9a74       0x80 modules/hal_nordic/nrfx/libmodules__hal_nordic__nrfx.a(nrfx_gpiote.c.obj)
 .text.nrfx_gpiote_input_configure
                0x00000000000f9af4      0x174 modules/hal_nordic/nrfx/libmodules__hal_nordic__nrfx.a(nrfx_gpiote.c.obj)
                0x00000000000f9af4                nrfx_gpiote_input_configure
 .text.nrfx_gpiote_output_configure
                0x00000000000f9c68       0xfc modules/hal_nordic/nrfx/libmodules__hal_nordic__nrfx.a(nrfx_gpiote.c.obj)
                0x00000000000f9c68                nrfx_gpiote_output_configure
 .text.nrfx_gpiote_global_callback_set
                0x00000000000f9d64        0xc modules/hal_nordic/nrfx/libmodules__hal_nordic__nrfx.a(nrfx_gpiote.c.obj)
                0x00000000000f9d64                nrfx_gpiote_global_callback_set
 .text.nrfx_gpiote_channel_get
                0x00000000000f9d70       0x34 modules/hal_nordic/nrfx/libmodules__hal_nordic__nrfx.a(nrfx_gpiote.c.obj)
                0x00000000000f9d70                nrfx_gpiote_channel_get
 .text.nrfx_gpiote_init
                0x00000000000f9da4       0x68 modules/hal_nordic/nrfx/libmodules__hal_nordic__nrfx.a(nrfx_gpiote.c.obj)
                0x00000000000f9da4                nrfx_gpiote_init
 .text.nrfx_gpiote_init_check
                0x00000000000f9e0c       0x14 modules/hal_nordic/nrfx/libmodules__hal_nordic__nrfx.a(nrfx_gpiote.c.obj)
                0x00000000000f9e0c                nrfx_gpiote_init_check
 .text.nrfx_gpiote_channel_free
                0x00000000000f9e20        0xc modules/hal_nordic/nrfx/libmodules__hal_nordic__nrfx.a(nrfx_gpiote.c.obj)
                0x00000000000f9e20                nrfx_gpiote_channel_free
 .text.nrfx_gpiote_channel_alloc
                0x00000000000f9e2c        0xc modules/hal_nordic/nrfx/libmodules__hal_nordic__nrfx.a(nrfx_gpiote.c.obj)
                0x00000000000f9e2c                nrfx_gpiote_channel_alloc
 .text.nrfx_gpiote_trigger_enable
                0x00000000000f9e38       0xb0 modules/hal_nordic/nrfx/libmodules__hal_nordic__nrfx.a(nrfx_gpiote.c.obj)
                0x00000000000f9e38                nrfx_gpiote_trigger_enable
 .text.nrfx_gpiote_0_irq_handler
                0x00000000000f9ee8      0x1bc modules/hal_nordic/nrfx/libmodules__hal_nordic__nrfx.a(nrfx_gpiote.c.obj)
                0x00000000000f9ee8                nrfx_gpiote_0_irq_handler
 .text.nvmc_word_write
                0x00000000000fa0a4       0x18 modules/hal_nordic/nrfx/libmodules__hal_nordic__nrfx.a(nrfx_nvmc.c.obj)
 .text.nrfx_nvmc_page_erase
                0x00000000000fa0bc       0x40 modules/hal_nordic/nrfx/libmodules__hal_nordic__nrfx.a(nrfx_nvmc.c.obj)
                0x00000000000fa0bc                nrfx_nvmc_page_erase
 .text.nrfx_nvmc_word_write
                0x00000000000fa0fc       0x1c modules/hal_nordic/nrfx/libmodules__hal_nordic__nrfx.a(nrfx_nvmc.c.obj)
                0x00000000000fa0fc                nrfx_nvmc_word_write
 .text.nrfx_power_init
                0x00000000000fa118       0x74 modules/hal_nordic/nrfx/libmodules__hal_nordic__nrfx.a(nrfx_power.c.obj)
                0x00000000000fa118                nrfx_power_init
 .text.nrfx_power_usbevt_uninit
                0x00000000000fa18c       0x18 modules/hal_nordic/nrfx/libmodules__hal_nordic__nrfx.a(nrfx_power.c.obj)
                0x00000000000fa18c                nrfx_power_usbevt_uninit
 .text.nrfx_power_usbevt_init
                0x00000000000fa1a4       0x14 modules/hal_nordic/nrfx/libmodules__hal_nordic__nrfx.a(nrfx_power.c.obj)
                0x00000000000fa1a4                nrfx_power_usbevt_init
 .text.nrfx_power_irq_handler
                0x00000000000fa1b8       0xa0 modules/hal_nordic/nrfx/libmodules__hal_nordic__nrfx.a(nrfx_power.c.obj)
                0x00000000000fa1b8                nrfx_power_irq_handler
 .text.nrfx_ppi_channel_alloc
                0x00000000000fa258        0xc modules/hal_nordic/nrfx/libmodules__hal_nordic__nrfx.a(nrfx_ppi.c.obj)
                0x00000000000fa258                nrfx_ppi_channel_alloc
 .text.qspi_ready_wait
                0x00000000000fa264       0x54 modules/hal_nordic/nrfx/libmodules__hal_nordic__nrfx.a(nrfx_qspi.c.obj)
 .text.qspi_activate
                0x00000000000fa2b8       0x34 modules/hal_nordic/nrfx/libmodules__hal_nordic__nrfx.a(nrfx_qspi.c.obj)
 .text.qspi_xfer
                0x00000000000fa2ec       0xe8 modules/hal_nordic/nrfx/libmodules__hal_nordic__nrfx.a(nrfx_qspi.c.obj)
 .text.qspi_event_xfer_handle.constprop.0
                0x00000000000fa3d4       0x28 modules/hal_nordic/nrfx/libmodules__hal_nordic__nrfx.a(nrfx_qspi.c.obj)
 .text.nrf_gpio_cfg.constprop.0
                0x00000000000fa3fc       0x44 modules/hal_nordic/nrfx/libmodules__hal_nordic__nrfx.a(nrfx_qspi.c.obj)
 .text.nrf_qspi_cinstrdata_get.constprop.0
                0x00000000000fa440       0x40 modules/hal_nordic/nrfx/libmodules__hal_nordic__nrfx.a(nrfx_qspi.c.obj)
 .text.nrf_qspi_cinstrdata_set.constprop.0
                0x00000000000fa480       0x64 modules/hal_nordic/nrfx/libmodules__hal_nordic__nrfx.a(nrfx_qspi.c.obj)
 .text.nrf_qspi_pins_set.constprop.0
                0x00000000000fa4e4       0x5c modules/hal_nordic/nrfx/libmodules__hal_nordic__nrfx.a(nrfx_qspi.c.obj)
 .text.qspi_deactivate
                0x00000000000fa540       0x34 modules/hal_nordic/nrfx/libmodules__hal_nordic__nrfx.a(nrfx_qspi.c.obj)
 .text.qspi_workaround_215_43_apply
                0x00000000000fa574       0x70 modules/hal_nordic/nrfx/libmodules__hal_nordic__nrfx.a(nrfx_qspi.c.obj)
 .text.qspi_configure
                0x00000000000fa5e4       0xec modules/hal_nordic/nrfx/libmodules__hal_nordic__nrfx.a(nrfx_qspi.c.obj)
 .text.nrfx_qspi_init
                0x00000000000fa6d0       0x40 modules/hal_nordic/nrfx/libmodules__hal_nordic__nrfx.a(nrfx_qspi.c.obj)
                0x00000000000fa6d0                nrfx_qspi_init
 .text.nrfx_qspi_cinstr_xfer
                0x00000000000fa710       0xac modules/hal_nordic/nrfx/libmodules__hal_nordic__nrfx.a(nrfx_qspi.c.obj)
                0x00000000000fa710                nrfx_qspi_cinstr_xfer
 .text.nrfx_qspi_activate
                0x00000000000fa7bc       0x18 modules/hal_nordic/nrfx/libmodules__hal_nordic__nrfx.a(nrfx_qspi.c.obj)
                0x00000000000fa7bc                nrfx_qspi_activate
 .text.nrfx_qspi_deactivate
                0x00000000000fa7d4       0x24 modules/hal_nordic/nrfx/libmodules__hal_nordic__nrfx.a(nrfx_qspi.c.obj)
                0x00000000000fa7d4                nrfx_qspi_deactivate
 .text.nrfx_qspi_init_check
                0x00000000000fa7f8       0x14 modules/hal_nordic/nrfx/libmodules__hal_nordic__nrfx.a(nrfx_qspi.c.obj)
                0x00000000000fa7f8                nrfx_qspi_init_check
 .text.nrfx_qspi_erase
                0x00000000000fa80c       0x9c modules/hal_nordic/nrfx/libmodules__hal_nordic__nrfx.a(nrfx_qspi.c.obj)
                0x00000000000fa80c                nrfx_qspi_erase
 .text.nrfx_qspi_irq_handler
                0x00000000000fa8a8       0x94 modules/hal_nordic/nrfx/libmodules__hal_nordic__nrfx.a(nrfx_qspi.c.obj)
                0x00000000000fa8a8                nrfx_qspi_irq_handler
 .text.boot_write_magic
                0x00000000000fa93c       0x44 modules/mcuboot/libmcuboot_util.a(bootutil_public.c.obj)
                0x00000000000fa93c                boot_write_magic
 .text.boot_read_swap_state
                0x00000000000fa980       0xac modules/mcuboot/libmcuboot_util.a(bootutil_public.c.obj)
                0x00000000000fa980                boot_read_swap_state
 .text.boot_set_pending_multi
                0x00000000000faa2c       0x38 modules/mcuboot/libmcuboot_util.a(bootutil_public.c.obj)
                0x00000000000faa2c                boot_set_pending_multi
 .text.z_fatal_error
                0x00000000000faa64       0x30 zephyr/kernel/libkernel.a(fatal.c.obj)
                0x00000000000faa64                z_fatal_error
 .text.z_sys_init_run_level
                0x00000000000faa94       0x2c zephyr/kernel/libkernel.a(init.c.obj)
 .text.bg_thread_main
                0x00000000000faac0       0xc4 zephyr/kernel/libkernel.a(init.c.obj)
 .text.z_bss_zero
                0x00000000000fab84       0x18 zephyr/kernel/libkernel.a(init.c.obj)
                0x00000000000fab84                z_bss_zero
 .text.z_init_cpu
                0x00000000000fab9c       0x70 zephyr/kernel/libkernel.a(init.c.obj)
                0x00000000000fab9c                z_init_cpu
 .text.z_cstart
                0x00000000000fac0c       0xdc zephyr/kernel/libkernel.a(init.c.obj)
                0x00000000000fac0c                z_cstart
 .text.init_mem_slab_obj_core_list
                0x00000000000face8       0x24 zephyr/kernel/libkernel.a(mem_slab.c.obj)
 .text.k_mem_slab_alloc
                0x00000000000fad0c       0x5c zephyr/kernel/libkernel.a(mem_slab.c.obj)
                0x00000000000fad0c                k_mem_slab_alloc
 .text.z_impl_k_mutex_lock
                0x00000000000fad68       0xf0 zephyr/kernel/libkernel.a(mutex.c.obj)
                0x00000000000fad68                z_impl_k_mutex_lock
 .text.z_impl_k_mutex_unlock
                0x00000000000fae58       0x78 zephyr/kernel/libkernel.a(mutex.c.obj)
                0x00000000000fae58                z_impl_k_mutex_unlock
 .text.z_impl_k_queue_get
                0x00000000000faed0       0x64 zephyr/kernel/libkernel.a(queue.c.obj)
                0x00000000000faed0                z_impl_k_queue_get
 .text.z_impl_k_sem_give
                0x00000000000faf34       0x48 zephyr/kernel/libkernel.a(sem.c.obj)
                0x00000000000faf34                z_impl_k_sem_give
 .text.z_impl_k_sem_take
                0x00000000000faf7c       0x4c zephyr/kernel/libkernel.a(sem.c.obj)
                0x00000000000faf7c                z_impl_k_sem_take
 .text.work_queue_main
                0x00000000000fafc8      0x144 zephyr/kernel/libkernel.a(work.c.obj)
 .text.submit_to_queue_locked
                0x00000000000fb10c       0xb4 zephyr/kernel/libkernel.a(work.c.obj)
 .text.k_work_queue_start
                0x00000000000fb1c0       0x7c zephyr/kernel/libkernel.a(work.c.obj)
                0x00000000000fb1c0                k_work_queue_start
 .text.k_work_schedule_for_queue
                0x00000000000fb23c       0x54 zephyr/kernel/libkernel.a(work.c.obj)
                0x00000000000fb23c                k_work_schedule_for_queue
 .text.k_work_reschedule_for_queue
                0x00000000000fb290       0x5c zephyr/kernel/libkernel.a(work.c.obj)
                0x00000000000fb290                k_work_reschedule_for_queue
 .text.z_setup_new_thread
                0x00000000000fb2ec       0x98 zephyr/kernel/libkernel.a(thread.c.obj)
                0x00000000000fb2ec                z_setup_new_thread
 .text.z_impl_k_thread_create
                0x00000000000fb384       0x58 zephyr/kernel/libkernel.a(thread.c.obj)
                0x00000000000fb384                z_impl_k_thread_create
 .text.update_cache
                0x00000000000fb3dc       0x3c zephyr/kernel/libkernel.a(sched.c.obj)
 .text.unready_thread
                0x00000000000fb418       0x30 zephyr/kernel/libkernel.a(sched.c.obj)
 .text.ready_thread
                0x00000000000fb448       0x68 zephyr/kernel/libkernel.a(sched.c.obj)
 .text.z_thread_halt
                0x00000000000fb4b0       0xdc zephyr/kernel/libkernel.a(sched.c.obj)
 .text.move_thread_to_end_of_prio_q
                0x00000000000fb58c       0x74 zephyr/kernel/libkernel.a(sched.c.obj)
                0x00000000000fb58c                move_thread_to_end_of_prio_q
 .text.z_pend_curr
                0x00000000000fb600       0x58 zephyr/kernel/libkernel.a(sched.c.obj)
                0x00000000000fb600                z_pend_curr
 .text.z_thread_prio_set
                0x00000000000fb658       0x88 zephyr/kernel/libkernel.a(sched.c.obj)
                0x00000000000fb658                z_thread_prio_set
 .text.z_reschedule
                0x00000000000fb6e0       0x24 zephyr/kernel/libkernel.a(sched.c.obj)
                0x00000000000fb6e0                z_reschedule
 .text.z_sched_start
                0x00000000000fb704       0x3c zephyr/kernel/libkernel.a(sched.c.obj)
                0x00000000000fb704                z_sched_start
 .text.z_reschedule_irqlock
                0x00000000000fb740       0x28 zephyr/kernel/libkernel.a(sched.c.obj)
                0x00000000000fb740                z_reschedule_irqlock
 .text.k_sched_lock
                0x00000000000fb768       0x28 zephyr/kernel/libkernel.a(sched.c.obj)
                0x00000000000fb768                k_sched_lock
 .text.k_sched_unlock
                0x00000000000fb790       0x40 zephyr/kernel/libkernel.a(sched.c.obj)
                0x00000000000fb790                k_sched_unlock
 .text.z_sched_init
                0x00000000000fb7d0       0x10 zephyr/kernel/libkernel.a(sched.c.obj)
                0x00000000000fb7d0                z_sched_init
 .text.z_impl_k_yield
                0x00000000000fb7e0       0x7c zephyr/kernel/libkernel.a(sched.c.obj)
                0x00000000000fb7e0                z_impl_k_yield
 .text.z_tick_sleep
                0x00000000000fb85c       0x88 zephyr/kernel/libkernel.a(sched.c.obj)
 .text.z_impl_k_sleep
                0x00000000000fb8e4       0x3c zephyr/kernel/libkernel.a(sched.c.obj)
                0x00000000000fb8e4                z_impl_k_sleep
 .text.z_impl_k_usleep
                0x00000000000fb920       0x3c zephyr/kernel/libkernel.a(sched.c.obj)
                0x00000000000fb920                z_impl_k_usleep
 .text.z_impl_k_sched_current_thread_query
                0x00000000000fb95c        0xc zephyr/kernel/libkernel.a(sched.c.obj)
                0x00000000000fb95c                z_impl_k_sched_current_thread_query
 .text.z_sched_wait
                0x00000000000fb968       0x24 zephyr/kernel/libkernel.a(sched.c.obj)
                0x00000000000fb968                z_sched_wait
 .text.slice_timeout
                0x00000000000fb98c       0x20 zephyr/kernel/libkernel.a(timeslicing.c.obj)
 .text.thread_is_sliceable
                0x00000000000fb9ac       0x3c zephyr/kernel/libkernel.a(timeslicing.c.obj)
                0x00000000000fb9ac                thread_is_sliceable
 .text.z_reset_time_slice
                0x00000000000fb9e8       0x50 zephyr/kernel/libkernel.a(timeslicing.c.obj)
                0x00000000000fb9e8                z_reset_time_slice
 .text.z_time_slice
                0x00000000000fba38       0x60 zephyr/kernel/libkernel.a(timeslicing.c.obj)
                0x00000000000fba38                z_time_slice
 .text.z_data_copy
                0x00000000000fba98       0x34 zephyr/kernel/libkernel.a(xip.c.obj)
                0x00000000000fba98                z_data_copy
 .text.elapsed  0x00000000000fbacc       0x14 zephyr/kernel/libkernel.a(timeout.c.obj)
 .text.remove_timeout
                0x00000000000fbae0       0x38 zephyr/kernel/libkernel.a(timeout.c.obj)
 .text.next_timeout
                0x00000000000fbb18       0x40 zephyr/kernel/libkernel.a(timeout.c.obj)
 .text.z_add_timeout
                0x00000000000fbb58       0xf4 zephyr/kernel/libkernel.a(timeout.c.obj)
                0x00000000000fbb58                z_add_timeout
 .text.sys_clock_announce
                0x00000000000fbc4c       0xd0 zephyr/kernel/libkernel.a(timeout.c.obj)
                0x00000000000fbc4c                sys_clock_announce
 .text.sys_clock_tick_get
                0x00000000000fbd1c       0x30 zephyr/kernel/libkernel.a(timeout.c.obj)
                0x00000000000fbd1c                sys_clock_tick_get
 .text.z_impl_k_poll_signal_raise
                0x00000000000fbd4c       0x50 zephyr/kernel/libkernel.a(poll.c.obj)
                0x00000000000fbd4c                z_impl_k_poll_signal_raise
 .text.z_thread_aligned_alloc
                0x00000000000fbd9c       0x40 zephyr/kernel/libkernel.a(mempool.c.obj)
                0x00000000000fbd9c                z_thread_aligned_alloc
 .text.boot_banner
                0x00000000000fbddc        0xc zephyr/kernel/libkernel.a(banner.c.obj)
                0x00000000000fbddc                boot_banner
 .text.statics_init
                0x00000000000fbde8       0x24 zephyr/kernel/libkernel.a(kheap.c.obj)
 .text.k_sys_work_q_init
                0x00000000000fbe0c       0x34 zephyr/kernel/libkernel.a(system_work_q.c.obj)
 .text.__l_vfprintf
                0x00000000000fbe40      0x4b8 /home/mhn/zephyr-sdk-0.16.8/arm-zephyr-eabi/bin/../lib/gcc/../../picolibc/arm-zephyr-eabi/lib/thumb/v7e-m/nofp/libc.a(libc_tinystdio_vflprintf.c.o)
                0x00000000000fbe40                __l_vfprintf
 .text._OffsetAbsSyms
                0x00000000000fc2f8        0x2 zephyr/CMakeFiles/offsets.dir/./arch/arm/core/offsets/offsets.c.obj
                0x00000000000fc2f8                _OffsetAbsSyms
 .text.main     0x00000000000fc2fa        0xc app/libapp.a(main.c.obj)
                0x00000000000fc2fa                main
 .text.chunk_size
                0x00000000000fc306        0xa zephyr/libzephyr.a(heap.c.obj)
 .text.free_list_add
                0x00000000000fc310       0x4e zephyr/libzephyr.a(heap.c.obj)
 .text.free_list_remove_bidx
                0x00000000000fc35e       0x3a zephyr/libzephyr.a(heap.c.obj)
 .text.free_list_remove
                0x00000000000fc398       0x1a zephyr/libzephyr.a(heap.c.obj)
 .text.alloc_chunk
                0x00000000000fc3b2       0x6e zephyr/libzephyr.a(heap.c.obj)
 .text.merge_chunks
                0x00000000000fc420       0x2c zephyr/libzephyr.a(heap.c.obj)
 .text.split_chunks
                0x00000000000fc44c       0x34 zephyr/libzephyr.a(heap.c.obj)
 .text.free_chunk
                0x00000000000fc480       0x62 zephyr/libzephyr.a(heap.c.obj)
 .text.sys_heap_free
                0x00000000000fc4e2       0x1e zephyr/libzephyr.a(heap.c.obj)
                0x00000000000fc4e2                sys_heap_free
 .text.sys_heap_alloc
                0x00000000000fc500       0x52 zephyr/libzephyr.a(heap.c.obj)
                0x00000000000fc500                sys_heap_alloc
 .text.sys_heap_aligned_alloc
                0x00000000000fc552       0xd0 zephyr/libzephyr.a(heap.c.obj)
                0x00000000000fc552                sys_heap_aligned_alloc
 .text.sys_heap_init
                0x00000000000fc622       0x7a zephyr/libzephyr.a(heap.c.obj)
                0x00000000000fc622                sys_heap_init
 .text.arch_printk_char_out
                0x00000000000fc69c        0x4 zephyr/libzephyr.a(printk.c.obj)
                0x00000000000fc69c                arch_printk_char_out
 .text.printk   0x00000000000fc6a0       0x1a zephyr/libzephyr.a(printk.c.obj)
                0x00000000000fc6a0                printk
 .text.sys_slist_find_and_remove
                0x00000000000fc6ba       0x36 zephyr/libzephyr.a(onoff.c.obj)
 .text.process_recheck
                0x00000000000fc6f0       0x38 zephyr/libzephyr.a(onoff.c.obj)
 .text.validate_args
                0x00000000000fc728       0x20 zephyr/libzephyr.a(onoff.c.obj)
 .text.notify_one
                0x00000000000fc748       0x2c zephyr/libzephyr.a(onoff.c.obj)
 .text.transition_complete
                0x00000000000fc774       0x1a zephyr/libzephyr.a(onoff.c.obj)
 .text.onoff_manager_init
                0x00000000000fc78e       0x26 zephyr/libzephyr.a(onoff.c.obj)
                0x00000000000fc78e                onoff_manager_init
 .text.onoff_request
                0x00000000000fc7b4       0xae zephyr/libzephyr.a(onoff.c.obj)
                0x00000000000fc7b4                onoff_request
 .text.onoff_release
                0x00000000000fc862       0x48 zephyr/libzephyr.a(onoff.c.obj)
                0x00000000000fc862                onoff_release
 .text.onoff_cancel
                0x00000000000fc8aa       0x36 zephyr/libzephyr.a(onoff.c.obj)
                0x00000000000fc8aa                onoff_cancel
 .text.sys_notify_validate
                0x00000000000fc8e0       0x28 zephyr/libzephyr.a(notify.c.obj)
                0x00000000000fc8e0                sys_notify_validate
 .text.sys_notify_finalize
                0x00000000000fc908       0x32 zephyr/libzephyr.a(notify.c.obj)
                0x00000000000fc908                sys_notify_finalize
 .text.ring_buf_put_claim
                0x00000000000fc93a       0x3e zephyr/libzephyr.a(ring_buffer.c.obj)
                0x00000000000fc93a                ring_buf_put_claim
 .text.ring_buf_put_finish
                0x00000000000fc978       0x2a zephyr/libzephyr.a(ring_buffer.c.obj)
                0x00000000000fc978                ring_buf_put_finish
 .text.ring_buf_put
                0x00000000000fc9a2       0x3e zephyr/libzephyr.a(ring_buffer.c.obj)
                0x00000000000fc9a2                ring_buf_put
 .text.ring_buf_get_claim
                0x00000000000fc9e0       0x40 zephyr/libzephyr.a(ring_buffer.c.obj)
                0x00000000000fc9e0                ring_buf_get_claim
 .text.ring_buf_get_finish
                0x00000000000fca20       0x2a zephyr/libzephyr.a(ring_buffer.c.obj)
                0x00000000000fca20                ring_buf_get_finish
 .text.ring_buf_get
                0x00000000000fca4a       0x40 zephyr/libzephyr.a(ring_buffer.c.obj)
                0x00000000000fca4a                ring_buf_get
 .text._ConfigAbsSyms
                0x00000000000fca8a        0x2 zephyr/libzephyr.a(configs.c.obj)
                0x00000000000fca8a                _ConfigAbsSyms
 .text.flash_area_close
                0x00000000000fca8c        0x2 zephyr/libzephyr.a(flash_map.c.obj)
                0x00000000000fca8c                flash_area_close
 .text.flash_area_read
                0x00000000000fca8e       0x2a zephyr/libzephyr.a(flash_map.c.obj)
                0x00000000000fca8e                flash_area_read
 .text.flash_area_write
                0x00000000000fcab8       0x2a zephyr/libzephyr.a(flash_map.c.obj)
                0x00000000000fcab8                flash_area_write
 .text.flash_area_erase
                0x00000000000fcae2       0x30 zephyr/libzephyr.a(flash_map.c.obj)
                0x00000000000fcae2                flash_area_erase
 .text.flash_area_align
                0x00000000000fcb12        0xe zephyr/libzephyr.a(flash_map.c.obj)
                0x00000000000fcb12                flash_area_align
 .text.flash_area_get_device
                0x00000000000fcb20        0x4 zephyr/libzephyr.a(flash_map.c.obj)
                0x00000000000fcb20                flash_area_get_device
 .text.flash_area_erased_val
                0x00000000000fcb24        0xe zephyr/libzephyr.a(flash_map.c.obj)
                0x00000000000fcb24                flash_area_erased_val
 .text.find_flash_total_size
                0x00000000000fcb32       0x18 zephyr/libzephyr.a(stream_flash.c.obj)
 .text.stream_flash_erase_page
                0x00000000000fcb4a       0x3c zephyr/libzephyr.a(stream_flash.c.obj)
                0x00000000000fcb4a                stream_flash_erase_page
 .text.flash_sync
                0x00000000000fcb86       0x8c zephyr/libzephyr.a(stream_flash.c.obj)
 .text.stream_flash_buffered_write
                0x00000000000fcc12       0x88 zephyr/libzephyr.a(stream_flash.c.obj)
                0x00000000000fcc12                stream_flash_buffered_write
 .text.get_ep_bm_from_addr
                0x00000000000fcc9a       0x1c zephyr/libzephyr.a(usb_device.c.obj)
 .text.usb_write
                0x00000000000fccb6       0x30 zephyr/libzephyr.a(usb_device.c.obj)
                0x00000000000fccb6                usb_write
 .text.usb_get_dev_data_by_cfg
                0x00000000000fcce6       0x18 zephyr/libzephyr.a(usb_descriptor.c.obj)
                0x00000000000fcce6                usb_get_dev_data_by_cfg
 .text.usb_get_dev_data_by_iface
                0x00000000000fccfe       0x1c zephyr/libzephyr.a(usb_descriptor.c.obj)
                0x00000000000fccfe                usb_get_dev_data_by_iface
 .text.usb_get_dev_data_by_ep
                0x00000000000fcd1a       0x2c zephyr/libzephyr.a(usb_descriptor.c.obj)
                0x00000000000fcd1a                usb_get_dev_data_by_ep
 .text.usb_transfer_is_busy
                0x00000000000fcd46       0x16 zephyr/libzephyr.a(usb_transfer.c.obj)
                0x00000000000fcd46                usb_transfer_is_busy
 .text.cdc_interface_config
                0x00000000000fcd5c       0x14 zephyr/libzephyr.a(cdc_acm.c.obj)
 .text.cdc_acm_irq_callback_work_handler
                0x00000000000fcd70        0xa zephyr/libzephyr.a(cdc_acm.c.obj)
 .text.cdc_acm_irq_tx_disable
                0x00000000000fcd7a        0xa zephyr/libzephyr.a(cdc_acm.c.obj)
 .text.cdc_acm_irq_tx_ready
                0x00000000000fcd84       0x1e zephyr/libzephyr.a(cdc_acm.c.obj)
 .text.cdc_acm_irq_rx_disable
                0x00000000000fcda2        0xa zephyr/libzephyr.a(cdc_acm.c.obj)
 .text.cdc_acm_irq_rx_ready
                0x00000000000fcdac        0xe zephyr/libzephyr.a(cdc_acm.c.obj)
 .text.cdc_acm_irq_is_pending
                0x00000000000fcdba       0x1c zephyr/libzephyr.a(cdc_acm.c.obj)
 .text.cdc_acm_irq_callback_set
                0x00000000000fcdd6        0x8 zephyr/libzephyr.a(cdc_acm.c.obj)
 .text.cdc_acm_fifo_read
                0x00000000000fcdde       0x46 zephyr/libzephyr.a(cdc_acm.c.obj)
 .text.cdc_acm_poll_in
                0x00000000000fce24       0x12 zephyr/libzephyr.a(cdc_acm.c.obj)
 .text.cdc_acm_irq_update
                0x00000000000fce36       0x2e zephyr/libzephyr.a(cdc_acm.c.obj)
 .text.dfu_status_cb
                0x00000000000fce64        0x2 zephyr/libzephyr.a(usb_dfu.c.obj)
 .text.flash_img_buffered_write
                0x00000000000fce66       0x40 zephyr/libzephyr.a(flash_img.c.obj)
                0x00000000000fce66                flash_img_buffered_write
 .text.flash_img_init_id
                0x00000000000fcea6       0x42 zephyr/libzephyr.a(flash_img.c.obj)
                0x00000000000fcea6                flash_img_init_id
 .text.flash_img_init
                0x00000000000fcee8        0x6 zephyr/libzephyr.a(flash_img.c.obj)
                0x00000000000fcee8                flash_img_init
 .text.z_arm_fatal_error
                0x00000000000fceee        0xc zephyr/arch/arch/arm/core/libarch__arm__core.a(fatal.c.obj)
                0x00000000000fceee                z_arm_fatal_error
 .text.z_do_kernel_oops
                0x00000000000fcefa        0x8 zephyr/arch/arch/arm/core/libarch__arm__core.a(fatal.c.obj)
                0x00000000000fcefa                z_do_kernel_oops
 .text.z_arm_nmi
                0x00000000000fcf02        0xe zephyr/arch/arch/arm/core/libarch__arm__core.a(nmi.c.obj)
                0x00000000000fcf02                z_arm_nmi
 .text.z_irq_spurious
                0x00000000000fcf10        0x8 zephyr/arch/arch/arm/core/cortex_m/libarch__arm__core__cortex_m.a(irq_manage.c.obj)
                0x00000000000fcf10                z_irq_spurious
 .text.arch_irq_unlock_outlined
                0x00000000000fcf18        0xe zephyr/arch/arch/arm/core/cortex_m/libarch__arm__core__cortex_m.a(thread.c.obj)
                0x00000000000fcf18                arch_irq_unlock_outlined
 .text.arch_cpu_idle
                0x00000000000fcf26       0x1a zephyr/arch/arch/arm/core/cortex_m/libarch__arm__core__cortex_m.a(cpu_idle.c.obj)
                0x00000000000fcf26                arch_cpu_idle
 .text.arch_cpu_atomic_idle
                0x00000000000fcf40       0x1e zephyr/arch/arch/arm/core/cortex_m/libarch__arm__core__cortex_m.a(cpu_idle.c.obj)
                0x00000000000fcf40                arch_cpu_atomic_idle
 .text.size_to_mpu_rasr_size
                0x00000000000fcf5e       0x20 zephyr/arch/arch/arm/core/mpu/libarch__arm__core__mpu.a(arm_mpu.c.obj)
 .text.picolibc_put
                0x00000000000fcf7e        0xa zephyr/lib/libc/picolibc/liblib__libc__picolibc.a(libc-hooks.c.obj)
 .text.boot_request_upgrade
                0x00000000000fcf88       0x10 zephyr/subsys/dfu/boot/libsubsys__dfu__boot.a(mcuboot.c.obj)
                0x00000000000fcf88                boot_request_upgrade
 .text.boot_get_trailer_status_offset
                0x00000000000fcf98        0x4 zephyr/subsys/dfu/boot/libsubsys__dfu__boot.a(mcuboot.c.obj)
                0x00000000000fcf98                boot_get_trailer_status_offset
 .text.ep_ctx_reset
                0x00000000000fcf9c       0x26 zephyr/drivers/usb/device/libdrivers__usb__device.a(usb_dc_nrfx.c.obj)
 .text.k_mutex_lock.constprop.0.isra.0
                0x00000000000fcfc2        0x4 zephyr/drivers/usb/device/libdrivers__usb__device.a(usb_dc_nrfx.c.obj)
 .text.k_mutex_unlock.isra.0
                0x00000000000fcfc6        0x4 zephyr/drivers/usb/device/libdrivers__usb__device.a(usb_dc_nrfx.c.obj)
 .text.usb_dc_ep_check_cap
                0x00000000000fcfca       0x2a zephyr/drivers/usb/device/libdrivers__usb__device.a(usb_dc_nrfx.c.obj)
                0x00000000000fcfca                usb_dc_ep_check_cap
 .text.usb_dc_ep_disable
                0x00000000000fcff4       0x32 zephyr/drivers/usb/device/libdrivers__usb__device.a(usb_dc_nrfx.c.obj)
                0x00000000000fcff4                usb_dc_ep_disable
 .text.usb_dc_ep_read
                0x00000000000fd026       0x1e zephyr/drivers/usb/device/libdrivers__usb__device.a(usb_dc_nrfx.c.obj)
                0x00000000000fd026                usb_dc_ep_read
 .text.ep2bit   0x00000000000fd044       0x10 zephyr/drivers/usb/common/nrf_usbd_common/libdrivers__usb__common__nrf_usbd_common.a(nrf_usbd_common.c.obj)
 .text.nrf_usbd_common_ep_max_packet_size_set
                0x00000000000fd054        0xa zephyr/drivers/usb/common/nrf_usbd_common/libdrivers__usb__common__nrf_usbd_common.a(nrf_usbd_common.c.obj)
                0x00000000000fd054                nrf_usbd_common_ep_max_packet_size_set
 .text.nrf_usbd_common_ep_status_get
                0x00000000000fd05e       0x2c zephyr/drivers/usb/common/nrf_usbd_common/libdrivers__usb__common__nrf_usbd_common.a(nrf_usbd_common.c.obj)
                0x00000000000fd05e                nrf_usbd_common_ep_status_get
 .text.get_status
                0x00000000000fd08a       0x12 zephyr/drivers/clock_control/libdrivers__clock_control.a(clock_control_nrf.c.obj)
 .text.stop     0x00000000000fd09c       0x52 zephyr/drivers/clock_control/libdrivers__clock_control.a(clock_control_nrf.c.obj)
 .text.api_stop
                0x00000000000fd0ee        0x6 zephyr/drivers/clock_control/libdrivers__clock_control.a(clock_control_nrf.c.obj)
 .text.async_start
                0x00000000000fd0f4       0x5c zephyr/drivers/clock_control/libdrivers__clock_control.a(clock_control_nrf.c.obj)
 .text.api_start
                0x00000000000fd150        0xe zephyr/drivers/clock_control/libdrivers__clock_control.a(clock_control_nrf.c.obj)
 .text.onoff_started_callback
                0x00000000000fd15e       0x12 zephyr/drivers/clock_control/libdrivers__clock_control.a(clock_control_nrf.c.obj)
 .text.lfclk_start
                0x00000000000fd170        0x6 zephyr/drivers/clock_control/libdrivers__clock_control.a(clock_control_nrf.c.obj)
 .text.lfclk_stop
                0x00000000000fd176        0x6 zephyr/drivers/clock_control/libdrivers__clock_control.a(clock_control_nrf.c.obj)
 .text.blocking_start_callback
                0x00000000000fd17c        0x6 zephyr/drivers/clock_control/libdrivers__clock_control.a(clock_control_nrf.c.obj)
 .text.qspi_handler
                0x00000000000fd182        0xc zephyr/drivers/flash/libdrivers__flash.a(nrf_qspi_nor.c.obj)
 .text.qspi_send_cmd.constprop.0
                0x00000000000fd18e       0x62 zephyr/drivers/flash/libdrivers__flash.a(nrf_qspi_nor.c.obj)
 .text.qspi_nor_write_protection_set.isra.0
                0x00000000000fd1f0       0x2a zephyr/drivers/flash/libdrivers__flash.a(nrf_qspi_nor.c.obj)
 .text.qspi_rdsr.isra.0
                0x00000000000fd21a       0x3c zephyr/drivers/flash/libdrivers__flash.a(nrf_qspi_nor.c.obj)
 .text.qspi_wait_while_writing.isra.0
                0x00000000000fd256       0x22 zephyr/drivers/flash/libdrivers__flash.a(nrf_qspi_nor.c.obj)
 .text.qspi_release
                0x00000000000fd278       0x36 zephyr/drivers/flash/libdrivers__flash.a(nrf_qspi_nor.c.obj)
 .text.qspi_acquire
                0x00000000000fd2ae       0x28 zephyr/drivers/flash/libdrivers__flash.a(nrf_qspi_nor.c.obj)
 .text.is_regular_addr_valid
                0x00000000000fd2d6       0x22 zephyr/drivers/flash/libdrivers__flash.a(soc_flash_nrf.c.obj)
 .text.flash_nrf_read
                0x00000000000fd2f8       0x28 zephyr/drivers/flash/libdrivers__flash.a(soc_flash_nrf.c.obj)
 .text.flash_get_page_info
                0x00000000000fd320       0x62 zephyr/drivers/flash/libdrivers__flash.a(flash_page_layout.c.obj)
 .text.z_impl_flash_get_page_info_by_offs
                0x00000000000fd382        0x8 zephyr/drivers/flash/libdrivers__flash.a(flash_page_layout.c.obj)
                0x00000000000fd382                z_impl_flash_get_page_info_by_offs
 .text.flash_page_foreach
                0x00000000000fd38a       0x58 zephyr/drivers/flash/libdrivers__flash.a(flash_page_layout.c.obj)
                0x00000000000fd38a                flash_page_foreach
 .text.gpio_nrfx_port_get_raw
                0x00000000000fd3e2        0xe zephyr/drivers/gpio/libdrivers__gpio.a(gpio_nrfx.c.obj)
 .text.gpio_nrfx_port_set_masked_raw
                0x00000000000fd3f0       0x18 zephyr/drivers/gpio/libdrivers__gpio.a(gpio_nrfx.c.obj)
 .text.gpio_nrfx_port_set_bits_raw
                0x00000000000fd408        0xc zephyr/drivers/gpio/libdrivers__gpio.a(gpio_nrfx.c.obj)
 .text.gpio_nrfx_port_clear_bits_raw
                0x00000000000fd414        0xc zephyr/drivers/gpio/libdrivers__gpio.a(gpio_nrfx.c.obj)
 .text.gpio_nrfx_port_toggle_bits
                0x00000000000fd420       0x1a zephyr/drivers/gpio/libdrivers__gpio.a(gpio_nrfx.c.obj)
 .text.gpio_nrfx_manage_callback
                0x00000000000fd43a       0x52 zephyr/drivers/gpio/libdrivers__gpio.a(gpio_nrfx.c.obj)
 .text.z_impl_hwinfo_get_device_id
                0x00000000000fd48c       0x28 zephyr/drivers/hwinfo/libdrivers__hwinfo.a(hwinfo_nrf.c.obj)
                0x00000000000fd48c                z_impl_hwinfo_get_device_id
 .text.pinctrl_lookup_state
                0x00000000000fd4b4       0x26 zephyr/drivers/pinctrl/libdrivers__pinctrl.a(common.c.obj)
                0x00000000000fd4b4                pinctrl_lookup_state
 .text.uarte_nrfx_err_check
                0x00000000000fd4da        0xe zephyr/drivers/serial/libdrivers__serial.a(uart_nrfx_uarte.c.obj)
 .text.tx_start
                0x00000000000fd4e8       0x3e zephyr/drivers/serial/libdrivers__serial.a(uart_nrfx_uarte.c.obj)
 .text.uarte_nrfx_poll_in
                0x00000000000fd526       0x28 zephyr/drivers/serial/libdrivers__serial.a(uart_nrfx_uarte.c.obj)
 .text.uarte_nrfx_fifo_read
                0x00000000000fd54e       0x2e zephyr/drivers/serial/libdrivers__serial.a(uart_nrfx_uarte.c.obj)
 .text.uarte_nrfx_irq_tx_enable
                0x00000000000fd57c       0x34 zephyr/drivers/serial/libdrivers__serial.a(uart_nrfx_uarte.c.obj)
 .text.uarte_nrfx_irq_tx_disable
                0x00000000000fd5b0       0x10 zephyr/drivers/serial/libdrivers__serial.a(uart_nrfx_uarte.c.obj)
 .text.uarte_nrfx_irq_tx_ready_complete
                0x00000000000fd5c0       0x1e zephyr/drivers/serial/libdrivers__serial.a(uart_nrfx_uarte.c.obj)
 .text.uarte_nrfx_irq_rx_ready
                0x00000000000fd5de       0x10 zephyr/drivers/serial/libdrivers__serial.a(uart_nrfx_uarte.c.obj)
 .text.uarte_nrfx_irq_rx_enable
                0x00000000000fd5ee        0xc zephyr/drivers/serial/libdrivers__serial.a(uart_nrfx_uarte.c.obj)
 .text.uarte_nrfx_irq_rx_disable
                0x00000000000fd5fa        0xc zephyr/drivers/serial/libdrivers__serial.a(uart_nrfx_uarte.c.obj)
 .text.uarte_nrfx_irq_err_enable
                0x00000000000fd606        0xe zephyr/drivers/serial/libdrivers__serial.a(uart_nrfx_uarte.c.obj)
 .text.uarte_nrfx_irq_err_disable
                0x00000000000fd614        0xe zephyr/drivers/serial/libdrivers__serial.a(uart_nrfx_uarte.c.obj)
 .text.uarte_nrfx_irq_is_pending
                0x00000000000fd622       0x36 zephyr/drivers/serial/libdrivers__serial.a(uart_nrfx_uarte.c.obj)
 .text.uarte_nrfx_irq_update
                0x00000000000fd658        0x4 zephyr/drivers/serial/libdrivers__serial.a(uart_nrfx_uarte.c.obj)
 .text.uarte_nrfx_irq_callback_set
                0x00000000000fd65c        0xc zephyr/drivers/serial/libdrivers__serial.a(uart_nrfx_uarte.c.obj)
 .text.is_tx_ready.isra.0
                0x00000000000fd668       0x20 zephyr/drivers/serial/libdrivers__serial.a(uart_nrfx_uarte.c.obj)
 .text.uarte_nrfx_fifo_fill
                0x00000000000fd688       0x76 zephyr/drivers/serial/libdrivers__serial.a(uart_nrfx_uarte.c.obj)
 .text.uarte_nrfx_isr_int
                0x00000000000fd6fe       0xbc zephyr/drivers/serial/libdrivers__serial.a(uart_nrfx_uarte.c.obj)
 .text.event_clear
                0x00000000000fd7ba       0x18 zephyr/drivers/timer/libdrivers__timer.a(nrf_rtc_timer.c.obj)
 .text.nrfx_isr
                0x00000000000fd7d2        0x2 modules/hal_nordic/nrfx/libmodules__hal_nordic__nrfx.a(nrfx_glue.c.obj)
                0x00000000000fd7d2                nrfx_isr
 .text.nrfx_busy_wait
                0x00000000000fd7d4        0x4 modules/hal_nordic/nrfx/libmodules__hal_nordic__nrfx.a(nrfx_glue.c.obj)
                0x00000000000fd7d4                nrfx_busy_wait
 .text.nrfx_gppi_channel_endpoints_setup
                0x00000000000fd7d8       0x14 modules/hal_nordic/nrfx/libmodules__hal_nordic__nrfx.a(nrfx_gppi_ppi.c.obj)
                0x00000000000fd7d8                nrfx_gppi_channel_endpoints_setup
 .text.nrfx_gppi_channel_alloc
                0x00000000000fd7ec        0x4 modules/hal_nordic/nrfx/libmodules__hal_nordic__nrfx.a(nrfx_gppi_ppi.c.obj)
                0x00000000000fd7ec                nrfx_gppi_channel_alloc
 .text.nrfx_clock_stop
                0x00000000000fd7f0        0x4 modules/hal_nordic/nrfx/libmodules__hal_nordic__nrfx.a(nrfx_clock.c.obj)
                0x00000000000fd7f0                nrfx_clock_stop
 .text.nrf_gpio_reconfigure
                0x00000000000fd7f4       0x92 modules/hal_nordic/nrfx/libmodules__hal_nordic__nrfx.a(nrfx_gpiote.c.obj)
 .text.nrf_gpio_cfg_sense_set
                0x00000000000fd886       0x1e modules/hal_nordic/nrfx/libmodules__hal_nordic__nrfx.a(nrfx_gpiote.c.obj)
 .text.pin_trigger_disable
                0x00000000000fd8a4       0x48 modules/hal_nordic/nrfx/libmodules__hal_nordic__nrfx.a(nrfx_gpiote.c.obj)
 .text.nrfx_gpiote_pin_uninit
                0x00000000000fd8ec        0x4 modules/hal_nordic/nrfx/libmodules__hal_nordic__nrfx.a(nrfx_gpiote.c.obj)
                0x00000000000fd8ec                nrfx_gpiote_pin_uninit
 .text.nrfx_gpiote_trigger_disable
                0x00000000000fd8f0        0x4 modules/hal_nordic/nrfx/libmodules__hal_nordic__nrfx.a(nrfx_gpiote.c.obj)
                0x00000000000fd8f0                nrfx_gpiote_trigger_disable
 .text.nrfx_nvmc_flash_size_get
                0x00000000000fd8f4        0xc modules/hal_nordic/nrfx/libmodules__hal_nordic__nrfx.a(nrfx_nvmc.c.obj)
                0x00000000000fd8f4                nrfx_nvmc_flash_size_get
 .text.nrfx_nvmc_flash_page_size_get
                0x00000000000fd900        0x8 modules/hal_nordic/nrfx/libmodules__hal_nordic__nrfx.a(nrfx_nvmc.c.obj)
                0x00000000000fd900                nrfx_nvmc_flash_page_size_get
 .text.nrfx_nvmc_flash_page_count_get
                0x00000000000fd908        0x8 modules/hal_nordic/nrfx/libmodules__hal_nordic__nrfx.a(nrfx_nvmc.c.obj)
                0x00000000000fd908                nrfx_nvmc_flash_page_count_get
 .text.nrf_power_event_get_and_clear.constprop.0
                0x00000000000fd910       0x18 modules/hal_nordic/nrfx/libmodules__hal_nordic__nrfx.a(nrfx_power.c.obj)
 .text.nrfx_power_usbevt_enable
                0x00000000000fd928        0xe modules/hal_nordic/nrfx/libmodules__hal_nordic__nrfx.a(nrfx_power.c.obj)
                0x00000000000fd928                nrfx_power_usbevt_enable
 .text.nrfx_power_usbevt_disable
                0x00000000000fd936        0xe modules/hal_nordic/nrfx/libmodules__hal_nordic__nrfx.a(nrfx_power.c.obj)
                0x00000000000fd936                nrfx_power_usbevt_disable
 .text.nrfx_power_clock_irq_handler
                0x00000000000fd944        0xe modules/hal_nordic/nrfx/libmodules__hal_nordic__nrfx.a(nrfx_power.c.obj)
                0x00000000000fd944                nrfx_power_clock_irq_handler
 .text.nrfx_qspi_write
                0x00000000000fd952        0x6 modules/hal_nordic/nrfx/libmodules__hal_nordic__nrfx.a(nrfx_qspi.c.obj)
                0x00000000000fd952                nrfx_qspi_write
 .text.nrfx_qspi_read
                0x00000000000fd958        0x6 modules/hal_nordic/nrfx/libmodules__hal_nordic__nrfx.a(nrfx_qspi.c.obj)
                0x00000000000fd958                nrfx_qspi_read
 .text.nrfx_qspi_chip_erase
                0x00000000000fd95e        0x8 modules/hal_nordic/nrfx/libmodules__hal_nordic__nrfx.a(nrfx_qspi.c.obj)
                0x00000000000fd95e                nrfx_qspi_chip_erase
 .text.boot_swap_info_off
                0x00000000000fd966        0xc modules/mcuboot/libmcuboot_util.a(bootutil_public.c.obj)
                0x00000000000fd966                boot_swap_info_off
 .text.bootutil_buffer_is_erased
                0x00000000000fd972       0x26 modules/mcuboot/libmcuboot_util.a(bootutil_public.c.obj)
                0x00000000000fd972                bootutil_buffer_is_erased
 .text.boot_read_flag
                0x00000000000fd998       0x38 modules/mcuboot/libmcuboot_util.a(bootutil_public.c.obj)
 .text.boot_write_trailer
                0x00000000000fd9d0       0x58 modules/mcuboot/libmcuboot_util.a(bootutil_public.c.obj)
                0x00000000000fd9d0                boot_write_trailer
 .text.boot_write_trailer_flag
                0x00000000000fda28       0x14 modules/mcuboot/libmcuboot_util.a(bootutil_public.c.obj)
                0x00000000000fda28                boot_write_trailer_flag
 .text.boot_write_image_ok
                0x00000000000fda3c        0xe modules/mcuboot/libmcuboot_util.a(bootutil_public.c.obj)
                0x00000000000fda3c                boot_write_image_ok
 .text.boot_read_image_ok
                0x00000000000fda4a        0xc modules/mcuboot/libmcuboot_util.a(bootutil_public.c.obj)
                0x00000000000fda4a                boot_read_image_ok
 .text.boot_write_swap_info
                0x00000000000fda56       0x22 modules/mcuboot/libmcuboot_util.a(bootutil_public.c.obj)
                0x00000000000fda56                boot_write_swap_info
 .text.boot_set_next
                0x00000000000fda78       0x76 modules/mcuboot/libmcuboot_util.a(bootutil_public.c.obj)
                0x00000000000fda78                boot_set_next
 .text.boot_set_pending
                0x00000000000fdaee        0x8 modules/mcuboot/libmcuboot_util.a(bootutil_public.c.obj)
                0x00000000000fdaee                boot_set_pending
 .text.z_impl_k_busy_wait
                0x00000000000fdaf6        0x8 zephyr/kernel/libkernel.a(busy_wait.c.obj)
                0x00000000000fdaf6                z_impl_k_busy_wait
 .text.z_device_state_init
                0x00000000000fdafe        0x2 zephyr/kernel/libkernel.a(device.c.obj)
                0x00000000000fdafe                z_device_state_init
 .text.z_impl_device_is_ready
                0x00000000000fdb00       0x16 zephyr/kernel/libkernel.a(device.c.obj)
                0x00000000000fdb00                z_impl_device_is_ready
 .text.arch_system_halt
                0x00000000000fdb16       0x10 zephyr/kernel/libkernel.a(fatal.c.obj)
                0x00000000000fdb16                arch_system_halt
 .text.k_sys_fatal_error_handler
                0x00000000000fdb26        0x6 zephyr/kernel/libkernel.a(fatal.c.obj)
                0x00000000000fdb26                k_sys_fatal_error_handler
 .text.do_device_init
                0x00000000000fdb2c       0x30 zephyr/kernel/libkernel.a(init.c.obj)
 .text.z_early_memset
                0x00000000000fdb5c        0x4 zephyr/kernel/libkernel.a(init.c.obj)
                0x00000000000fdb5c                z_early_memset
 .text.z_early_memcpy
                0x00000000000fdb60        0x4 zephyr/kernel/libkernel.a(init.c.obj)
                0x00000000000fdb60                z_early_memcpy
 .text.z_init_static
                0x00000000000fdb64        0x2 zephyr/kernel/libkernel.a(init_static.c.obj)
                0x00000000000fdb64                z_init_static
 .text.create_free_list
                0x00000000000fdb66       0x34 zephyr/kernel/libkernel.a(mem_slab.c.obj)
 .text.k_mem_slab_free
                0x00000000000fdb9a       0x4a zephyr/kernel/libkernel.a(mem_slab.c.obj)
                0x00000000000fdb9a                k_mem_slab_free
 .text.idle     0x00000000000fdbe4       0x16 zephyr/kernel/libkernel.a(idle.c.obj)
                0x00000000000fdbe4                idle
 .text.adjust_owner_prio.isra.0
                0x00000000000fdbfa       0x10 zephyr/kernel/libkernel.a(mutex.c.obj)
 .text.z_impl_k_mutex_init
                0x00000000000fdc0a        0xe zephyr/kernel/libkernel.a(mutex.c.obj)
                0x00000000000fdc0a                z_impl_k_mutex_init
 .text.queue_insert
                0x00000000000fdc18       0xca zephyr/kernel/libkernel.a(queue.c.obj)
 .text.z_queue_node_peek
                0x00000000000fdce2       0x18 zephyr/kernel/libkernel.a(queue.c.obj)
                0x00000000000fdce2                z_queue_node_peek
 .text.k_queue_append
                0x00000000000fdcfa       0x16 zephyr/kernel/libkernel.a(queue.c.obj)
                0x00000000000fdcfa                k_queue_append
 .text.z_impl_k_sem_init
                0x00000000000fdd10       0x20 zephyr/kernel/libkernel.a(sem.c.obj)
                0x00000000000fdd10                z_impl_k_sem_init
 .text.flag_test_and_clear
                0x00000000000fdd30       0x16 zephyr/kernel/libkernel.a(work.c.obj)
 .text.unschedule_locked
                0x00000000000fdd46       0x1e zephyr/kernel/libkernel.a(work.c.obj)
 .text.notify_queue_locked.isra.0
                0x00000000000fdd64        0xe zephyr/kernel/libkernel.a(work.c.obj)
 .text.work_timeout
                0x00000000000fdd72       0x3c zephyr/kernel/libkernel.a(work.c.obj)
 .text.k_work_init
                0x00000000000fddae       0x12 zephyr/kernel/libkernel.a(work.c.obj)
                0x00000000000fddae                k_work_init
 .text.z_work_submit_to_queue
                0x00000000000fddc0       0x26 zephyr/kernel/libkernel.a(work.c.obj)
                0x00000000000fddc0                z_work_submit_to_queue
 .text.k_work_submit_to_queue
                0x00000000000fdde6       0x20 zephyr/kernel/libkernel.a(work.c.obj)
                0x00000000000fdde6                k_work_submit_to_queue
 .text.k_work_init_delayable
                0x00000000000fde06       0x18 zephyr/kernel/libkernel.a(work.c.obj)
                0x00000000000fde06                k_work_init_delayable
 .text.k_is_in_isr
                0x00000000000fde1e        0xc zephyr/kernel/libkernel.a(thread.c.obj)
                0x00000000000fde1e                k_is_in_isr
 .text.z_impl_k_thread_name_set
                0x00000000000fde2a        0x6 zephyr/kernel/libkernel.a(thread.c.obj)
                0x00000000000fde2a                z_impl_k_thread_name_set
 .text.z_impl_k_thread_start
                0x00000000000fde30        0x4 zephyr/kernel/libkernel.a(thread.c.obj)
                0x00000000000fde30                z_impl_k_thread_start
 .text.sys_dlist_remove
                0x00000000000fde34       0x10 zephyr/kernel/libkernel.a(sched.c.obj)
 .text.unpend_thread_no_timeout
                0x00000000000fde44       0x14 zephyr/kernel/libkernel.a(sched.c.obj)
 .text.add_to_waitq_locked
                0x00000000000fde58       0x50 zephyr/kernel/libkernel.a(sched.c.obj)
 .text.z_ready_thread
                0x00000000000fdea8       0x1e zephyr/kernel/libkernel.a(sched.c.obj)
                0x00000000000fdea8                z_ready_thread
 .text.z_impl_k_thread_suspend
                0x00000000000fdec6       0x34 zephyr/kernel/libkernel.a(sched.c.obj)
                0x00000000000fdec6                z_impl_k_thread_suspend
 .text.z_unpend_thread_no_timeout
                0x00000000000fdefa       0x22 zephyr/kernel/libkernel.a(sched.c.obj)
                0x00000000000fdefa                z_unpend_thread_no_timeout
 .text.z_sched_wake_thread
                0x00000000000fdf1c       0x42 zephyr/kernel/libkernel.a(sched.c.obj)
                0x00000000000fdf1c                z_sched_wake_thread
 .text.z_thread_timeout
                0x00000000000fdf5e        0x8 zephyr/kernel/libkernel.a(sched.c.obj)
                0x00000000000fdf5e                z_thread_timeout
 .text.z_unpend_first_thread
                0x00000000000fdf66       0x36 zephyr/kernel/libkernel.a(sched.c.obj)
                0x00000000000fdf66                z_unpend_first_thread
 .text.z_unpend_thread
                0x00000000000fdf9c       0x10 zephyr/kernel/libkernel.a(sched.c.obj)
                0x00000000000fdf9c                z_unpend_thread
 .text.z_unpend_all
                0x00000000000fdfac       0x28 zephyr/kernel/libkernel.a(sched.c.obj)
                0x00000000000fdfac                z_unpend_all
 .text.z_thread_abort
                0x00000000000fdfd4       0x44 zephyr/kernel/libkernel.a(sched.c.obj)
                0x00000000000fdfd4                z_thread_abort
 .text.z_sched_wake
                0x00000000000fe018       0x44 zephyr/kernel/libkernel.a(sched.c.obj)
                0x00000000000fe018                z_sched_wake
 .text.z_abort_timeout
                0x00000000000fe05c       0x2a zephyr/kernel/libkernel.a(timeout.c.obj)
                0x00000000000fe05c                z_abort_timeout
 .text.sys_clock_tick_get_32
                0x00000000000fe086        0x8 zephyr/kernel/libkernel.a(timeout.c.obj)
                0x00000000000fe086                sys_clock_tick_get_32
 .text.sys_timepoint_calc
                0x00000000000fe08e       0x48 zephyr/kernel/libkernel.a(timeout.c.obj)
                0x00000000000fe08e                sys_timepoint_calc
 .text.sys_timepoint_timeout
                0x00000000000fe0d6       0x42 zephyr/kernel/libkernel.a(timeout.c.obj)
                0x00000000000fe0d6                sys_timepoint_timeout
 .text.signal_poll_event
                0x00000000000fe118       0x8c zephyr/kernel/libkernel.a(poll.c.obj)
 .text.z_handle_obj_poll_events
                0x00000000000fe1a4       0x34 zephyr/kernel/libkernel.a(poll.c.obj)
                0x00000000000fe1a4                z_handle_obj_poll_events
 .text.z_impl_k_poll_signal_init
                0x00000000000fe1d8        0xa zephyr/kernel/libkernel.a(poll.c.obj)