Archive member included to satisfy reference by file (symbol)

app/libapp.a(main.c.obj)      (--whole-archive)
zephyr/libzephyr.a(heap.c.obj)
                              (--whole-archive)
zephyr/libzephyr.a(cbprintf_packaged.c.obj)
                              (--whole-archive)
zephyr/libzephyr.a(printk.c.obj)
                              (--whole-archive)
zephyr/libzephyr.a(sem.c.obj)
                              (--whole-archive)
zephyr/libzephyr.a(thread_entry.c.obj)
                              (--whole-archive)
zephyr/libzephyr.a(cbprintf_complete.c.obj)
                              (--whole-archive)
zephyr/libzephyr.a(assert.c.obj)
                              (--whole-archive)
zephyr/libzephyr.a(reboot.c.obj)
                              (--whole-archive)
zephyr/libzephyr.a(dec.c.obj)
                              (--whole-archive)
zephyr/libzephyr.a(hex.c.obj)
                              (--whole-archive)
zephyr/libzephyr.a(rb.c.obj)  (--whole-archive)
zephyr/libzephyr.a(timeutil.c.obj)
                              (--whole-archive)
zephyr/libzephyr.a(bitarray.c.obj)
                              (--whole-archive)
zephyr/libzephyr.a(onoff.c.obj)
                              (--whole-archive)
zephyr/libzephyr.a(notify.c.obj)
                              (--whole-archive)
zephyr/libzephyr.a(ring_buffer.c.obj)
                              (--whole-archive)
zephyr/libzephyr.a(configs.c.obj)
                              (--whole-archive)
zephyr/libzephyr.a(mem_attr.c.obj)
                              (--whole-archive)
zephyr/libzephyr.a(flash_map.c.obj)
                              (--whole-archive)
zephyr/libzephyr.a(flash_map_default.c.obj)
                              (--whole-archive)
zephyr/libzephyr.a(flash_map_layout.c.obj)
                              (--whole-archive)
zephyr/libzephyr.a(stream_flash.c.obj)
                              (--whole-archive)
zephyr/libzephyr.a(tracing_none.c.obj)
                              (--whole-archive)
zephyr/libzephyr.a(usb_device.c.obj)
                              (--whole-archive)
zephyr/libzephyr.a(usb_descriptor.c.obj)
                              (--whole-archive)
zephyr/libzephyr.a(usb_transfer.c.obj)
                              (--whole-archive)
zephyr/libzephyr.a(cdc_acm.c.obj)
                              (--whole-archive)
zephyr/libzephyr.a(usb_dfu.c.obj)
                              (--whole-archive)
zephyr/libzephyr.a(usb_work_q.c.obj)
                              (--whole-archive)
zephyr/libzephyr.a(flash_img.c.obj)
                              (--whole-archive)
zephyr/libzephyr.a(flash_util.c.obj)
                              (--whole-archive)
zephyr/arch/common/libarch__common.a(sw_isr_common.c.obj)
                              (--whole-archive)
zephyr/arch/arch/arm/core/libarch__arm__core.a(fatal.c.obj)
                              (--whole-archive)
zephyr/arch/arch/arm/core/libarch__arm__core.a(nmi.c.obj)
                              (--whole-archive)
zephyr/arch/arch/arm/core/libarch__arm__core.a(nmi_on_reset.S.obj)
                              (--whole-archive)
zephyr/arch/arch/arm/core/libarch__arm__core.a(tls.c.obj)
                              (--whole-archive)
zephyr/arch/arch/arm/core/cortex_m/libarch__arm__core__cortex_m.a(exc_exit.c.obj)
                              (--whole-archive)
zephyr/arch/arch/arm/core/cortex_m/libarch__arm__core__cortex_m.a(fault.c.obj)
                              (--whole-archive)
zephyr/arch/arch/arm/core/cortex_m/libarch__arm__core__cortex_m.a(fault_s.S.obj)
                              (--whole-archive)
zephyr/arch/arch/arm/core/cortex_m/libarch__arm__core__cortex_m.a(fpu.c.obj)
                              (--whole-archive)
zephyr/arch/arch/arm/core/cortex_m/libarch__arm__core__cortex_m.a(reset.S.obj)
                              (--whole-archive)
zephyr/arch/arch/arm/core/cortex_m/libarch__arm__core__cortex_m.a(scb.c.obj)
                              (--whole-archive)
zephyr/arch/arch/arm/core/cortex_m/libarch__arm__core__cortex_m.a(thread_abort.c.obj)
                              (--whole-archive)
zephyr/arch/arch/arm/core/cortex_m/libarch__arm__core__cortex_m.a(vector_table.S.obj)
                              (--whole-archive)
zephyr/arch/arch/arm/core/cortex_m/libarch__arm__core__cortex_m.a(swap.c.obj)
                              (--whole-archive)
zephyr/arch/arch/arm/core/cortex_m/libarch__arm__core__cortex_m.a(swap_helper.S.obj)
                              (--whole-archive)
zephyr/arch/arch/arm/core/cortex_m/libarch__arm__core__cortex_m.a(irq_manage.c.obj)
                              (--whole-archive)
zephyr/arch/arch/arm/core/cortex_m/libarch__arm__core__cortex_m.a(prep_c.c.obj)
                              (--whole-archive)
zephyr/arch/arch/arm/core/cortex_m/libarch__arm__core__cortex_m.a(thread.c.obj)
                              (--whole-archive)
zephyr/arch/arch/arm/core/cortex_m/libarch__arm__core__cortex_m.a(cpu_idle.c.obj)
[...]
Memory Configuration

Name             Origin             Length             Attributes
FLASH            0x00000000000f4000 0x000000000000c000 xr
RAM              0x0000000020000000 0x0000000000040000 xw
IDT_LIST         0x00000000ffff7fff 0x0000000000008000 xw
*default*        0x0000000000000000 0xffffffffffffffff

Linker script and memory map

                0x00000000000fbff4                vfprintf = __l_vfprintf
                0x0000000000000000                vfscanf = __l_vfscanf
LOAD zephyr/CMakeFiles/zephyr_pre0.dir/misc/empty_file.c.obj
LOAD zephyr/CMakeFiles/offsets.dir/./arch/arm/core/offsets/offsets.c.obj
LOAD app/libapp.a
LOAD zephyr/libzephyr.a
LOAD zephyr/arch/common/libarch__common.a
LOAD zephyr/arch/arch/arm/core/libarch__arm__core.a
LOAD zephyr/arch/arch/arm/core/cortex_m/libarch__arm__core__cortex_m.a
LOAD zephyr/arch/arch/arm/core/mpu/libarch__arm__core__mpu.a
LOAD zephyr/lib/libc/picolibc/liblib__libc__picolibc.a
LOAD zephyr/lib/libc/common/liblib__libc__common.a
LOAD zephyr/soc/soc/nrf52840/libsoc__nordic.a
LOAD zephyr/subsys/dfu/boot/libsubsys__dfu__boot.a
LOAD zephyr/drivers/usb/device/libdrivers__usb__device.a
LOAD zephyr/drivers/usb/common/nrf_usbd_common/libdrivers__usb__common__nrf_usbd_common.a
LOAD zephyr/drivers/clock_control/libdrivers__clock_control.a
LOAD zephyr/drivers/console/libdrivers__console.a
LOAD zephyr/drivers/flash/libdrivers__flash.a
LOAD zephyr/drivers/gpio/libdrivers__gpio.a
LOAD zephyr/drivers/hwinfo/libdrivers__hwinfo.a
LOAD zephyr/drivers/pinctrl/libdrivers__pinctrl.a
LOAD zephyr/drivers/serial/libdrivers__serial.a
LOAD zephyr/drivers/timer/libdrivers__timer.a
LOAD modules/hal_nordic/nrfx/libmodules__hal_nordic__nrfx.a
LOAD modules/mcuboot/libmcuboot_util.a
LOAD zephyr/kernel/libkernel.a
LOAD zephyr/arch/common/libisr_tables.a
LOAD /home/mhn/zephyr-sdk-0.16.8/arm-zephyr-eabi/bin/../lib/gcc/../../picolibc/arm-zephyr-eabi/lib/thumb/v7e-m/nofp/libc.a
LOAD /home/mhn/zephyr-sdk-0.16.8/arm-zephyr-eabi/bin/../lib/gcc/arm-zephyr-eabi/12.2.0/thumb/v7e-m/nofp/libgcc.a
                0x0000000000000020                _region_min_align = 0x20

.rel.plt        0x00000000000f4000        0x0
 *(SORT_BY_ALIGNMENT(.rel.plt))
                [!provide]                        PROVIDE (__rel_iplt_start = .)
 *(SORT_BY_ALIGNMENT(.rel.iplt))
 .rel.iplt      0x00000000000f4000        0x0 app/libapp.a(main.c.obj)
                [!provide]                        PROVIDE (__rel_iplt_end = .)

.rela.plt       0x0000000000000000        0x0
 *(SORT_BY_ALIGNMENT(.rela.plt))
                [!provide]                        PROVIDE (__rela_iplt_start = .)
 *(SORT_BY_ALIGNMENT(.rela.iplt))
                [!provide]                        PROVIDE (__rela_iplt_end = .)

.rel.dyn
 *(SORT_BY_ALIGNMENT(.rel.*))

.rela.dyn
 *(SORT_BY_ALIGNMENT(.rela.*))

/DISCARD/
 *(SORT_BY_ALIGNMENT(.plt))

/DISCARD/
 *(SORT_BY_ALIGNMENT(.iplt))
                0x00000000000f4000                __rom_region_start = 0xf4000

rom_start       0x00000000000f4000      0x100
                0x00000000000f4000                __rom_start_address = .
 FILL mask 0x00
                0x00000000000f4000                . = (. + (0x0 - (. - __rom_start_address)))
                0x00000000000f4000                . = ALIGN (0x4)
                0x00000000000f4000                . = ALIGN (0x80)
                0x00000000000f4000                . = ALIGN (0x100)
                0x00000000000f4000                _vector_start = .
 *(SORT_BY_ALIGNMENT(.exc_vector_table))
 *(SORT_BY_ALIGNMENT(.exc_vector_table.*))
 .exc_vector_table._vector_table_section
                0x00000000000f4000       0x40 zephyr/arch/arch/arm/core/cortex_m/libarch__arm__core__cortex_m.a(vector_table.S.obj)
                0x00000000000f4000                _vector_table
 *(SORT_BY_ALIGNMENT(.vectors))
                0x00000000000f4100                _vector_end = .
                0x00000000000f4040                . = ALIGN (0x4)
 *(SORT_BY_ALIGNMENT(.gnu.linkonce.irq_vector_table*))
 .gnu.linkonce.irq_vector_table
                0x00000000000f4040       0xc0 zephyr/arch/common/libisr_tables.a(isr_tables.c.obj)
                0x00000000000f4040                _irq_vector_table
                0x00000000000f4100                _vector_end = .

text            0x00000000000f4100     0xa4c0
                0x00000000000f4100                __text_region_start = .
 *(SORT_BY_ALIGNMENT(.text))
 .text          0x00000000000f4100       0x30 /home/mhn/zephyr-sdk-0.16.8/arm-zephyr-eabi/bin/../lib/gcc/arm-zephyr-eabi/12.2.0/thumb/v7e-m/nofp/libgcc.a(_aeabi_uldivmod.o)
                0x00000000000f4100                __aeabi_uldivmod
 .text          0x00000000000f4130        0x4 /home/mhn/zephyr-sdk-0.16.8/arm-zephyr-eabi/bin/../lib/gcc/arm-zephyr-eabi/12.2.0/thumb/v7e-m/nofp/libgcc.a(_dvmd_tls.o)
                0x00000000000f4130                __aeabi_ldiv0
                0x00000000000f4130                __aeabi_idiv0
 .text          0x00000000000f4134       0x10 /home/mhn/zephyr-sdk-0.16.8/arm-zephyr-eabi/bin/../lib/gcc/../../picolibc/arm-zephyr-eabi/lib/thumb/v7e-m/nofp/libc.a(strlen.S.o)
                0x00000000000f4134                strlen
 .text          0x00000000000f4144      0x2a0 /home/mhn/zephyr-sdk-0.16.8/arm-zephyr-eabi/bin/../lib/gcc/arm-zephyr-eabi/12.2.0/thumb/v7e-m/nofp/libgcc.a(_udivmoddi4.o)
                0x00000000000f4144                __udivmoddi4
 *(SORT_BY_ALIGNMENT(.text.*))
 .text.cleanup_arm_nvic
                0x00000000000f43e4       0x54 app/libapp.a(main.c.obj)
                0x00000000000f43e4                cleanup_arm_nvic
 .text.main     0x00000000000f4438       0x58 app/libapp.a(main.c.obj)
                0x00000000000f4438                main
 .text.char_out
                0x00000000000f4490        0xc zephyr/libzephyr.a(printk.c.obj)
 .text.__printk_hook_install
                0x00000000000f449c        0xc zephyr/libzephyr.a(printk.c.obj)
                0x00000000000f449c                __printk_hook_install
 .text.vprintk  0x00000000000f44a8       0x30 zephyr/libzephyr.a(printk.c.obj)
                0x00000000000f44a8                vprintk
 .text.z_thread_entry
                0x00000000000f44d8       0x34 zephyr/libzephyr.a(thread_entry.c.obj)
                0x00000000000f44d8                z_thread_entry
 .text.sys_reboot
                0x00000000000f450c       0x2c zephyr/libzephyr.a(reboot.c.obj)
                0x00000000000f450c                sys_reboot
 .text.process_event
                0x00000000000f4538      0x21c zephyr/libzephyr.a(onoff.c.obj)
 .text.mem_attr_get_regions
                0x00000000000f4754        0xc zephyr/libzephyr.a(mem_attr.c.obj)
                0x00000000000f4754                mem_attr_get_regions
 .text.flash_area_open
                0x00000000000f4760       0x50 zephyr/libzephyr.a(flash_map.c.obj)
                0x00000000000f4760                flash_area_open
 .text.stream_flash_init
                0x00000000000f47b0       0xa0 zephyr/libzephyr.a(stream_flash.c.obj)
                0x00000000000f47b0                stream_flash_init
 .text.class_handler
                0x00000000000f4850       0x40 zephyr/libzephyr.a(usb_device.c.obj)
 .text.custom_handler
                0x00000000000f4890       0x60 zephyr/libzephyr.a(usb_device.c.obj)
 .text.vendor_handler
                0x00000000000f48f0       0x3c zephyr/libzephyr.a(usb_device.c.obj)
 .text.disable_endpoint
                0x00000000000f492c       0x2c zephyr/libzephyr.a(usb_device.c.obj)
 .text.usb_reset_alt_setting
                0x00000000000f4958       0x10 zephyr/libzephyr.a(usb_device.c.obj)
 .text.is_ep_valid.part.0
                0x00000000000f4968       0x38 zephyr/libzephyr.a(usb_device.c.obj)
 .text.usb_handle_request.constprop.0
                0x00000000000f49a0       0x2c zephyr/libzephyr.a(usb_device.c.obj)
 .text.forward_status_cb
                0x00000000000f49cc       0xac zephyr/libzephyr.a(usb_device.c.obj)
 .text.usb_halt_endpoint_req.isra.0
                0x00000000000f4a78       0x50 zephyr/libzephyr.a(usb_device.c.obj)
 .text.set_endpoint
                0x00000000000f4ac8       0x84 zephyr/libzephyr.a(usb_device.c.obj)
 .text.usb_handle_standard_request
                0x00000000000f4b4c      0x2ec zephyr/libzephyr.a(usb_device.c.obj)
 .text.usb_disable
                0x00000000000f4e38       0x60 zephyr/libzephyr.a(usb_device.c.obj)
                0x00000000000f4e38                usb_disable
 .text.usb_data_to_host
                0x00000000000f4e98       0x60 zephyr/libzephyr.a(usb_device.c.obj)
 .text.usb_handle_control_transfer
                0x00000000000f4ef8       0xdc zephyr/libzephyr.a(usb_device.c.obj)
 .text.usb_set_config
                0x00000000000f4fd4       0x2c zephyr/libzephyr.a(usb_device.c.obj)
                0x00000000000f4fd4                usb_set_config
 .text.usb_enable
                0x00000000000f5000      0x13c zephyr/libzephyr.a(usb_device.c.obj)
                0x00000000000f5000                usb_enable
 .text.usb_update_sn_string_descriptor
                0x00000000000f513c       0x88 zephyr/libzephyr.a(usb_descriptor.c.obj)
                0x00000000000f513c                usb_update_sn_string_descriptor
 .text.usb_get_device_descriptor
                0x00000000000f51c4      0x1e4 zephyr/libzephyr.a(usb_descriptor.c.obj)
                0x00000000000f51c4                usb_get_device_descriptor
 .text.usb_ep_get_transfer
                0x00000000000f53a8       0x2c zephyr/libzephyr.a(usb_transfer.c.obj)
 .text.usb_transfer_work
                0x00000000000f53d4      0x100 zephyr/libzephyr.a(usb_transfer.c.obj)
 .text.usb_transfer_ep_callback
                0x00000000000f54d4       0x5c zephyr/libzephyr.a(usb_transfer.c.obj)
                0x00000000000f54d4                usb_transfer_ep_callback
 .text.usb_transfer
                0x00000000000f5530       0xe4 zephyr/libzephyr.a(usb_transfer.c.obj)
                0x00000000000f5530                usb_transfer
 .text.usb_cancel_transfer
                0x00000000000f5614       0x3c zephyr/libzephyr.a(usb_transfer.c.obj)
                0x00000000000f5614                usb_cancel_transfer
 .text.usb_cancel_transfers
                0x00000000000f5650       0x44 zephyr/libzephyr.a(usb_transfer.c.obj)
                0x00000000000f5650                usb_cancel_transfers
 .text.usb_transfer_init
                0x00000000000f5694       0x34 zephyr/libzephyr.a(usb_transfer.c.obj)
                0x00000000000f5694                usb_transfer_init
 .text.cdc_acm_class_handle_req
                0x00000000000f56c8       0x64 zephyr/libzephyr.a(cdc_acm.c.obj)
                0x00000000000f56c8                cdc_acm_class_handle_req
 .text.cdc_acm_int_in
                0x00000000000f572c       0x18 zephyr/libzephyr.a(cdc_acm.c.obj)
 .text.cdc_acm_irq_rx_enable
                0x00000000000f5744       0x20 zephyr/libzephyr.a(cdc_acm.c.obj)
 .text.cdc_acm_irq_tx_enable
                0x00000000000f5764       0x20 zephyr/libzephyr.a(cdc_acm.c.obj)
 .text.cdc_acm_write_cb
                0x00000000000f5784       0x54 zephyr/libzephyr.a(cdc_acm.c.obj)
 .text.cdc_acm_fifo_fill
                0x00000000000f57d8       0x3c zephyr/libzephyr.a(cdc_acm.c.obj)
 .text.cdc_acm_reset_port
                0x00000000000f5814       0x3c zephyr/libzephyr.a(cdc_acm.c.obj)
 .text.tx_work_handler
                0x00000000000f5850       0x64 zephyr/libzephyr.a(cdc_acm.c.obj)
 .text.cdc_acm_init
                0x00000000000f58b4       0x48 zephyr/libzephyr.a(cdc_acm.c.obj)
 .text.cdc_acm_poll_out
                0x00000000000f58fc       0x70 zephyr/libzephyr.a(cdc_acm.c.obj)
 .text.cdc_acm_read_cb
                0x00000000000f596c       0x74 zephyr/libzephyr.a(cdc_acm.c.obj)
 .text.cdc_acm_dev_status_cb
                0x00000000000f59e0       0x84 zephyr/libzephyr.a(cdc_acm.c.obj)
 .text.dfu_check_app_state
                0x00000000000f5a64       0x18 zephyr/libzephyr.a(usb_dfu.c.obj)
 .text.dfu_interface_config
                0x00000000000f5a7c        0xc zephyr/libzephyr.a(usb_dfu.c.obj)
 .text.dfu_custom_handle_req
                0x00000000000f5a88       0x68 zephyr/libzephyr.a(usb_dfu.c.obj)
 .text.dfu_reset_counters
                0x00000000000f5af0       0x28 zephyr/libzephyr.a(usb_dfu.c.obj)
 .text.dfu_class_handle_req
                0x00000000000f5b18      0x20c zephyr/libzephyr.a(usb_dfu.c.obj)
 .text.usb_dfu_init
                0x00000000000f5d24       0x64 zephyr/libzephyr.a(usb_dfu.c.obj)
 .text.dfu_work_handler
                0x00000000000f5d88       0x74 zephyr/libzephyr.a(usb_dfu.c.obj)
 .text.dfu_timer_work_handler
                0x00000000000f5dfc       0x40 zephyr/libzephyr.a(usb_dfu.c.obj)
 .text.z_usb_work_q_init
                0x00000000000f5e3c       0x34 zephyr/libzephyr.a(usb_work_q.c.obj)
 .text.z_SysNmiOnReset
                0x00000000000f5e70        0x8 zephyr/arch/arch/arm/core/libarch__arm__core.a(nmi_on_reset.S.obj)
                0x00000000000f5e70                z_SysNmiOnReset
 .text.arch_tls_stack_setup
                0x00000000000f5e78       0x40 zephyr/arch/arch/arm/core/libarch__arm__core.a(tls.c.obj)
                0x00000000000f5e78                arch_tls_stack_setup
 .text._HandlerModeExit
                0x00000000000f5eb8       0x28 zephyr/arch/arch/arm/core/cortex_m/libarch__arm__core__cortex_m.a(exc_exit.c.obj)
                0x00000000000f5eb8                z_arm_exc_exit
                0x00000000000f5eb8                z_arm_int_exit
 .text.mem_manage_fault
                0x00000000000f5ee0       0xa0 zephyr/arch/arch/arm/core/cortex_m/libarch__arm__core__cortex_m.a(fault.c.obj)
 .text.usage_fault.constprop.0
                0x00000000000f5f80       0x54 zephyr/arch/arch/arm/core/cortex_m/libarch__arm__core__cortex_m.a(fault.c.obj)
 .text.bus_fault.constprop.0
                0x00000000000f5fd4       0x6c zephyr/arch/arch/arm/core/cortex_m/libarch__arm__core__cortex_m.a(fault.c.obj)
 .text.z_arm_fault
                0x00000000000f6040      0x128 zephyr/arch/arch/arm/core/cortex_m/libarch__arm__core__cortex_m.a(fault.c.obj)
                0x00000000000f6040                z_arm_fault
 .text.z_arm_fault_init
                0x00000000000f6168       0x18 zephyr/arch/arch/arm/core/cortex_m/libarch__arm__core__cortex_m.a(fault.c.obj)
                0x00000000000f6168                z_arm_fault_init
 .text.__fault  0x00000000000f6180       0x14 zephyr/arch/arch/arm/core/cortex_m/libarch__arm__core__cortex_m.a(fault_s.S.obj)
                0x00000000000f6180                z_arm_bus_fault
                0x00000000000f6180                z_arm_usage_fault
                0x00000000000f6180                z_arm_mpu_fault
                0x00000000000f6180                z_arm_exc_spurious
                0x00000000000f6180                z_arm_debug_monitor
                0x00000000000f6180                z_arm_hard_fault
 .text._reset_section
                0x00000000000f6194       0x30 zephyr/arch/arch/arm/core/cortex_m/libarch__arm__core__cortex_m.a(reset.S.obj)
                0x00000000000f6194                z_arm_reset
                0x00000000000f6194                __start
 .text.sys_arch_reboot
                0x00000000000f61c4       0x24 zephyr/arch/arch/arm/core/cortex_m/libarch__arm__core__cortex_m.a(scb.c.obj)
                0x00000000000f61c4                sys_arch_reboot
 .text.z_impl_k_thread_abort
                0x00000000000f61e8       0x2c zephyr/arch/arch/arm/core/cortex_m/libarch__arm__core__cortex_m.a(thread_abort.c.obj)
                0x00000000000f61e8                z_impl_k_thread_abort
 .text.arch_swap
                0x00000000000f6214       0x30 zephyr/arch/arch/arm/core/cortex_m/libarch__arm__core__cortex_m.a(swap.c.obj)
                0x00000000000f6214                arch_swap
 .text.z_arm_pendsv_c
                0x00000000000f6244       0x48 zephyr/arch/arch/arm/core/cortex_m/libarch__arm__core__cortex_m.a(swap.c.obj)
                0x00000000000f6244                z_arm_pendsv_c
 .text.z_arm_pendsv
                0x00000000000f628c       0x34 zephyr/arch/arch/arm/core/cortex_m/libarch__arm__core__cortex_m.a(swap_helper.S.obj)
                0x00000000000f628c                z_arm_pendsv
 .text.z_arm_svc
                0x00000000000f62c0       0x20 zephyr/arch/arch/arm/core/cortex_m/libarch__arm__core__cortex_m.a(swap_helper.S.obj)
                0x00000000000f62c0                z_arm_svc
 .text.arch_irq_enable
                0x00000000000f62e0       0x1c zephyr/arch/arch/arm/core/cortex_m/libarch__arm__core__cortex_m.a(irq_manage.c.obj)
                0x00000000000f62e0                arch_irq_enable
 .text.arch_irq_disable
                0x00000000000f62fc       0x28 zephyr/arch/arch/arm/core/cortex_m/libarch__arm__core__cortex_m.a(irq_manage.c.obj)
                0x00000000000f62fc                arch_irq_disable
 .text.arch_irq_is_enabled
                0x00000000000f6324       0x1c zephyr/arch/arch/arm/core/cortex_m/libarch__arm__core__cortex_m.a(irq_manage.c.obj)
                0x00000000000f6324                arch_irq_is_enabled
 .text.z_arm_irq_priority_set
                0x00000000000f6340       0x30 zephyr/arch/arch/arm/core/cortex_m/libarch__arm__core__cortex_m.a(irq_manage.c.obj)
                0x00000000000f6340                z_arm_irq_priority_set
 .text.z_prep_c
                0x00000000000f6370       0x48 zephyr/arch/arch/arm/core/cortex_m/libarch__arm__core__cortex_m.a(prep_c.c.obj)
                0x00000000000f6370                z_prep_c
 .text.arch_new_thread
                0x00000000000f63b8       0x38 zephyr/arch/arch/arm/core/cortex_m/libarch__arm__core__cortex_m.a(thread.c.obj)
                0x00000000000f63b8                arch_new_thread
 .text.z_check_thread_stack_fail
                0x00000000000f63f0       0x2c zephyr/arch/arch/arm/core/cortex_m/libarch__arm__core__cortex_m.a(thread.c.obj)
                0x00000000000f63f0                z_check_thread_stack_fail
 .text.arch_switch_to_main_thread
                0x00000000000f641c       0x44 zephyr/arch/arch/arm/core/cortex_m/libarch__arm__core__cortex_m.a(thread.c.obj)
                0x00000000000f641c                arch_switch_to_main_thread
 .text.z_arm_cpu_idle_init
                0x00000000000f6460        0xc zephyr/arch/arch/arm/core/cortex_m/libarch__arm__core__cortex_m.a(cpu_idle.c.obj)
                0x00000000000f6460                z_arm_cpu_idle_init
 .text.z_arm_interrupt_init
                0x00000000000f646c       0x18 zephyr/arch/arch/arm/core/cortex_m/libarch__arm__core__cortex_m.a(irq_init.c.obj)
                0x00000000000f646c                z_arm_interrupt_init
 .text._isr_wrapper
                0x00000000000f6484       0x24 zephyr/arch/arch/arm/core/cortex_m/libarch__arm__core__cortex_m.a(isr_wrapper.c.obj)
                0x00000000000f6484                _isr_wrapper
 .text.z_arm_configure_static_mpu_regions
                0x00000000000f64a8       0x18 zephyr/arch/arch/arm/core/mpu/libarch__arm__core__mpu.a(arm_core_mpu.c.obj)
                0x00000000000f64a8                z_arm_configure_static_mpu_regions
 .text.z_arm_configure_dynamic_mpu_regions
                0x00000000000f64c0       0x20 zephyr/arch/arch/arm/core/mpu/libarch__arm__core__mpu.a(arm_core_mpu.c.obj)
                0x00000000000f64c0                z_arm_configure_dynamic_mpu_regions
 .text.region_init
                0x00000000000f64e0       0x28 zephyr/arch/arch/arm/core/mpu/libarch__arm__core__mpu.a(arm_mpu.c.obj)
 .text.mpu_configure_regions
                0x00000000000f6508       0x6c zephyr/arch/arch/arm/core/mpu/libarch__arm__core__mpu.a(arm_mpu.c.obj)
 .text.arm_core_mpu_enable
                0x00000000000f6574       0x18 zephyr/arch/arch/arm/core/mpu/libarch__arm__core__mpu.a(arm_mpu.c.obj)
                0x00000000000f6574                arm_core_mpu_enable
 .text.arm_core_mpu_disable
                0x00000000000f658c       0x14 zephyr/arch/arch/arm/core/mpu/libarch__arm__core__mpu.a(arm_mpu.c.obj)
                0x00000000000f658c                arm_core_mpu_disable
 .text.arm_core_mpu_configure_static_mpu_regions
                0x00000000000f65a0       0x14 zephyr/arch/arch/arm/core/mpu/libarch__arm__core__mpu.a(arm_mpu.c.obj)
                0x00000000000f65a0                arm_core_mpu_configure_static_mpu_regions
 .text.arm_core_mpu_configure_dynamic_mpu_regions
                0x00000000000f65b4       0x38 zephyr/arch/arch/arm/core/mpu/libarch__arm__core__mpu.a(arm_mpu.c.obj)
                0x00000000000f65b4                arm_core_mpu_configure_dynamic_mpu_regions
 .text.z_arm_mpu_init
                0x00000000000f65ec      0x168 zephyr/arch/arch/arm/core/mpu/libarch__arm__core__mpu.a(arm_mpu.c.obj)
                0x00000000000f65ec                z_arm_mpu_init
 .text.z_impl_zephyr_fputc
                0x00000000000f6754       0x10 zephyr/lib/libc/picolibc/liblib__libc__picolibc.a(libc-hooks.c.obj)
                0x00000000000f6754                z_impl_zephyr_fputc
 .text.__stdout_hook_install
                0x00000000000f6764       0x18 zephyr/lib/libc/picolibc/liblib__libc__picolibc.a(libc-hooks.c.obj)
                0x00000000000f6764                __stdout_hook_install
 .text.malloc_prepare
                0x00000000000f677c       0x24 zephyr/lib/libc/common/liblib__libc__common.a(malloc.c.obj)
 .text.nordicsemi_nrf52_init
                0x00000000000f67a0       0x44 zephyr/soc/soc/nrf52840/libsoc__nordic.a(soc.c.obj)
 .text.arch_busy_wait
                0x00000000000f67e4       0x14 zephyr/soc/soc/nrf52840/libsoc__nordic.a(soc.c.obj)
                0x00000000000f67e4                arch_busy_wait
 .text.endpoint_ctx
                0x00000000000f67f8       0x60 zephyr/drivers/usb/device/libdrivers__usb__device.a(usb_dc_nrfx.c.obj)
 .text.usbd_work_schedule
                0x00000000000f6858       0x10 zephyr/drivers/usb/device/libdrivers__usb__device.a(usb_dc_nrfx.c.obj)
 .text.usbd_evt_put
                0x00000000000f6868        0xc zephyr/drivers/usb/device/libdrivers__usb__device.a(usb_dc_nrfx.c.obj)
 .text.usbd_evt_get
                0x00000000000f6874       0x10 zephyr/drivers/usb/device/libdrivers__usb__device.a(usb_dc_nrfx.c.obj)
 .text.usb_init
                0x00000000000f6884       0x70 zephyr/drivers/usb/device/libdrivers__usb__device.a(usb_dc_nrfx.c.obj)
 .text.hfxo_stop.constprop.0.isra.0
                0x00000000000f68f4       0x40 zephyr/drivers/usb/device/libdrivers__usb__device.a(usb_dc_nrfx.c.obj)
 .text.eps_ctx_init
                0x00000000000f6934       0x68 zephyr/drivers/usb/device/libdrivers__usb__device.a(usb_dc_nrfx.c.obj)
 .text.usbd_evt_flush
                0x00000000000f699c       0x1c zephyr/drivers/usb/device/libdrivers__usb__device.a(usb_dc_nrfx.c.obj)
 .text.usbd_evt_alloc
                0x00000000000f69b8       0x44 zephyr/drivers/usb/device/libdrivers__usb__device.a(usb_dc_nrfx.c.obj)
 .text.usb_dc_power_event_handler
                0x00000000000f69fc       0x34 zephyr/drivers/usb/device/libdrivers__usb__device.a(usb_dc_nrfx.c.obj)
 .text.usbd_event_transfer_data
                0x00000000000f6a30       0xa8 zephyr/drivers/usb/device/libdrivers__usb__device.a(usb_dc_nrfx.c.obj)
 .text.usbd_event_handler
                0x00000000000f6ad8      0x11c zephyr/drivers/usb/device/libdrivers__usb__device.a(usb_dc_nrfx.c.obj)
 .text.usbd_work_handler
                0x00000000000f6bf4      0x2e0 zephyr/drivers/usb/device/libdrivers__usb__device.a(usb_dc_nrfx.c.obj)
 .text.usb_dc_attach
                0x00000000000f6ed4       0x64 zephyr/drivers/usb/device/libdrivers__usb__device.a(usb_dc_nrfx.c.obj)
                0x00000000000f6ed4                usb_dc_attach
 .text.usb_dc_detach
                0x00000000000f6f38       0x40 zephyr/drivers/usb/device/libdrivers__usb__device.a(usb_dc_nrfx.c.obj)
                0x00000000000f6f38                usb_dc_detach
 .text.usb_dc_set_address
                0x00000000000f6f78       0x24 zephyr/drivers/usb/device/libdrivers__usb__device.a(usb_dc_nrfx.c.obj)
                0x00000000000f6f78                usb_dc_set_address
 .text.usb_dc_ep_configure
                0x00000000000f6f9c       0x48 zephyr/drivers/usb/device/libdrivers__usb__device.a(usb_dc_nrfx.c.obj)
                0x00000000000f6f9c                usb_dc_ep_configure
 .text.usb_dc_ep_set_stall
                0x00000000000f6fe4       0x50 zephyr/drivers/usb/device/libdrivers__usb__device.a(usb_dc_nrfx.c.obj)
                0x00000000000f6fe4                usb_dc_ep_set_stall
 .text.usb_dc_ep_clear_stall
                0x00000000000f7034       0x40 zephyr/drivers/usb/device/libdrivers__usb__device.a(usb_dc_nrfx.c.obj)
                0x00000000000f7034                usb_dc_ep_clear_stall
 .text.usb_dc_ep_is_stalled
                0x00000000000f7074       0x38 zephyr/drivers/usb/device/libdrivers__usb__device.a(usb_dc_nrfx.c.obj)
                0x00000000000f7074                usb_dc_ep_is_stalled
 .text.usb_dc_ep_enable
                0x00000000000f70ac       0x54 zephyr/drivers/usb/device/libdrivers__usb__device.a(usb_dc_nrfx.c.obj)
                0x00000000000f70ac                usb_dc_ep_enable
 .text.usb_dc_ep_write
                0x00000000000f7100       0xf8 zephyr/drivers/usb/device/libdrivers__usb__device.a(usb_dc_nrfx.c.obj)
                0x00000000000f7100                usb_dc_ep_write
 .text.usb_dc_ep_read_wait
                0x00000000000f71f8       0x90 zephyr/drivers/usb/device/libdrivers__usb__device.a(usb_dc_nrfx.c.obj)
                0x00000000000f71f8                usb_dc_ep_read_wait
 .text.usb_dc_ep_read_continue
                0x00000000000f7288       0x84 zephyr/drivers/usb/device/libdrivers__usb__device.a(usb_dc_nrfx.c.obj)
                0x00000000000f7288                usb_dc_ep_read_continue
 .text.usb_dc_ep_set_callback
                0x00000000000f730c       0x28 zephyr/drivers/usb/device/libdrivers__usb__device.a(usb_dc_nrfx.c.obj)
                0x00000000000f730c                usb_dc_ep_set_callback
 .text.usb_dc_set_status_callback
                0x00000000000f7334        0xc zephyr/drivers/usb/device/libdrivers__usb__device.a(usb_dc_nrfx.c.obj)
                0x00000000000f7334                usb_dc_set_status_callback
 .text.usb_dc_ep_mps
                0x00000000000f7340       0x24 zephyr/drivers/usb/device/libdrivers__usb__device.a(usb_dc_nrfx.c.obj)
                0x00000000000f7340                usb_dc_ep_mps
 .text.nrf52_errata_187
                0x00000000000f7364       0x28 zephyr/drivers/usb/common/nrf_usbd_common/libdrivers__usb__common__nrf_usbd_common.a(nrf_usbd_common.c.obj)
 .text.ep_state_access
                0x00000000000f738c       0x20 zephyr/drivers/usb/common/nrf_usbd_common/libdrivers__usb__common__nrf_usbd_common.a(nrf_usbd_common.c.obj)
 .text.usbd_errata_187_211_begin
                0x00000000000f73ac       0x3c zephyr/drivers/usb/common/nrf_usbd_common/libdrivers__usb__common__nrf_usbd_common.a(nrf_usbd_common.c.obj)
 .text.usbd_errata_187_211_end
                0x00000000000f73e8       0x3c zephyr/drivers/usb/common/nrf_usbd_common/libdrivers__usb__common__nrf_usbd_common.a(nrf_usbd_common.c.obj)
 .text.usbd_dma_pending_clear
                0x00000000000f7424       0x1c zephyr/drivers/usb/common/nrf_usbd_common/libdrivers__usb__common__nrf_usbd_common.a(nrf_usbd_common.c.obj)
 .text.nrf_usbd_common_uninit
                0x00000000000f7440       0x14 zephyr/drivers/usb/common/nrf_usbd_common/libdrivers__usb__common__nrf_usbd_common.a(nrf_usbd_common.c.obj)
                0x00000000000f7440                nrf_usbd_common_uninit
 .text.nrf_usbd_common_enable
                0x00000000000f7454      0x148 zephyr/drivers/usb/common/nrf_usbd_common/libdrivers__usb__common__nrf_usbd_common.a(nrf_usbd_common.c.obj)
                0x00000000000f7454                nrf_usbd_common_enable
 .text.nrf_usbd_common_start
                0x00000000000f759c       0x38 zephyr/drivers/usb/common/nrf_usbd_common/libdrivers__usb__common__nrf_usbd_common.a(nrf_usbd_common.c.obj)
                0x00000000000f759c                nrf_usbd_common_start
 .text.nrf_usbd_common_is_enabled
                0x00000000000f75d4       0x14 zephyr/drivers/usb/common/nrf_usbd_common/libdrivers__usb__common__nrf_usbd_common.a(nrf_usbd_common.c.obj)
                0x00000000000f75d4                nrf_usbd_common_is_enabled
 .text.nrf_usbd_common_suspend
                0x00000000000f75e8       0x50 zephyr/drivers/usb/common/nrf_usbd_common/libdrivers__usb__common__nrf_usbd_common.a(nrf_usbd_common.c.obj)
                0x00000000000f75e8                nrf_usbd_common_suspend
 .text.nrf_usbd_common_init
                0x00000000000f7638       0x84 zephyr/drivers/usb/common/nrf_usbd_common/libdrivers__usb__common__nrf_usbd_common.a(nrf_usbd_common.c.obj)
                0x00000000000f7638                nrf_usbd_common_init
 .text.nrf_usbd_common_ep_enable_check
                0x00000000000f76bc       0x28 zephyr/drivers/usb/common/nrf_usbd_common/libdrivers__usb__common__nrf_usbd_common.a(nrf_usbd_common.c.obj)
                0x00000000000f76bc                nrf_usbd_common_ep_enable_check
 .text.nrf_usbd_common_ep_transfer
                0x00000000000f76e4       0x98 zephyr/drivers/usb/common/nrf_usbd_common/libdrivers__usb__common__nrf_usbd_common.a(nrf_usbd_common.c.obj)
                0x00000000000f76e4                nrf_usbd_common_ep_transfer
 .text.nrf_usbd_common_epout_size_get
                0x00000000000f777c       0x28 zephyr/drivers/usb/common/nrf_usbd_common/libdrivers__usb__common__nrf_usbd_common.a(nrf_usbd_common.c.obj)
                0x00000000000f777c                nrf_usbd_common_epout_size_get
 .text.nrf_usbd_common_irq_handler
                0x00000000000f77a4      0x48c zephyr/drivers/usb/common/nrf_usbd_common/libdrivers__usb__common__nrf_usbd_common.a(nrf_usbd_common.c.obj)
                0x00000000000f77a4                nrf_usbd_common_irq_handler
 .text.nrf_usbd_common_ep_stall
                0x00000000000f7c30       0x10 zephyr/drivers/usb/common/nrf_usbd_common/libdrivers__usb__common__nrf_usbd_common.a(nrf_usbd_common.c.obj)
                0x00000000000f7c30                nrf_usbd_common_ep_stall
 .text.nrf_usbd_common_ep_stall_check
                0x00000000000f7c40       0x34 zephyr/drivers/usb/common/nrf_usbd_common/libdrivers__usb__common__nrf_usbd_common.a(nrf_usbd_common.c.obj)
                0x00000000000f7c40                nrf_usbd_common_ep_stall_check
 .text.nrf_usbd_common_ep_dtoggle_clear
                0x00000000000f7c74       0x14 zephyr/drivers/usb/common/nrf_usbd_common/libdrivers__usb__common__nrf_usbd_common.a(nrf_usbd_common.c.obj)
                0x00000000000f7c74                nrf_usbd_common_ep_dtoggle_clear
 .text.nrf_usbd_common_setup_get
                0x00000000000f7c88       0x44 zephyr/drivers/usb/common/nrf_usbd_common/libdrivers__usb__common__nrf_usbd_common.a(nrf_usbd_common.c.obj)
                0x00000000000f7c88                nrf_usbd_common_setup_get
 .text.nrf_usbd_common_setup_data_clear
                0x00000000000f7ccc        0xc zephyr/drivers/usb/common/nrf_usbd_common/libdrivers__usb__common__nrf_usbd_common.a(nrf_usbd_common.c.obj)
                0x00000000000f7ccc                nrf_usbd_common_setup_data_clear
 .text.nrf_usbd_common_setup_clear
                0x00000000000f7cd8        0xc zephyr/drivers/usb/common/nrf_usbd_common/libdrivers__usb__common__nrf_usbd_common.a(nrf_usbd_common.c.obj)
                0x00000000000f7cd8                nrf_usbd_common_setup_clear
 .text.nrf_usbd_common_setup_stall
                0x00000000000f7ce4        0xc zephyr/drivers/usb/common/nrf_usbd_common/libdrivers__usb__common__nrf_usbd_common.a(nrf_usbd_common.c.obj)
                0x00000000000f7ce4                nrf_usbd_common_setup_stall
 .text.nrf_usbd_common_last_setup_dir_get
                0x00000000000f7cf0        0xc zephyr/drivers/usb/common/nrf_usbd_common/libdrivers__usb__common__nrf_usbd_common.a(nrf_usbd_common.c.obj)
                0x00000000000f7cf0                nrf_usbd_common_last_setup_dir_get
 .text.nrf_usbd_common_transfer_out_drop
                0x00000000000f7cfc       0x4c zephyr/drivers/usb/common/nrf_usbd_common/libdrivers__usb__common__nrf_usbd_common.a(nrf_usbd_common.c.obj)
                0x00000000000f7cfc                nrf_usbd_common_transfer_out_drop
 .text.usbd_ep_abort
                0x00000000000f7d48       0xf0 zephyr/drivers/usb/common/nrf_usbd_common/libdrivers__usb__common__nrf_usbd_common.a(nrf_usbd_common.c.obj)
 .text.nrf_usbd_common_ep_abort
                0x00000000000f7e38       0x34 zephyr/drivers/usb/common/nrf_usbd_common/libdrivers__usb__common__nrf_usbd_common.a(nrf_usbd_common.c.obj)
                0x00000000000f7e38                nrf_usbd_common_ep_abort
 .text.nrf_usbd_common_disable
                0x00000000000f7e6c       0xd4 zephyr/drivers/usb/common/nrf_usbd_common/libdrivers__usb__common__nrf_usbd_common.a(nrf_usbd_common.c.obj)
                0x00000000000f7e6c                nrf_usbd_common_disable
 .text.nrf_usbd_common_ep_disable
                0x00000000000f7f40       0x60 zephyr/drivers/usb/common/nrf_usbd_common/libdrivers__usb__common__nrf_usbd_common.a(nrf_usbd_common.c.obj)
                0x00000000000f7f40                nrf_usbd_common_ep_disable
 .text.nrf_usbd_common_ep_enable
                0x00000000000f7fa0       0x70 zephyr/drivers/usb/common/nrf_usbd_common/libdrivers__usb__common__nrf_usbd_common.a(nrf_usbd_common.c.obj)
                0x00000000000f7fa0                nrf_usbd_common_ep_enable
 .text.nrf_usbd_common_ep_stall_clear
                0x00000000000f8010       0x20 zephyr/drivers/usb/common/nrf_usbd_common/libdrivers__usb__common__nrf_usbd_common.a(nrf_usbd_common.c.obj)
                0x00000000000f8010                nrf_usbd_common_ep_stall_clear
 .text.onoff_stop
                0x00000000000f8030       0x30 zephyr/drivers/clock_control/libdrivers__clock_control.a(clock_control_nrf.c.obj)
 .text.onoff_start
                0x00000000000f8060       0x44 zephyr/drivers/clock_control/libdrivers__clock_control.a(clock_control_nrf.c.obj)
 .text.generic_hfclk_stop
                0x00000000000f80a4       0x34 zephyr/drivers/clock_control/libdrivers__clock_control.a(clock_control_nrf.c.obj)
 .text.clk_init
                0x00000000000f80d8       0x58 zephyr/drivers/clock_control/libdrivers__clock_control.a(clock_control_nrf.c.obj)
 .text.api_blocking_start
                0x00000000000f8130       0x3c zephyr/drivers/clock_control/libdrivers__clock_control.a(clock_control_nrf.c.obj)
 .text.clkstarted_handle.constprop.0
                0x00000000000f816c       0x4c zephyr/drivers/clock_control/libdrivers__clock_control.a(clock_control_nrf.c.obj)
 .text.generic_hfclk_start
                0x00000000000f81b8       0x78 zephyr/drivers/clock_control/libdrivers__clock_control.a(clock_control_nrf.c.obj)
 .text.clock_event_handler
                0x00000000000f8230       0x1c zephyr/drivers/clock_control/libdrivers__clock_control.a(clock_control_nrf.c.obj)
 .text.z_nrf_clock_control_get_onoff
                0x00000000000f824c       0x10 zephyr/drivers/clock_control/libdrivers__clock_control.a(clock_control_nrf.c.obj)
                0x00000000000f824c                z_nrf_clock_control_get_onoff
 .text.z_nrf_clock_control_lf_on
                0x00000000000f825c       0xfc zephyr/drivers/clock_control/libdrivers__clock_control.a(clock_control_nrf.c.obj)
                0x00000000000f825c                z_nrf_clock_control_lf_on
 .text.uart_console_init
                0x00000000000f8358       0x28 zephyr/drivers/console/libdrivers__console.a(uart_console.c.obj)
 .text.console_out
                0x00000000000f8380       0x28 zephyr/drivers/console/libdrivers__console.a(uart_console.c.obj)
 .text.qspi_get_zephyr_ret_code
                0x00000000000f83a8       0x1c zephyr/drivers/flash/libdrivers__flash.a(nrf_qspi_nor.c.obj)
 .text.qspi_nor_pages_layout
                0x00000000000f83c4       0x10 zephyr/drivers/flash/libdrivers__flash.a(nrf_qspi_nor.c.obj)
 .text.qspi_flash_get_parameters
                0x00000000000f83d4        0x8 zephyr/drivers/flash/libdrivers__flash.a(nrf_qspi_nor.c.obj)
 .text.nrf_qspi_pins_set.constprop.0
                0x00000000000f83dc       0x5c zephyr/drivers/flash/libdrivers__flash.a(nrf_qspi_nor.c.obj)
 .text.qspi_wait_for_completion.isra.0
                0x00000000000f8438       0x1c zephyr/drivers/flash/libdrivers__flash.a(nrf_qspi_nor.c.obj)
 .text.qspi_nor_init
                0x00000000000f8454      0x1a8 zephyr/drivers/flash/libdrivers__flash.a(nrf_qspi_nor.c.obj)
 .text.qspi_nor_erase
                0x00000000000f85fc       0xf4 zephyr/drivers/flash/libdrivers__flash.a(nrf_qspi_nor.c.obj)
 .text.qspi_nor_write
                0x00000000000f86f0      0x110 zephyr/drivers/flash/libdrivers__flash.a(nrf_qspi_nor.c.obj)
 .text.qspi_nor_read
                0x00000000000f8800      0x13c zephyr/drivers/flash/libdrivers__flash.a(nrf_qspi_nor.c.obj)
 .text.flash_nrf_pages_layout
                0x00000000000f893c       0x10 zephyr/drivers/flash/libdrivers__flash.a(soc_flash_nrf.c.obj)
 .text.flash_nrf_get_parameters
                0x00000000000f894c        0x8 zephyr/drivers/flash/libdrivers__flash.a(soc_flash_nrf.c.obj)
 .text.nrf_flash_init
                0x00000000000f8954       0x28 zephyr/drivers/flash/libdrivers__flash.a(soc_flash_nrf.c.obj)
 .text.restore_pofwarn.part.0
                0x00000000000f897c       0x2c zephyr/drivers/flash/libdrivers__flash.a(soc_flash_nrf.c.obj)
 .text.suspend_pofwarn
                0x00000000000f89a8       0x58 zephyr/drivers/flash/libdrivers__flash.a(soc_flash_nrf.c.obj)
 .text.flash_nrf_erase
                0x00000000000f8a00       0x88 zephyr/drivers/flash/libdrivers__flash.a(soc_flash_nrf.c.obj)
 .text.flash_nrf_write
                0x00000000000f8a88       0x8c zephyr/drivers/flash/libdrivers__flash.a(soc_flash_nrf.c.obj)
 .text.gpio_nrfx_pin_interrupt_configure
                0x00000000000f8b14      0x100 zephyr/drivers/gpio/libdrivers__gpio.a(gpio_nrfx.c.obj)
 .text.gpio_nrfx_init
                0x00000000000f8c14       0x48 zephyr/drivers/gpio/libdrivers__gpio.a(gpio_nrfx.c.obj)
 .text.nrfx_gpio_handler
                0x00000000000f8c5c       0x4c zephyr/drivers/gpio/libdrivers__gpio.a(gpio_nrfx.c.obj)
 .text.gpio_nrfx_pin_configure
                0x00000000000f8ca8      0x18c zephyr/drivers/gpio/libdrivers__gpio.a(gpio_nrfx.c.obj)
 .text.nrf_gpio_pin_port_decode
                0x00000000000f8e34       0x20 zephyr/drivers/pinctrl/libdrivers__pinctrl.a(pinctrl_nrf.c.obj)
 .text.pinctrl_configure_pins
                0x00000000000f8e54      0x1a4 zephyr/drivers/pinctrl/libdrivers__pinctrl.a(pinctrl_nrf.c.obj)
                0x00000000000f8e54                pinctrl_configure_pins
 .text.uarte_0_init
                0x00000000000f8ff8       0xdc zephyr/drivers/serial/libdrivers__serial.a(uart_nrfx_uarte.c.obj)
 .text.uarte_nrfx_poll_out
                0x00000000000f90d4       0x98 zephyr/drivers/serial/libdrivers__serial.a(uart_nrfx_uarte.c.obj)
 .text.compare_int_lock
                0x00000000000f916c       0x48 zephyr/drivers/timer/libdrivers__timer.a(nrf_rtc_timer.c.obj)
 .text.sys_clock_timeout_handler
                0x00000000000f91b4       0x48 zephyr/drivers/timer/libdrivers__timer.a(nrf_rtc_timer.c.obj)
 .text.compare_int_unlock
                0x00000000000f91fc       0x5c zephyr/drivers/timer/libdrivers__timer.a(nrf_rtc_timer.c.obj)
 .text.z_nrf_rtc_timer_read
                0x00000000000f9258       0x44 zephyr/drivers/timer/libdrivers__timer.a(nrf_rtc_timer.c.obj)
                0x00000000000f9258                z_nrf_rtc_timer_read
 .text.compare_set
                0x00000000000f929c      0x130 zephyr/drivers/timer/libdrivers__timer.a(nrf_rtc_timer.c.obj)
 .text.sys_clock_driver_init
                0x00000000000f93cc       0x90 zephyr/drivers/timer/libdrivers__timer.a(nrf_rtc_timer.c.obj)
 .text.rtc_nrf_isr
                0x00000000000f945c       0xd4 zephyr/drivers/timer/libdrivers__timer.a(nrf_rtc_timer.c.obj)
                0x00000000000f945c                rtc_nrf_isr
 .text.sys_clock_set_timeout
                0x00000000000f9530       0x5c zephyr/drivers/timer/libdrivers__timer.a(nrf_rtc_timer.c.obj)
                0x00000000000f9530                sys_clock_set_timeout
 .text.sys_clock_elapsed
                0x00000000000f958c       0x14 zephyr/drivers/timer/libdrivers__timer.a(nrf_rtc_timer.c.obj)
                0x00000000000f958c                sys_clock_elapsed
 .text.sys_clock_disable
                0x00000000000f95a0       0x30 zephyr/drivers/timer/libdrivers__timer.a(nrf_rtc_timer.c.obj)
                0x00000000000f95a0                sys_clock_disable
 .text.nrf52_errata_98
                0x00000000000f95d0       0x24 modules/hal_nordic/nrfx/libmodules__hal_nordic__nrfx.a(system_nrf52840.c.obj)
 .text.nvmc_wait
                0x00000000000f95f4       0x10 modules/hal_nordic/nrfx/libmodules__hal_nordic__nrfx.a(system_nrf52840.c.obj)
                0x00000000000f95f4                nvmc_wait
 .text.SystemInit
                0x00000000000f9604      0x1bc modules/hal_nordic/nrfx/libmodules__hal_nordic__nrfx.a(system_nrf52840.c.obj)
                0x00000000000f9604                SystemInit
 .text.nrfx_flag32_alloc
                0x00000000000f97c0       0x48 modules/hal_nordic/nrfx/libmodules__hal_nordic__nrfx.a(nrfx_flag32_allocator.c.obj)
                0x00000000000f97c0                nrfx_flag32_alloc
 .text.nrfx_flag32_free
                0x00000000000f9808       0x40 modules/hal_nordic/nrfx/libmodules__hal_nordic__nrfx.a(nrfx_flag32_allocator.c.obj)
                0x00000000000f9808                nrfx_flag32_free
 .text.nrfx_gppi_channels_enable
                0x00000000000f9848        0xc modules/hal_nordic/nrfx/libmodules__hal_nordic__nrfx.a(nrfx_gppi_ppi.c.obj)
                0x00000000000f9848                nrfx_gppi_channels_enable
 .text.clock_stop
                0x00000000000f9854       0xc4 modules/hal_nordic/nrfx/libmodules__hal_nordic__nrfx.a(nrfx_clock.c.obj)
 .text.nrfx_clock_init
                0x00000000000f9918       0x20 modules/hal_nordic/nrfx/libmodules__hal_nordic__nrfx.a(nrfx_clock.c.obj)
                0x00000000000f9918                nrfx_clock_init
 .text.nrfx_clock_enable
                0x00000000000f9938       0x30 modules/hal_nordic/nrfx/libmodules__hal_nordic__nrfx.a(nrfx_clock.c.obj)
                0x00000000000f9938                nrfx_clock_enable
 .text.nrfx_clock_start
                0x00000000000f9968       0xa8 modules/hal_nordic/nrfx/libmodules__hal_nordic__nrfx.a(nrfx_clock.c.obj)
                0x00000000000f9968                nrfx_clock_start
 .text.nrfx_clock_irq_handler
                0x00000000000f9a10       0x68 modules/hal_nordic/nrfx/libmodules__hal_nordic__nrfx.a(nrfx_clock.c.obj)
                0x00000000000f9a10                nrfx_clock_irq_handler
 .text.nrf_gpio_pin_port_decode
                0x00000000000f9a78       0x20 modules/hal_nordic/nrfx/libmodules__hal_nordic__nrfx.a(nrfx_gpiote.c.obj)
 .text.get_pin_idx
                0x00000000000f9a98       0x14 modules/hal_nordic/nrfx/libmodules__hal_nordic__nrfx.a(nrfx_gpiote.c.obj)
 .text.call_handler.constprop.0
                0x00000000000f9aac       0x40 modules/hal_nordic/nrfx/libmodules__hal_nordic__nrfx.a(nrfx_gpiote.c.obj)
 .text.pin_te_get.constprop.0
                0x00000000000f9aec       0x18 modules/hal_nordic/nrfx/libmodules__hal_nordic__nrfx.a(nrfx_gpiote.c.obj)
 .text.pin_is_output.constprop.0
                0x00000000000f9b04       0x18 modules/hal_nordic/nrfx/libmodules__hal_nordic__nrfx.a(nrfx_gpiote.c.obj)
 .text.pin_in_use_by_te.constprop.0
                0x00000000000f9b1c       0x18 modules/hal_nordic/nrfx/libmodules__hal_nordic__nrfx.a(nrfx_gpiote.c.obj)
 .text.latch_pending_read_and_check
                0x00000000000f9b34       0x40 modules/hal_nordic/nrfx/libmodules__hal_nordic__nrfx.a(nrfx_gpiote.c.obj)
 .text.release_handler.isra.0
                0x00000000000f9b74       0x58 modules/hal_nordic/nrfx/libmodules__hal_nordic__nrfx.a(nrfx_gpiote.c.obj)
 .text.__nrfy_internal_gpiote_events_process.constprop.0
                0x00000000000f9bcc       0x5c modules/hal_nordic/nrfx/libmodules__hal_nordic__nrfx.a(nrfx_gpiote.c.obj)
 .text.pin_uninit
                0x00000000000f9c28       0x80 modules/hal_nordic/nrfx/libmodules__hal_nordic__nrfx.a(nrfx_gpiote.c.obj)
 .text.nrfx_gpiote_input_configure
                0x00000000000f9ca8      0x174 modules/hal_nordic/nrfx/libmodules__hal_nordic__nrfx.a(nrfx_gpiote.c.obj)
                0x00000000000f9ca8                nrfx_gpiote_input_configure
 .text.nrfx_gpiote_output_configure
                0x00000000000f9e1c       0xfc modules/hal_nordic/nrfx/libmodules__hal_nordic__nrfx.a(nrfx_gpiote.c.obj)
                0x00000000000f9e1c                nrfx_gpiote_output_configure
 .text.nrfx_gpiote_global_callback_set
                0x00000000000f9f18        0xc modules/hal_nordic/nrfx/libmodules__hal_nordic__nrfx.a(nrfx_gpiote.c.obj)
                0x00000000000f9f18                nrfx_gpiote_global_callback_set
 .text.nrfx_gpiote_channel_get
                0x00000000000f9f24       0x34 modules/hal_nordic/nrfx/libmodules__hal_nordic__nrfx.a(nrfx_gpiote.c.obj)
                0x00000000000f9f24                nrfx_gpiote_channel_get
 .text.nrfx_gpiote_init
                0x00000000000f9f58       0x68 modules/hal_nordic/nrfx/libmodules__hal_nordic__nrfx.a(nrfx_gpiote.c.obj)
                0x00000000000f9f58                nrfx_gpiote_init
 .text.nrfx_gpiote_init_check
                0x00000000000f9fc0       0x14 modules/hal_nordic/nrfx/libmodules__hal_nordic__nrfx.a(nrfx_gpiote.c.obj)
                0x00000000000f9fc0                nrfx_gpiote_init_check
 .text.nrfx_gpiote_channel_free
                0x00000000000f9fd4        0xc modules/hal_nordic/nrfx/libmodules__hal_nordic__nrfx.a(nrfx_gpiote.c.obj)
                0x00000000000f9fd4                nrfx_gpiote_channel_free
 .text.nrfx_gpiote_channel_alloc
                0x00000000000f9fe0        0xc modules/hal_nordic/nrfx/libmodules__hal_nordic__nrfx.a(nrfx_gpiote.c.obj)
                0x00000000000f9fe0                nrfx_gpiote_channel_alloc
 .text.nrfx_gpiote_trigger_enable
                0x00000000000f9fec       0xb0 modules/hal_nordic/nrfx/libmodules__hal_nordic__nrfx.a(nrfx_gpiote.c.obj)
                0x00000000000f9fec                nrfx_gpiote_trigger_enable
 .text.nrfx_gpiote_0_irq_handler
                0x00000000000fa09c      0x1bc modules/hal_nordic/nrfx/libmodules__hal_nordic__nrfx.a(nrfx_gpiote.c.obj)
                0x00000000000fa09c                nrfx_gpiote_0_irq_handler
 .text.nvmc_word_write
                0x00000000000fa258       0x18 modules/hal_nordic/nrfx/libmodules__hal_nordic__nrfx.a(nrfx_nvmc.c.obj)
 .text.nrfx_nvmc_page_erase
                0x00000000000fa270       0x40 modules/hal_nordic/nrfx/libmodules__hal_nordic__nrfx.a(nrfx_nvmc.c.obj)
                0x00000000000fa270                nrfx_nvmc_page_erase
 .text.nrfx_nvmc_word_write
                0x00000000000fa2b0       0x1c modules/hal_nordic/nrfx/libmodules__hal_nordic__nrfx.a(nrfx_nvmc.c.obj)
                0x00000000000fa2b0                nrfx_nvmc_word_write
 .text.nrfx_power_init
                0x00000000000fa2cc       0x74 modules/hal_nordic/nrfx/libmodules__hal_nordic__nrfx.a(nrfx_power.c.obj)
                0x00000000000fa2cc                nrfx_power_init
 .text.nrfx_power_usbevt_uninit
                0x00000000000fa340       0x18 modules/hal_nordic/nrfx/libmodules__hal_nordic__nrfx.a(nrfx_power.c.obj)
                0x00000000000fa340                nrfx_power_usbevt_uninit
 .text.nrfx_power_usbevt_init
                0x00000000000fa358       0x14 modules/hal_nordic/nrfx/libmodules__hal_nordic__nrfx.a(nrfx_power.c.obj)
                0x00000000000fa358                nrfx_power_usbevt_init
 .text.nrfx_power_irq_handler
                0x00000000000fa36c       0xa0 modules/hal_nordic/nrfx/libmodules__hal_nordic__nrfx.a(nrfx_power.c.obj)
                0x00000000000fa36c                nrfx_power_irq_handler
 .text.nrfx_ppi_channel_alloc
                0x00000000000fa40c        0xc modules/hal_nordic/nrfx/libmodules__hal_nordic__nrfx.a(nrfx_ppi.c.obj)
                0x00000000000fa40c                nrfx_ppi_channel_alloc
 .text.qspi_ready_wait
                0x00000000000fa418       0x54 modules/hal_nordic/nrfx/libmodules__hal_nordic__nrfx.a(nrfx_qspi.c.obj)
 .text.qspi_activate
                0x00000000000fa46c       0x34 modules/hal_nordic/nrfx/libmodules__hal_nordic__nrfx.a(nrfx_qspi.c.obj)
 .text.qspi_xfer
                0x00000000000fa4a0       0xe8 modules/hal_nordic/nrfx/libmodules__hal_nordic__nrfx.a(nrfx_qspi.c.obj)
 .text.qspi_event_xfer_handle.constprop.0
                0x00000000000fa588       0x28 modules/hal_nordic/nrfx/libmodules__hal_nordic__nrfx.a(nrfx_qspi.c.obj)
 .text.nrf_gpio_cfg.constprop.0
                0x00000000000fa5b0       0x44 modules/hal_nordic/nrfx/libmodules__hal_nordic__nrfx.a(nrfx_qspi.c.obj)
 .text.nrf_qspi_cinstrdata_get.constprop.0
                0x00000000000fa5f4       0x40 modules/hal_nordic/nrfx/libmodules__hal_nordic__nrfx.a(nrfx_qspi.c.obj)
 .text.nrf_qspi_cinstrdata_set.constprop.0
                0x00000000000fa634       0x64 modules/hal_nordic/nrfx/libmodules__hal_nordic__nrfx.a(nrfx_qspi.c.obj)
 .text.nrf_qspi_pins_set.constprop.0
                0x00000000000fa698       0x5c modules/hal_nordic/nrfx/libmodules__hal_nordic__nrfx.a(nrfx_qspi.c.obj)
 .text.qspi_deactivate
                0x00000000000fa6f4       0x34 modules/hal_nordic/nrfx/libmodules__hal_nordic__nrfx.a(nrfx_qspi.c.obj)
 .text.qspi_workaround_215_43_apply
                0x00000000000fa728       0x70 modules/hal_nordic/nrfx/libmodules__hal_nordic__nrfx.a(nrfx_qspi.c.obj)
 .text.qspi_configure
                0x00000000000fa798       0xec modules/hal_nordic/nrfx/libmodules__hal_nordic__nrfx.a(nrfx_qspi.c.obj)
 .text.nrfx_qspi_init
                0x00000000000fa884       0x40 modules/hal_nordic/nrfx/libmodules__hal_nordic__nrfx.a(nrfx_qspi.c.obj)
                0x00000000000fa884                nrfx_qspi_init
 .text.nrfx_qspi_cinstr_xfer
                0x00000000000fa8c4       0xac modules/hal_nordic/nrfx/libmodules__hal_nordic__nrfx.a(nrfx_qspi.c.obj)
                0x00000000000fa8c4                nrfx_qspi_cinstr_xfer
 .text.nrfx_qspi_activate
                0x00000000000fa970       0x18 modules/hal_nordic/nrfx/libmodules__hal_nordic__nrfx.a(nrfx_qspi.c.obj)
                0x00000000000fa970                nrfx_qspi_activate
 .text.nrfx_qspi_deactivate
                0x00000000000fa988       0x24 modules/hal_nordic/nrfx/libmodules__hal_nordic__nrfx.a(nrfx_qspi.c.obj)
                0x00000000000fa988                nrfx_qspi_deactivate
 .text.nrfx_qspi_init_check
                0x00000000000fa9ac       0x14 modules/hal_nordic/nrfx/libmodules__hal_nordic__nrfx.a(nrfx_qspi.c.obj)
                0x00000000000fa9ac                nrfx_qspi_init_check
 .text.nrfx_qspi_erase
                0x00000000000fa9c0       0x9c modules/hal_nordic/nrfx/libmodules__hal_nordic__nrfx.a(nrfx_qspi.c.obj)
                0x00000000000fa9c0                nrfx_qspi_erase
 .text.nrfx_qspi_irq_handler
                0x00000000000faa5c       0x94 modules/hal_nordic/nrfx/libmodules__hal_nordic__nrfx.a(nrfx_qspi.c.obj)
                0x00000000000faa5c                nrfx_qspi_irq_handler
 .text.boot_write_magic
                0x00000000000faaf0       0x44 modules/mcuboot/libmcuboot_util.a(bootutil_public.c.obj)
                0x00000000000faaf0                boot_write_magic
 .text.boot_read_swap_state
                0x00000000000fab34       0xac modules/mcuboot/libmcuboot_util.a(bootutil_public.c.obj)
                0x00000000000fab34                boot_read_swap_state
 .text.boot_set_pending_multi
                0x00000000000fabe0       0x38 modules/mcuboot/libmcuboot_util.a(bootutil_public.c.obj)
                0x00000000000fabe0                boot_set_pending_multi
 .text.z_fatal_error
                0x00000000000fac18       0x30 zephyr/kernel/libkernel.a(fatal.c.obj)
                0x00000000000fac18                z_fatal_error
 .text.z_sys_init_run_level
                0x00000000000fac48       0x2c zephyr/kernel/libkernel.a(init.c.obj)
 .text.bg_thread_main
                0x00000000000fac74       0xc4 zephyr/kernel/libkernel.a(init.c.obj)
 .text.z_bss_zero
                0x00000000000fad38       0x18 zephyr/kernel/libkernel.a(init.c.obj)
                0x00000000000fad38                z_bss_zero
 .text.z_init_cpu
                0x00000000000fad50       0x70 zephyr/kernel/libkernel.a(init.c.obj)
                0x00000000000fad50                z_init_cpu
 .text.z_cstart
                0x00000000000fadc0       0xdc zephyr/kernel/libkernel.a(init.c.obj)
                0x00000000000fadc0                z_cstart
 .text.init_mem_slab_obj_core_list
                0x00000000000fae9c       0x24 zephyr/kernel/libkernel.a(mem_slab.c.obj)
 .text.k_mem_slab_alloc
                0x00000000000faec0       0x5c zephyr/kernel/libkernel.a(mem_slab.c.obj)
                0x00000000000faec0                k_mem_slab_alloc
 .text.z_impl_k_mutex_lock
                0x00000000000faf1c       0xf0 zephyr/kernel/libkernel.a(mutex.c.obj)
                0x00000000000faf1c                z_impl_k_mutex_lock
 .text.z_impl_k_mutex_unlock
                0x00000000000fb00c       0x78 zephyr/kernel/libkernel.a(mutex.c.obj)
                0x00000000000fb00c                z_impl_k_mutex_unlock
 .text.z_impl_k_queue_get
                0x00000000000fb084       0x64 zephyr/kernel/libkernel.a(queue.c.obj)
                0x00000000000fb084                z_impl_k_queue_get
 .text.z_impl_k_sem_give
                0x00000000000fb0e8       0x48 zephyr/kernel/libkernel.a(sem.c.obj)
                0x00000000000fb0e8                z_impl_k_sem_give
 .text.z_impl_k_sem_take
                0x00000000000fb130       0x4c zephyr/kernel/libkernel.a(sem.c.obj)
                0x00000000000fb130                z_impl_k_sem_take
 .text.work_queue_main
                0x00000000000fb17c      0x144 zephyr/kernel/libkernel.a(work.c.obj)
 .text.submit_to_queue_locked
                0x00000000000fb2c0       0xb4 zephyr/kernel/libkernel.a(work.c.obj)
 .text.k_work_queue_start
                0x00000000000fb374       0x7c zephyr/kernel/libkernel.a(work.c.obj)
                0x00000000000fb374                k_work_queue_start
 .text.k_work_schedule_for_queue
                0x00000000000fb3f0       0x54 zephyr/kernel/libkernel.a(work.c.obj)
                0x00000000000fb3f0                k_work_schedule_for_queue
 .text.k_work_reschedule_for_queue
                0x00000000000fb444       0x5c zephyr/kernel/libkernel.a(work.c.obj)
                0x00000000000fb444                k_work_reschedule_for_queue
 .text.z_setup_new_thread
                0x00000000000fb4a0       0x98 zephyr/kernel/libkernel.a(thread.c.obj)
                0x00000000000fb4a0                z_setup_new_thread
 .text.z_impl_k_thread_create
                0x00000000000fb538       0x58 zephyr/kernel/libkernel.a(thread.c.obj)
                0x00000000000fb538                z_impl_k_thread_create
 .text.update_cache
                0x00000000000fb590       0x3c zephyr/kernel/libkernel.a(sched.c.obj)
 .text.unready_thread
                0x00000000000fb5cc       0x30 zephyr/kernel/libkernel.a(sched.c.obj)
 .text.ready_thread
                0x00000000000fb5fc       0x68 zephyr/kernel/libkernel.a(sched.c.obj)
 .text.z_thread_halt
                0x00000000000fb664       0xdc zephyr/kernel/libkernel.a(sched.c.obj)
 .text.move_thread_to_end_of_prio_q
                0x00000000000fb740       0x74 zephyr/kernel/libkernel.a(sched.c.obj)
                0x00000000000fb740                move_thread_to_end_of_prio_q
 .text.z_pend_curr
                0x00000000000fb7b4       0x58 zephyr/kernel/libkernel.a(sched.c.obj)
                0x00000000000fb7b4                z_pend_curr
 .text.z_thread_prio_set
                0x00000000000fb80c       0x88 zephyr/kernel/libkernel.a(sched.c.obj)
                0x00000000000fb80c                z_thread_prio_set
 .text.z_reschedule
                0x00000000000fb894       0x24 zephyr/kernel/libkernel.a(sched.c.obj)
                0x00000000000fb894                z_reschedule
 .text.z_sched_start
                0x00000000000fb8b8       0x3c zephyr/kernel/libkernel.a(sched.c.obj)
                0x00000000000fb8b8                z_sched_start
 .text.z_reschedule_irqlock
                0x00000000000fb8f4       0x28 zephyr/kernel/libkernel.a(sched.c.obj)
                0x00000000000fb8f4                z_reschedule_irqlock
 .text.k_sched_lock
                0x00000000000fb91c       0x28 zephyr/kernel/libkernel.a(sched.c.obj)
                0x00000000000fb91c                k_sched_lock
 .text.k_sched_unlock
                0x00000000000fb944       0x40 zephyr/kernel/libkernel.a(sched.c.obj)
                0x00000000000fb944                k_sched_unlock
 .text.z_sched_init
                0x00000000000fb984       0x10 zephyr/kernel/libkernel.a(sched.c.obj)
                0x00000000000fb984                z_sched_init
 .text.z_impl_k_yield
                0x00000000000fb994       0x7c zephyr/kernel/libkernel.a(sched.c.obj)
                0x00000000000fb994                z_impl_k_yield
 .text.z_tick_sleep
                0x00000000000fba10       0x88 zephyr/kernel/libkernel.a(sched.c.obj)
 .text.z_impl_k_sleep
                0x00000000000fba98       0x3c zephyr/kernel/libkernel.a(sched.c.obj)
                0x00000000000fba98                z_impl_k_sleep
 .text.z_impl_k_usleep
                0x00000000000fbad4       0x3c zephyr/kernel/libkernel.a(sched.c.obj)
                0x00000000000fbad4                z_impl_k_usleep
 .text.z_impl_k_sched_current_thread_query
                0x00000000000fbb10        0xc zephyr/kernel/libkernel.a(sched.c.obj)
                0x00000000000fbb10                z_impl_k_sched_current_thread_query
 .text.z_sched_wait
                0x00000000000fbb1c       0x24 zephyr/kernel/libkernel.a(sched.c.obj)
                0x00000000000fbb1c                z_sched_wait
 .text.slice_timeout
                0x00000000000fbb40       0x20 zephyr/kernel/libkernel.a(timeslicing.c.obj)
 .text.thread_is_sliceable
                0x00000000000fbb60       0x3c zephyr/kernel/libkernel.a(timeslicing.c.obj)
                0x00000000000fbb60                thread_is_sliceable
 .text.z_reset_time_slice
                0x00000000000fbb9c       0x50 zephyr/kernel/libkernel.a(timeslicing.c.obj)
                0x00000000000fbb9c                z_reset_time_slice
 .text.z_time_slice
                0x00000000000fbbec       0x60 zephyr/kernel/libkernel.a(timeslicing.c.obj)
                0x00000000000fbbec                z_time_slice
 .text.z_data_copy
                0x00000000000fbc4c       0x34 zephyr/kernel/libkernel.a(xip.c.obj)
                0x00000000000fbc4c                z_data_copy
 .text.elapsed  0x00000000000fbc80       0x14 zephyr/kernel/libkernel.a(timeout.c.obj)
 .text.remove_timeout
                0x00000000000fbc94       0x38 zephyr/kernel/libkernel.a(timeout.c.obj)
 .text.next_timeout
                0x00000000000fbccc       0x40 zephyr/kernel/libkernel.a(timeout.c.obj)
 .text.z_add_timeout
                0x00000000000fbd0c       0xf4 zephyr/kernel/libkernel.a(timeout.c.obj)
                0x00000000000fbd0c                z_add_timeout
 .text.sys_clock_announce
                0x00000000000fbe00       0xd0 zephyr/kernel/libkernel.a(timeout.c.obj)
                0x00000000000fbe00                sys_clock_announce
 .text.sys_clock_tick_get
                0x00000000000fbed0       0x30 zephyr/kernel/libkernel.a(timeout.c.obj)
                0x00000000000fbed0                sys_clock_tick_get
 .text.z_impl_k_poll_signal_raise
                0x00000000000fbf00       0x50 zephyr/kernel/libkernel.a(poll.c.obj)
                0x00000000000fbf00                z_impl_k_poll_signal_raise
 .text.z_thread_aligned_alloc
                0x00000000000fbf50       0x40 zephyr/kernel/libkernel.a(mempool.c.obj)
                0x00000000000fbf50                z_thread_aligned_alloc
 .text.boot_banner
                0x00000000000fbf90        0xc zephyr/kernel/libkernel.a(banner.c.obj)
                0x00000000000fbf90                boot_banner
 .text.statics_init
                0x00000000000fbf9c       0x24 zephyr/kernel/libkernel.a(kheap.c.obj)
 .text.k_sys_work_q_init
                0x00000000000fbfc0       0x34 zephyr/kernel/libkernel.a(system_work_q.c.obj)
 .text.__l_vfprintf
                0x00000000000fbff4      0x4b8 /home/mhn/zephyr-sdk-0.16.8/arm-zephyr-eabi/bin/../lib/gcc/../../picolibc/arm-zephyr-eabi/lib/thumb/v7e-m/nofp/libc.a(libc_tinystdio_vflprintf.c.o)
                0x00000000000fbff4                __l_vfprintf
 .text._OffsetAbsSyms
                0x00000000000fc4ac        0x2 zephyr/CMakeFiles/offsets.dir/./arch/arm/core/offsets/offsets.c.obj
                0x00000000000fc4ac                _OffsetAbsSyms
 .text.chunk_size
                0x00000000000fc4ae        0xa zephyr/libzephyr.a(heap.c.obj)
 .text.free_list_add
                0x00000000000fc4b8       0x4e zephyr/libzephyr.a(heap.c.obj)
 .text.free_list_remove_bidx
                0x00000000000fc506       0x3a zephyr/libzephyr.a(heap.c.obj)
 .text.free_list_remove
                0x00000000000fc540       0x1a zephyr/libzephyr.a(heap.c.obj)
 .text.alloc_chunk
                0x00000000000fc55a       0x6e zephyr/libzephyr.a(heap.c.obj)
 .text.merge_chunks
                0x00000000000fc5c8       0x2c zephyr/libzephyr.a(heap.c.obj)
 .text.split_chunks
                0x00000000000fc5f4       0x34 zephyr/libzephyr.a(heap.c.obj)
 .text.free_chunk
                0x00000000000fc628       0x62 zephyr/libzephyr.a(heap.c.obj)
 .text.sys_heap_free
                0x00000000000fc68a       0x1e zephyr/libzephyr.a(heap.c.obj)
                0x00000000000fc68a                sys_heap_free
 .text.sys_heap_alloc
                0x00000000000fc6a8       0x52 zephyr/libzephyr.a(heap.c.obj)
                0x00000000000fc6a8                sys_heap_alloc
 .text.sys_heap_aligned_alloc
                0x00000000000fc6fa       0xd0 zephyr/libzephyr.a(heap.c.obj)
                0x00000000000fc6fa                sys_heap_aligned_alloc
 .text.sys_heap_init
                0x00000000000fc7ca       0x7a zephyr/libzephyr.a(heap.c.obj)
                0x00000000000fc7ca                sys_heap_init
 .text.arch_printk_char_out
                0x00000000000fc844        0x4 zephyr/libzephyr.a(printk.c.obj)
                0x00000000000fc844                arch_printk_char_out
 .text.printk   0x00000000000fc848       0x1a zephyr/libzephyr.a(printk.c.obj)
                0x00000000000fc848                printk
 .text.sys_slist_find_and_remove
                0x00000000000fc862       0x36 zephyr/libzephyr.a(onoff.c.obj)
 .text.process_recheck
                0x00000000000fc898       0x38 zephyr/libzephyr.a(onoff.c.obj)
 .text.validate_args
                0x00000000000fc8d0       0x20 zephyr/libzephyr.a(onoff.c.obj)
 .text.notify_one
                0x00000000000fc8f0       0x2c zephyr/libzephyr.a(onoff.c.obj)
 .text.transition_complete
                0x00000000000fc91c       0x1a zephyr/libzephyr.a(onoff.c.obj)
 .text.onoff_manager_init
                0x00000000000fc936       0x26 zephyr/libzephyr.a(onoff.c.obj)
                0x00000000000fc936                onoff_manager_init
 .text.onoff_request
                0x00000000000fc95c       0xae zephyr/libzephyr.a(onoff.c.obj)
                0x00000000000fc95c                onoff_request
 .text.onoff_release
                0x00000000000fca0a       0x48 zephyr/libzephyr.a(onoff.c.obj)
                0x00000000000fca0a                onoff_release
 .text.onoff_cancel
                0x00000000000fca52       0x36 zephyr/libzephyr.a(onoff.c.obj)
                0x00000000000fca52                onoff_cancel
 .text.sys_notify_validate
                0x00000000000fca88       0x28 zephyr/libzephyr.a(notify.c.obj)
                0x00000000000fca88                sys_notify_validate
 .text.sys_notify_finalize
                0x00000000000fcab0       0x32 zephyr/libzephyr.a(notify.c.obj)
                0x00000000000fcab0                sys_notify_finalize
 .text.ring_buf_put_claim
                0x00000000000fcae2       0x3e zephyr/libzephyr.a(ring_buffer.c.obj)
                0x00000000000fcae2                ring_buf_put_claim
 .text.ring_buf_put_finish
                0x00000000000fcb20       0x2a zephyr/libzephyr.a(ring_buffer.c.obj)
                0x00000000000fcb20                ring_buf_put_finish
 .text.ring_buf_put
                0x00000000000fcb4a       0x3e zephyr/libzephyr.a(ring_buffer.c.obj)
                0x00000000000fcb4a                ring_buf_put
 .text.ring_buf_get_claim
                0x00000000000fcb88       0x40 zephyr/libzephyr.a(ring_buffer.c.obj)
                0x00000000000fcb88                ring_buf_get_claim
 .text.ring_buf_get_finish
                0x00000000000fcbc8       0x2a zephyr/libzephyr.a(ring_buffer.c.obj)
                0x00000000000fcbc8                ring_buf_get_finish
 .text.ring_buf_get
                0x00000000000fcbf2       0x40 zephyr/libzephyr.a(ring_buffer.c.obj)
                0x00000000000fcbf2                ring_buf_get
 .text._ConfigAbsSyms
                0x00000000000fcc32        0x2 zephyr/libzephyr.a(configs.c.obj)
                0x00000000000fcc32                _ConfigAbsSyms
 .text.flash_area_close
                0x00000000000fcc34        0x2 zephyr/libzephyr.a(flash_map.c.obj)
                0x00000000000fcc34                flash_area_close
 .text.flash_area_read
                0x00000000000fcc36       0x2a zephyr/libzephyr.a(flash_map.c.obj)
                0x00000000000fcc36                flash_area_read
 .text.flash_area_write
                0x00000000000fcc60       0x2a zephyr/libzephyr.a(flash_map.c.obj)
                0x00000000000fcc60                flash_area_write
 .text.flash_area_erase
                0x00000000000fcc8a       0x30 zephyr/libzephyr.a(flash_map.c.obj)
                0x00000000000fcc8a                flash_area_erase
 .text.flash_area_align
                0x00000000000fccba        0xe zephyr/libzephyr.a(flash_map.c.obj)
                0x00000000000fccba                flash_area_align
 .text.flash_area_get_device
                0x00000000000fccc8        0x4 zephyr/libzephyr.a(flash_map.c.obj)
                0x00000000000fccc8                flash_area_get_device
 .text.flash_area_erased_val
                0x00000000000fcccc        0xe zephyr/libzephyr.a(flash_map.c.obj)
                0x00000000000fcccc                flash_area_erased_val
 .text.find_flash_total_size
                0x00000000000fccda       0x18 zephyr/libzephyr.a(stream_flash.c.obj)
 .text.stream_flash_erase_page
                0x00000000000fccf2       0x3c zephyr/libzephyr.a(stream_flash.c.obj)
                0x00000000000fccf2                stream_flash_erase_page
 .text.flash_sync
                0x00000000000fcd2e       0x8c zephyr/libzephyr.a(stream_flash.c.obj)
 .text.stream_flash_buffered_write
                0x00000000000fcdba       0x88 zephyr/libzephyr.a(stream_flash.c.obj)
                0x00000000000fcdba                stream_flash_buffered_write
 .text.get_ep_bm_from_addr
                0x00000000000fce42       0x1c zephyr/libzephyr.a(usb_device.c.obj)
 .text.usb_write
                0x00000000000fce5e       0x30 zephyr/libzephyr.a(usb_device.c.obj)
                0x00000000000fce5e                usb_write
 .text.usb_get_dev_data_by_cfg
                0x00000000000fce8e       0x18 zephyr/libzephyr.a(usb_descriptor.c.obj)
                0x00000000000fce8e                usb_get_dev_data_by_cfg
 .text.usb_get_dev_data_by_iface
                0x00000000000fcea6       0x1c zephyr/libzephyr.a(usb_descriptor.c.obj)
                0x00000000000fcea6                usb_get_dev_data_by_iface
 .text.usb_get_dev_data_by_ep
                0x00000000000fcec2       0x2c zephyr/libzephyr.a(usb_descriptor.c.obj)
                0x00000000000fcec2                usb_get_dev_data_by_ep
 .text.usb_transfer_is_busy
                0x00000000000fceee       0x16 zephyr/libzephyr.a(usb_transfer.c.obj)
                0x00000000000fceee                usb_transfer_is_busy
 .text.cdc_interface_config
                0x00000000000fcf04       0x14 zephyr/libzephyr.a(cdc_acm.c.obj)
 .text.cdc_acm_irq_callback_work_handler
                0x00000000000fcf18        0xa zephyr/libzephyr.a(cdc_acm.c.obj)
 .text.cdc_acm_irq_tx_disable
                0x00000000000fcf22        0xa zephyr/libzephyr.a(cdc_acm.c.obj)
 .text.cdc_acm_irq_tx_ready
                0x00000000000fcf2c       0x1e zephyr/libzephyr.a(cdc_acm.c.obj)
 .text.cdc_acm_irq_rx_disable
                0x00000000000fcf4a        0xa zephyr/libzephyr.a(cdc_acm.c.obj)
 .text.cdc_acm_irq_rx_ready
                0x00000000000fcf54        0xe zephyr/libzephyr.a(cdc_acm.c.obj)
 .text.cdc_acm_irq_is_pending
                0x00000000000fcf62       0x1c zephyr/libzephyr.a(cdc_acm.c.obj)
 .text.cdc_acm_irq_callback_set
                0x00000000000fcf7e        0x8 zephyr/libzephyr.a(cdc_acm.c.obj)
 .text.cdc_acm_fifo_read
                0x00000000000fcf86       0x46 zephyr/libzephyr.a(cdc_acm.c.obj)
 .text.cdc_acm_poll_in
                0x00000000000fcfcc       0x12 zephyr/libzephyr.a(cdc_acm.c.obj)
 .text.cdc_acm_irq_update
                0x00000000000fcfde       0x2e zephyr/libzephyr.a(cdc_acm.c.obj)
 .text.dfu_status_cb
                0x00000000000fd00c        0x2 zephyr/libzephyr.a(usb_dfu.c.obj)
 .text.reboot_work_handler
                0x00000000000fd00e        0x8 zephyr/libzephyr.a(usb_dfu.c.obj)
 .text.flash_img_buffered_write
                0x00000000000fd016       0x40 zephyr/libzephyr.a(flash_img.c.obj)
                0x00000000000fd016                flash_img_buffered_write
 .text.flash_img_init_id
                0x00000000000fd056       0x42 zephyr/libzephyr.a(flash_img.c.obj)
                0x00000000000fd056                flash_img_init_id
 .text.flash_img_init
                0x00000000000fd098        0x4 zephyr/libzephyr.a(flash_img.c.obj)
                0x00000000000fd098                flash_img_init
 .text.z_arm_fatal_error
                0x00000000000fd09c        0xc zephyr/arch/arch/arm/core/libarch__arm__core.a(fatal.c.obj)
                0x00000000000fd09c                z_arm_fatal_error
 .text.z_do_kernel_oops
                0x00000000000fd0a8        0x8 zephyr/arch/arch/arm/core/libarch__arm__core.a(fatal.c.obj)
                0x00000000000fd0a8                z_do_kernel_oops
 .text.z_arm_nmi
                0x00000000000fd0b0        0xe zephyr/arch/arch/arm/core/libarch__arm__core.a(nmi.c.obj)
                0x00000000000fd0b0                z_arm_nmi
 .text.z_irq_spurious
                0x00000000000fd0be        0x8 zephyr/arch/arch/arm/core/cortex_m/libarch__arm__core__cortex_m.a(irq_manage.c.obj)
                0x00000000000fd0be                z_irq_spurious
 .text.arch_irq_unlock_outlined
                0x00000000000fd0c6        0xe zephyr/arch/arch/arm/core/cortex_m/libarch__arm__core__cortex_m.a(thread.c.obj)
                0x00000000000fd0c6                arch_irq_unlock_outlined
 .text.arch_cpu_idle
                0x00000000000fd0d4       0x1a zephyr/arch/arch/arm/core/cortex_m/libarch__arm__core__cortex_m.a(cpu_idle.c.obj)
                0x00000000000fd0d4                arch_cpu_idle
 .text.arch_cpu_atomic_idle
                0x00000000000fd0ee       0x1e zephyr/arch/arch/arm/core/cortex_m/libarch__arm__core__cortex_m.a(cpu_idle.c.obj)
                0x00000000000fd0ee                arch_cpu_atomic_idle
 .text.size_to_mpu_rasr_size
                0x00000000000fd10c       0x20 zephyr/arch/arch/arm/core/mpu/libarch__arm__core__mpu.a(arm_mpu.c.obj)
 .text.picolibc_put
                0x00000000000fd12c        0xa zephyr/lib/libc/picolibc/liblib__libc__picolibc.a(libc-hooks.c.obj)
 .text.boot_request_upgrade
                0x00000000000fd136       0x10 zephyr/subsys/dfu/boot/libsubsys__dfu__boot.a(mcuboot.c.obj)
                0x00000000000fd136                boot_request_upgrade
 .text.boot_get_trailer_status_offset
                0x00000000000fd146        0x4 zephyr/subsys/dfu/boot/libsubsys__dfu__boot.a(mcuboot.c.obj)
                0x00000000000fd146                boot_get_trailer_status_offset
 .text.ep_ctx_reset
                0x00000000000fd14a       0x26 zephyr/drivers/usb/device/libdrivers__usb__device.a(usb_dc_nrfx.c.obj)
 .text.k_mutex_lock.constprop.0.isra.0
                0x00000000000fd170        0x4 zephyr/drivers/usb/device/libdrivers__usb__device.a(usb_dc_nrfx.c.obj)
 .text.k_mutex_unlock.isra.0
                0x00000000000fd174        0x4 zephyr/drivers/usb/device/libdrivers__usb__device.a(usb_dc_nrfx.c.obj)
 .text.usb_dc_ep_check_cap
                0x00000000000fd178       0x2a zephyr/drivers/usb/device/libdrivers__usb__device.a(usb_dc_nrfx.c.obj)
                0x00000000000fd178                usb_dc_ep_check_cap
 .text.usb_dc_ep_disable
                0x00000000000fd1a2       0x32 zephyr/drivers/usb/device/libdrivers__usb__device.a(usb_dc_nrfx.c.obj)
                0x00000000000fd1a2                usb_dc_ep_disable
 .text.usb_dc_ep_read
                0x00000000000fd1d4       0x1e zephyr/drivers/usb/device/libdrivers__usb__device.a(usb_dc_nrfx.c.obj)
                0x00000000000fd1d4                usb_dc_ep_read
 .text.ep2bit   0x00000000000fd1f2       0x10 zephyr/drivers/usb/common/nrf_usbd_common/libdrivers__usb__common__nrf_usbd_common.a(nrf_usbd_common.c.obj)
 .text.nrf_usbd_common_ep_max_packet_size_set
                0x00000000000fd202        0xa zephyr/drivers/usb/common/nrf_usbd_common/libdrivers__usb__common__nrf_usbd_common.a(nrf_usbd_common.c.obj)
                0x00000000000fd202                nrf_usbd_common_ep_max_packet_size_set
 .text.nrf_usbd_common_ep_status_get
                0x00000000000fd20c       0x2c zephyr/drivers/usb/common/nrf_usbd_common/libdrivers__usb__common__nrf_usbd_common.a(nrf_usbd_common.c.obj)
                0x00000000000fd20c                nrf_usbd_common_ep_status_get
 .text.get_status
                0x00000000000fd238       0x12 zephyr/drivers/clock_control/libdrivers__clock_control.a(clock_control_nrf.c.obj)
 .text.stop     0x00000000000fd24a       0x52 zephyr/drivers/clock_control/libdrivers__clock_control.a(clock_control_nrf.c.obj)
 .text.api_stop
                0x00000000000fd29c        0x6 zephyr/drivers/clock_control/libdrivers__clock_control.a(clock_control_nrf.c.obj)
 .text.async_start
                0x00000000000fd2a2       0x5c zephyr/drivers/clock_control/libdrivers__clock_control.a(clock_control_nrf.c.obj)
 .text.api_start
                0x00000000000fd2fe        0xe zephyr/drivers/clock_control/libdrivers__clock_control.a(clock_control_nrf.c.obj)
 .text.onoff_started_callback
                0x00000000000fd30c       0x12 zephyr/drivers/clock_control/libdrivers__clock_control.a(clock_control_nrf.c.obj)
 .text.lfclk_start
                0x00000000000fd31e        0x6 zephyr/drivers/clock_control/libdrivers__clock_control.a(clock_control_nrf.c.obj)
 .text.lfclk_stop
                0x00000000000fd324        0x6 zephyr/drivers/clock_control/libdrivers__clock_control.a(clock_control_nrf.c.obj)
 .text.blocking_start_callback
                0x00000000000fd32a        0x6 zephyr/drivers/clock_control/libdrivers__clock_control.a(clock_control_nrf.c.obj)
 .text.qspi_handler
                0x00000000000fd330        0xc zephyr/drivers/flash/libdrivers__flash.a(nrf_qspi_nor.c.obj)
 .text.qspi_send_cmd.constprop.0
                0x00000000000fd33c       0x62 zephyr/drivers/flash/libdrivers__flash.a(nrf_qspi_nor.c.obj)
 .text.qspi_nor_write_protection_set.isra.0
                0x00000000000fd39e       0x2a zephyr/drivers/flash/libdrivers__flash.a(nrf_qspi_nor.c.obj)
 .text.qspi_rdsr.isra.0
                0x00000000000fd3c8       0x3c zephyr/drivers/flash/libdrivers__flash.a(nrf_qspi_nor.c.obj)
 .text.qspi_wait_while_writing.isra.0
                0x00000000000fd404       0x22 zephyr/drivers/flash/libdrivers__flash.a(nrf_qspi_nor.c.obj)
 .text.qspi_release
                0x00000000000fd426       0x36 zephyr/drivers/flash/libdrivers__flash.a(nrf_qspi_nor.c.obj)
 .text.qspi_acquire
                0x00000000000fd45c       0x28 zephyr/drivers/flash/libdrivers__flash.a(nrf_qspi_nor.c.obj)
 .text.is_regular_addr_valid
                0x00000000000fd484       0x22 zephyr/drivers/flash/libdrivers__flash.a(soc_flash_nrf.c.obj)
 .text.flash_nrf_read
                0x00000000000fd4a6       0x28 zephyr/drivers/flash/libdrivers__flash.a(soc_flash_nrf.c.obj)
 .text.flash_get_page_info
                0x00000000000fd4ce       0x62 zephyr/drivers/flash/libdrivers__flash.a(flash_page_layout.c.obj)
 .text.z_impl_flash_get_page_info_by_offs
                0x00000000000fd530        0x8 zephyr/drivers/flash/libdrivers__flash.a(flash_page_layout.c.obj)
                0x00000000000fd530                z_impl_flash_get_page_info_by_offs
 .text.flash_page_foreach
                0x00000000000fd538       0x58 zephyr/drivers/flash/libdrivers__flash.a(flash_page_layout.c.obj)
                0x00000000000fd538                flash_page_foreach
 .text.gpio_nrfx_port_get_raw
                0x00000000000fd590        0xe zephyr/drivers/gpio/libdrivers__gpio.a(gpio_nrfx.c.obj)
 .text.gpio_nrfx_port_set_masked_raw
                0x00000000000fd59e       0x18 zephyr/drivers/gpio/libdrivers__gpio.a(gpio_nrfx.c.obj)
 .text.gpio_nrfx_port_set_bits_raw
                0x00000000000fd5b6        0xc zephyr/drivers/gpio/libdrivers__gpio.a(gpio_nrfx.c.obj)
 .text.gpio_nrfx_port_clear_bits_raw
                0x00000000000fd5c2        0xc zephyr/drivers/gpio/libdrivers__gpio.a(gpio_nrfx.c.obj)
 .text.gpio_nrfx_port_toggle_bits
                0x00000000000fd5ce       0x1a zephyr/drivers/gpio/libdrivers__gpio.a(gpio_nrfx.c.obj)
 .text.gpio_nrfx_manage_callback
                0x00000000000fd5e8       0x52 zephyr/drivers/gpio/libdrivers__gpio.a(gpio_nrfx.c.obj)
 .text.z_impl_hwinfo_get_device_id
                0x00000000000fd63a       0x28 zephyr/drivers/hwinfo/libdrivers__hwinfo.a(hwinfo_nrf.c.obj)
                0x00000000000fd63a                z_impl_hwinfo_get_device_id
 .text.pinctrl_lookup_state
                0x00000000000fd662       0x26 zephyr/drivers/pinctrl/libdrivers__pinctrl.a(common.c.obj)
                0x00000000000fd662                pinctrl_lookup_state
 .text.uarte_nrfx_err_check
                0x00000000000fd688        0xe zephyr/drivers/serial/libdrivers__serial.a(uart_nrfx_uarte.c.obj)
 .text.tx_start
                0x00000000000fd696       0x3e zephyr/drivers/serial/libdrivers__serial.a(uart_nrfx_uarte.c.obj)
 .text.uarte_nrfx_poll_in
                0x00000000000fd6d4       0x28 zephyr/drivers/serial/libdrivers__serial.a(uart_nrfx_uarte.c.obj)
 .text.uarte_nrfx_fifo_read
                0x00000000000fd6fc       0x2e zephyr/drivers/serial/libdrivers__serial.a(uart_nrfx_uarte.c.obj)
 .text.uarte_nrfx_irq_tx_enable
                0x00000000000fd72a       0x34 zephyr/drivers/serial/libdrivers__serial.a(uart_nrfx_uarte.c.obj)
 .text.uarte_nrfx_irq_tx_disable
                0x00000000000fd75e       0x10 zephyr/drivers/serial/libdrivers__serial.a(uart_nrfx_uarte.c.obj)
 .text.uarte_nrfx_irq_tx_ready_complete
                0x00000000000fd76e       0x1e zephyr/drivers/serial/libdrivers__serial.a(uart_nrfx_uarte.c.obj)
 .text.uarte_nrfx_irq_rx_ready
                0x00000000000fd78c       0x10 zephyr/drivers/serial/libdrivers__serial.a(uart_nrfx_uarte.c.obj)
 .text.uarte_nrfx_irq_rx_enable
                0x00000000000fd79c        0xc zephyr/drivers/serial/libdrivers__serial.a(uart_nrfx_uarte.c.obj)
 .text.uarte_nrfx_irq_rx_disable
                0x00000000000fd7a8        0xc zephyr/drivers/serial/libdrivers__serial.a(uart_nrfx_uarte.c.obj)
 .text.uarte_nrfx_irq_err_enable
                0x00000000000fd7b4        0xe zephyr/drivers/serial/libdrivers__serial.a(uart_nrfx_uarte.c.obj)
 .text.uarte_nrfx_irq_err_disable
                0x00000000000fd7c2        0xe zephyr/drivers/serial/libdrivers__serial.a(uart_nrfx_uarte.c.obj)
 .text.uarte_nrfx_irq_is_pending
                0x00000000000fd7d0       0x36 zephyr/drivers/serial/libdrivers__serial.a(uart_nrfx_uarte.c.obj)
 .text.uarte_nrfx_irq_update
                0x00000000000fd806        0x4 zephyr/drivers/serial/libdrivers__serial.a(uart_nrfx_uarte.c.obj)
 .text.uarte_nrfx_irq_callback_set
                0x00000000000fd80a        0xc zephyr/drivers/serial/libdrivers__serial.a(uart_nrfx_uarte.c.obj)
 .text.is_tx_ready.isra.0
                0x00000000000fd816       0x20 zephyr/drivers/serial/libdrivers__serial.a(uart_nrfx_uarte.c.obj)
 .text.uarte_nrfx_fifo_fill
                0x00000000000fd836       0x76 zephyr/drivers/serial/libdrivers__serial.a(uart_nrfx_uarte.c.obj)
 .text.uarte_nrfx_isr_int
                0x00000000000fd8ac       0xbc zephyr/drivers/serial/libdrivers__serial.a(uart_nrfx_uarte.c.obj)
 .text.event_clear
                0x00000000000fd968       0x18 zephyr/drivers/timer/libdrivers__timer.a(nrf_rtc_timer.c.obj)
 .text.nrfx_isr
                0x00000000000fd980        0x2 modules/hal_nordic/nrfx/libmodules__hal_nordic__nrfx.a(nrfx_glue.c.obj)
                0x00000000000fd980                nrfx_isr
 .text.nrfx_busy_wait
                0x00000000000fd982        0x4 modules/hal_nordic/nrfx/libmodules__hal_nordic__nrfx.a(nrfx_glue.c.obj)
                0x00000000000fd982                nrfx_busy_wait
 .text.nrfx_gppi_channel_endpoints_setup
                0x00000000000fd986       0x14 modules/hal_nordic/nrfx/libmodules__hal_nordic__nrfx.a(nrfx_gppi_ppi.c.obj)
                0x00000000000fd986                nrfx_gppi_channel_endpoints_setup
 .text.nrfx_gppi_channel_alloc
                0x00000000000fd99a        0x4 modules/hal_nordic/nrfx/libmodules__hal_nordic__nrfx.a(nrfx_gppi_ppi.c.obj)
                0x00000000000fd99a                nrfx_gppi_channel_alloc
 .text.nrfx_clock_stop
                0x00000000000fd99e        0x4 modules/hal_nordic/nrfx/libmodules__hal_nordic__nrfx.a(nrfx_clock.c.obj)
                0x00000000000fd99e                nrfx_clock_stop
 .text.nrf_gpio_reconfigure
                0x00000000000fd9a2       0x92 modules/hal_nordic/nrfx/libmodules__hal_nordic__nrfx.a(nrfx_gpiote.c.obj)
 .text.nrf_gpio_cfg_sense_set
                0x00000000000fda34       0x1e modules/hal_nordic/nrfx/libmodules__hal_nordic__nrfx.a(nrfx_gpiote.c.obj)
 .text.pin_trigger_disable
                0x00000000000fda52       0x48 modules/hal_nordic/nrfx/libmodules__hal_nordic__nrfx.a(nrfx_gpiote.c.obj)
 .text.nrfx_gpiote_pin_uninit
                0x00000000000fda9a        0x4 modules/hal_nordic/nrfx/libmodules__hal_nordic__nrfx.a(nrfx_gpiote.c.obj)
                0x00000000000fda9a                nrfx_gpiote_pin_uninit
 .text.nrfx_gpiote_trigger_disable
                0x00000000000fda9e        0x4 modules/hal_nordic/nrfx/libmodules__hal_nordic__nrfx.a(nrfx_gpiote.c.obj)
                0x00000000000fda9e                nrfx_gpiote_trigger_disable
 .text.nrfx_nvmc_flash_size_get
                0x00000000000fdaa2        0xc modules/hal_nordic/nrfx/libmodules__hal_nordic__nrfx.a(nrfx_nvmc.c.obj)
                0x00000000000fdaa2                nrfx_nvmc_flash_size_get
 .text.nrfx_nvmc_flash_page_size_get
                0x00000000000fdaae        0x8 modules/hal_nordic/nrfx/libmodules__hal_nordic__nrfx.a(nrfx_nvmc.c.obj)
                0x00000000000fdaae                nrfx_nvmc_flash_page_size_get
 .text.nrfx_nvmc_flash_page_count_get
                0x00000000000fdab6        0x8 modules/hal_nordic/nrfx/libmodules__hal_nordic__nrfx.a(nrfx_nvmc.c.obj)
                0x00000000000fdab6                nrfx_nvmc_flash_page_count_get
 .text.nrf_power_event_get_and_clear.constprop.0
                0x00000000000fdabe       0x18 modules/hal_nordic/nrfx/libmodules__hal_nordic__nrfx.a(nrfx_power.c.obj)
 .text.nrfx_power_usbevt_enable
                0x00000000000fdad6        0xe modules/hal_nordic/nrfx/libmodules__hal_nordic__nrfx.a(nrfx_power.c.obj)
                0x00000000000fdad6                nrfx_power_usbevt_enable
 .text.nrfx_power_usbevt_disable
                0x00000000000fdae4        0xe modules/hal_nordic/nrfx/libmodules__hal_nordic__nrfx.a(nrfx_power.c.obj)
                0x00000000000fdae4                nrfx_power_usbevt_disable
 .text.nrfx_power_clock_irq_handler
                0x00000000000fdaf2        0xe modules/hal_nordic/nrfx/libmodules__hal_nordic__nrfx.a(nrfx_power.c.obj)
                0x00000000000fdaf2                nrfx_power_clock_irq_handler
 .text.nrfx_qspi_write
                0x00000000000fdb00        0x6 modules/hal_nordic/nrfx/libmodules__hal_nordic__nrfx.a(nrfx_qspi.c.obj)
                0x00000000000fdb00                nrfx_qspi_write
 .text.nrfx_qspi_read
                0x00000000000fdb06        0x6 modules/hal_nordic/nrfx/libmodules__hal_nordic__nrfx.a(nrfx_qspi.c.obj)
                0x00000000000fdb06                nrfx_qspi_read
 .text.nrfx_qspi_chip_erase
                0x00000000000fdb0c        0x8 modules/hal_nordic/nrfx/libmodules__hal_nordic__nrfx.a(nrfx_qspi.c.obj)
                0x00000000000fdb0c                nrfx_qspi_chip_erase
 .text.boot_swap_info_off
                0x00000000000fdb14        0xc modules/mcuboot/libmcuboot_util.a(bootutil_public.c.obj)
                0x00000000000fdb14                boot_swap_info_off
 .text.bootutil_buffer_is_erased
                0x00000000000fdb20       0x26 modules/mcuboot/libmcuboot_util.a(bootutil_public.c.obj)
                0x00000000000fdb20                bootutil_buffer_is_erased
 .text.boot_read_flag
                0x00000000000fdb46       0x38 modules/mcuboot/libmcuboot_util.a(bootutil_public.c.obj)
 .text.boot_write_trailer
                0x00000000000fdb7e       0x58 modules/mcuboot/libmcuboot_util.a(bootutil_public.c.obj)
                0x00000000000fdb7e                boot_write_trailer
 .text.boot_write_trailer_flag
                0x00000000000fdbd6       0x14 modules/mcuboot/libmcuboot_util.a(bootutil_public.c.obj)
                0x00000000000fdbd6                boot_write_trailer_flag
 .text.boot_write_image_ok
                0x00000000000fdbea        0xe modules/mcuboot/libmcuboot_util.a(bootutil_public.c.obj)
                0x00000000000fdbea                boot_write_image_ok
 .text.boot_read_image_ok
                0x00000000000fdbf8        0xc modules/mcuboot/libmcuboot_util.a(bootutil_public.c.obj)
                0x00000000000fdbf8                boot_read_image_ok
 .text.boot_write_swap_info
                0x00000000000fdc04       0x22 modules/mcuboot/libmcuboot_util.a(bootutil_public.c.obj)
                0x00000000000fdc04                boot_write_swap_info
 .text.boot_set_next
                0x00000000000fdc26       0x76 modules/mcuboot/libmcuboot_util.a(bootutil_public.c.obj)
                0x00000000000fdc26                boot_set_next
 .text.boot_set_pending
                0x00000000000fdc9c        0x8 modules/mcuboot/libmcuboot_util.a(bootutil_public.c.obj)
                0x00000000000fdc9c                boot_set_pending
 .text.z_impl_k_busy_wait
                0x00000000000fdca4        0x8 zephyr/kernel/libkernel.a(busy_wait.c.obj)
                0x00000000000fdca4                z_impl_k_busy_wait
 .text.z_device_state_init
                0x00000000000fdcac        0x2 zephyr/kernel/libkernel.a(device.c.obj)
                0x00000000000fdcac                z_device_state_init
 .text.z_impl_device_is_ready
                0x00000000000fdcae       0x16 zephyr/kernel/libkernel.a(device.c.obj)
                0x00000000000fdcae                z_impl_device_is_ready
 .text.arch_system_halt
                0x00000000000fdcc4       0x10 zephyr/kernel/libkernel.a(fatal.c.obj)
                0x00000000000fdcc4                arch_system_halt
 .text.k_sys_fatal_error_handler
                0x00000000000fdcd4        0x6 zephyr/kernel/libkernel.a(fatal.c.obj)
                0x00000000000fdcd4                k_sys_fatal_error_handler
 .text.do_device_init
                0x00000000000fdcda       0x30 zephyr/kernel/libkernel.a(init.c.obj)
 .text.z_early_memset
                0x00000000000fdd0a        0x4 zephyr/kernel/libkernel.a(init.c.obj)
                0x00000000000fdd0a                z_early_memset
 .text.z_early_memcpy
                0x00000000000fdd0e        0x4 zephyr/kernel/libkernel.a(init.c.obj)
                0x00000000000fdd0e                z_early_memcpy
 .text.z_init_static
                0x00000000000fdd12        0x2 zephyr/kernel/libkernel.a(init_static.c.obj)
                0x00000000000fdd12                z_init_static
 .text.create_free_list
                0x00000000000fdd14       0x34 zephyr/kernel/libkernel.a(mem_slab.c.obj)
 .text.k_mem_slab_free
                0x00000000000fdd48       0x4a zephyr/kernel/libkernel.a(mem_slab.c.obj)
                0x00000000000fdd48                k_mem_slab_free
 .text.idle     0x00000000000fdd92       0x16 zephyr/kernel/libkernel.a(idle.c.obj)
                0x00000000000fdd92                idle
 .text.adjust_owner_prio.isra.0
                0x00000000000fdda8       0x10 zephyr/kernel/libkernel.a(mutex.c.obj)
 .text.z_impl_k_mutex_init
                0x00000000000fddb8        0xe zephyr/kernel/libkernel.a(mutex.c.obj)
                0x00000000000fddb8                z_impl_k_mutex_init
 .text.queue_insert
                0x00000000000fddc6       0xca zephyr/kernel/libkernel.a(queue.c.obj)
 .text.z_queue_node_peek
                0x00000000000fde90       0x18 zephyr/kernel/libkernel.a(queue.c.obj)
                0x00000000000fde90                z_queue_node_peek
 .text.k_queue_append
                0x00000000000fdea8       0x16 zephyr/kernel/libkernel.a(queue.c.obj)
                0x00000000000fdea8                k_queue_append
 .text.z_impl_k_sem_init
                0x00000000000fdebe       0x20 zephyr/kernel/libkernel.a(sem.c.obj)
                0x00000000000fdebe                z_impl_k_sem_init
 .text.flag_test_and_clear
                0x00000000000fdede       0x16 zephyr/kernel/libkernel.a(work.c.obj)
 .text.unschedule_locked
                0x00000000000fdef4       0x1e zephyr/kernel/libkernel.a(work.c.obj)
 .text.notify_queue_locked.isra.0
                0x00000000000fdf12        0xe zephyr/kernel/libkernel.a(work.c.obj)
 .text.work_timeout
                0x00000000000fdf20       0x3c zephyr/kernel/libkernel.a(work.c.obj)
 .text.k_work_init
                0x00000000000fdf5c       0x12 zephyr/kernel/libkernel.a(work.c.obj)
                0x00000000000fdf5c                k_work_init
 .text.z_work_submit_to_queue
                0x00000000000fdf6e       0x26 zephyr/kernel/libkernel.a(work.c.obj)
                0x00000000000fdf6e                z_work_submit_to_queue
 .text.k_work_submit_to_queue
                0x00000000000fdf94       0x20 zephyr/kernel/libkernel.a(work.c.obj)
                0x00000000000fdf94                k_work_submit_to_queue
 .text.k_work_init_delayable
                0x00000000000fdfb4       0x18 zephyr/kernel/libkernel.a(work.c.obj)
                0x00000000000fdfb4                k_work_init_delayable
 .text.k_is_in_isr
                0x00000000000fdfcc        0xc zephyr/kernel/libkernel.a(thread.c.obj)
                0x00000000000fdfcc                k_is_in_isr
 .text.z_impl_k_thread_name_set
                0x00000000000fdfd8        0x6 zephyr/kernel/libkernel.a(thread.c.obj)
                0x00000000000fdfd8                z_impl_k_thread_name_set
 .text.z_impl_k_thread_start
                0x00000000000fdfde        0x4 zephyr/kernel/libkernel.a(thread.c.obj)
                0x00000000000fdfde                z_impl_k_thread_start
 .text.sys_dlist_remove
                0x00000000000fdfe2       0x10 zephyr/kernel/libkernel.a(sched.c.obj)
 .text.unpend_thread_no_timeout
                0x00000000000fdff2       0x14 zephyr/kernel/libkernel.a(sched.c.obj)
 .text.add_to_waitq_locked
                0x00000000000fe006       0x50 zephyr/kernel/libkernel.a(sched.c.obj)
 .text.z_ready_thread
                0x00000000000fe056       0x1e zephyr/kernel/libkernel.a(sched.c.obj)
                0x00000000000fe056                z_ready_thread
 .text.z_impl_k_thread_suspend
                0x00000000000fe074       0x34 zephyr/kernel/libkernel.a(sched.c.obj)
                0x00000000000fe074                z_impl_k_thread_suspend
 .text.z_unpend_thread_no_timeout
                0x00000000000fe0a8       0x22 zephyr/kernel/libkernel.a(sched.c.obj)
                0x00000000000fe0a8                z_unpend_thread_no_timeout
 .text.z_sched_wake_thread
                0x00000000000fe0ca       0x42 zephyr/kernel/libkernel.a(sched.c.obj)
                0x00000000000fe0ca                z_sched_wake_thread
 .text.z_thread_timeout
                0x00000000000fe10c        0x8 zephyr/kernel/libkernel.a(sched.c.obj)
                0x00000000000fe10c                z_thread_timeout
 .text.z_unpend_first_thread
                0x00000000000fe114       0x36 zephyr/kernel/libkernel.a(sched.c.obj)
                0x00000000000fe114                z_unpend_first_thread
 .text.z_unpend_thread
                0x00000000000fe14a       0x10 zephyr/kernel/libkernel.a(sched.c.obj)
                0x00000000000fe14a                z_unpend_thread
 .text.z_unpend_all
                0x00000000000fe15a       0x28 zephyr/kernel/libkernel.a(sched.c.obj)
                0x00000000000fe15a                z_unpend_all
 .text.z_thread_abort
                0x00000000000fe182       0x44 zephyr/kernel/libkernel.a(sched.c.obj)
                0x00000000000fe182                z_thread_abort
 .text.z_sched_wake
                0x00000000000fe1c6       0x44 zephyr/kernel/libkernel.a(sched.c.obj)
                0x00000000000fe1c6                z_sched_wake
 .text.z_abort_timeout
                0x00000000000fe20a       0x2a zephyr/kernel/libkernel.a(timeout.c.obj)
                0x00000000000fe20a                z_abort_timeout
 .text.sys_clock_tick_get_32