Archive member included to satisfy reference by file (symbol)

app/libapp.a(main.c.obj)      (--whole-archive)
zephyr/libzephyr.a(heap.c.obj)
                              (--whole-archive)
zephyr/libzephyr.a(cbprintf_packaged.c.obj)
                              (--whole-archive)
zephyr/libzephyr.a(printk.c.obj)
                              (--whole-archive)
zephyr/libzephyr.a(sem.c.obj)
                              (--whole-archive)
zephyr/libzephyr.a(thread_entry.c.obj)
                              (--whole-archive)
zephyr/libzephyr.a(cbprintf_complete.c.obj)
                              (--whole-archive)
zephyr/libzephyr.a(assert.c.obj)
                              (--whole-archive)
zephyr/libzephyr.a(reboot.c.obj)
                              (--whole-archive)
zephyr/libzephyr.a(dec.c.obj)
                              (--whole-archive)
zephyr/libzephyr.a(hex.c.obj)
                              (--whole-archive)
zephyr/libzephyr.a(rb.c.obj)  (--whole-archive)
zephyr/libzephyr.a(timeutil.c.obj)
                              (--whole-archive)
zephyr/libzephyr.a(bitarray.c.obj)
                              (--whole-archive)
zephyr/libzephyr.a(onoff.c.obj)
                              (--whole-archive)
zephyr/libzephyr.a(notify.c.obj)
                              (--whole-archive)
zephyr/libzephyr.a(ring_buffer.c.obj)
                              (--whole-archive)
zephyr/libzephyr.a(configs.c.obj)
                              (--whole-archive)
zephyr/libzephyr.a(mem_attr.c.obj)
                              (--whole-archive)
zephyr/libzephyr.a(flash_map.c.obj)
                              (--whole-archive)
zephyr/libzephyr.a(flash_map_default.c.obj)
                              (--whole-archive)
zephyr/libzephyr.a(flash_map_layout.c.obj)
                              (--whole-archive)
zephyr/libzephyr.a(stream_flash.c.obj)
                              (--whole-archive)
zephyr/libzephyr.a(tracing_none.c.obj)
                              (--whole-archive)
zephyr/libzephyr.a(usb_device.c.obj)
                              (--whole-archive)
zephyr/libzephyr.a(usb_descriptor.c.obj)
                              (--whole-archive)
zephyr/libzephyr.a(usb_transfer.c.obj)
                              (--whole-archive)
zephyr/libzephyr.a(cdc_acm.c.obj)
                              (--whole-archive)
zephyr/libzephyr.a(usb_dfu.c.obj)
                              (--whole-archive)
zephyr/libzephyr.a(usb_work_q.c.obj)
                              (--whole-archive)
zephyr/libzephyr.a(flash_img.c.obj)
                              (--whole-archive)
zephyr/libzephyr.a(flash_util.c.obj)
                              (--whole-archive)
zephyr/arch/common/libarch__common.a(sw_isr_common.c.obj)
                              (--whole-archive)
zephyr/arch/arch/arm/core/libarch__arm__core.a(fatal.c.obj)
                              (--whole-archive)
zephyr/arch/arch/arm/core/libarch__arm__core.a(nmi.c.obj)
                              (--whole-archive)
zephyr/arch/arch/arm/core/libarch__arm__core.a(nmi_on_reset.S.obj)
                              (--whole-archive)
zephyr/arch/arch/arm/core/libarch__arm__core.a(tls.c.obj)
                              (--whole-archive)
zephyr/arch/arch/arm/core/cortex_m/libarch__arm__core__cortex_m.a(exc_exit.c.obj)
                              (--whole-archive)
zephyr/arch/arch/arm/core/cortex_m/libarch__arm__core__cortex_m.a(fault.c.obj)
                              (--whole-archive)
zephyr/arch/arch/arm/core/cortex_m/libarch__arm__core__cortex_m.a(fault_s.S.obj)
                              (--whole-archive)
zephyr/arch/arch/arm/core/cortex_m/libarch__arm__core__cortex_m.a(fpu.c.obj)
                              (--whole-archive)
zephyr/arch/arch/arm/core/cortex_m/libarch__arm__core__cortex_m.a(reset.S.obj)
                              (--whole-archive)
zephyr/arch/arch/arm/core/cortex_m/libarch__arm__core__cortex_m.a(scb.c.obj)
                              (--whole-archive)
zephyr/arch/arch/arm/core/cortex_m/libarch__arm__core__cortex_m.a(thread_abort.c.obj)
                              (--whole-archive)
zephyr/arch/arch/arm/core/cortex_m/libarch__arm__core__cortex_m.a(vector_table.S.obj)
                              (--whole-archive)
zephyr/arch/arch/arm/core/cortex_m/libarch__arm__core__cortex_m.a(swap.c.obj)
                              (--whole-archive)
zephyr/arch/arch/arm/core/cortex_m/libarch__arm__core__cortex_m.a(swap_helper.S.obj)
                              (--whole-archive)
zephyr/arch/arch/arm/core/cortex_m/libarch__arm__core__cortex_m.a(irq_manage.c.obj)
                              (--whole-archive)
zephyr/arch/arch/arm/core/cortex_m/libarch__arm__core__cortex_m.a(prep_c.c.obj)
                              (--whole-archive)
zephyr/arch/arch/arm/core/cortex_m/libarch__arm__core__cortex_m.a(thread.c.obj)
                              (--whole-archive)
zephyr/arch/arch/arm/core/cortex_m/libarch__arm__core__cortex_m.a(cpu_idle.c.obj)
[...]
Memory Configuration

Name             Origin             Length             Attributes
FLASH            0x00000000000f4000 0x000000000000c000 xr
RAM              0x0000000020000000 0x0000000000040000 xw
IDT_LIST         0x00000000ffff7fff 0x0000000000008000 xw
*default*        0x0000000000000000 0xffffffffffffffff

Linker script and memory map

                0x00000000000fc7f4                vfprintf = __l_vfprintf
                0x0000000000000000                vfscanf = __l_vfscanf
LOAD zephyr/CMakeFiles/zephyr_final.dir/misc/empty_file.c.obj
LOAD zephyr/CMakeFiles/zephyr_final.dir/isr_tables.c.obj
LOAD zephyr/CMakeFiles/offsets.dir/./arch/arm/core/offsets/offsets.c.obj
LOAD app/libapp.a
LOAD zephyr/libzephyr.a
LOAD zephyr/arch/common/libarch__common.a
LOAD zephyr/arch/arch/arm/core/libarch__arm__core.a
LOAD zephyr/arch/arch/arm/core/cortex_m/libarch__arm__core__cortex_m.a
LOAD zephyr/arch/arch/arm/core/mpu/libarch__arm__core__mpu.a
LOAD zephyr/lib/libc/picolibc/liblib__libc__picolibc.a
LOAD zephyr/lib/libc/common/liblib__libc__common.a
LOAD zephyr/soc/soc/nrf52840/libsoc__nordic.a
LOAD zephyr/subsys/dfu/boot/libsubsys__dfu__boot.a
LOAD zephyr/drivers/usb/device/libdrivers__usb__device.a
LOAD zephyr/drivers/usb/common/nrf_usbd_common/libdrivers__usb__common__nrf_usbd_common.a
LOAD zephyr/drivers/clock_control/libdrivers__clock_control.a
LOAD zephyr/drivers/console/libdrivers__console.a
LOAD zephyr/drivers/flash/libdrivers__flash.a
LOAD zephyr/drivers/gpio/libdrivers__gpio.a
LOAD zephyr/drivers/hwinfo/libdrivers__hwinfo.a
LOAD zephyr/drivers/pinctrl/libdrivers__pinctrl.a
LOAD zephyr/drivers/serial/libdrivers__serial.a
LOAD zephyr/drivers/spi/libdrivers__spi.a
LOAD zephyr/drivers/timer/libdrivers__timer.a
LOAD modules/hal_nordic/nrfx/libmodules__hal_nordic__nrfx.a
LOAD modules/mcuboot/libmcuboot_util.a
LOAD zephyr/kernel/libkernel.a
LOAD zephyr/arch/common/libisr_tables.a
LOAD /home/mhn/zephyr-sdk-0.16.8/arm-zephyr-eabi/bin/../lib/gcc/../../picolibc/arm-zephyr-eabi/lib/thumb/v7e-m/nofp/libc.a
LOAD /home/mhn/zephyr-sdk-0.16.8/arm-zephyr-eabi/bin/../lib/gcc/arm-zephyr-eabi/12.2.0/thumb/v7e-m/nofp/libgcc.a
                0x0000000000000020                _region_min_align = 0x20

.rel.plt        0x00000000000f4000        0x0
 *(SORT_BY_ALIGNMENT(.rel.plt))
                [!provide]                        PROVIDE (__rel_iplt_start = .)
 *(SORT_BY_ALIGNMENT(.rel.iplt))
 .rel.iplt      0x00000000000f4000        0x0 zephyr/CMakeFiles/zephyr_final.dir/isr_tables.c.obj
                [!provide]                        PROVIDE (__rel_iplt_end = .)

.rela.plt       0x0000000000000000        0x0
 *(SORT_BY_ALIGNMENT(.rela.plt))
                [!provide]                        PROVIDE (__rela_iplt_start = .)
 *(SORT_BY_ALIGNMENT(.rela.iplt))
                [!provide]                        PROVIDE (__rela_iplt_end = .)

.rel.dyn
 *(SORT_BY_ALIGNMENT(.rel.*))

.rela.dyn
 *(SORT_BY_ALIGNMENT(.rela.*))

/DISCARD/
 *(SORT_BY_ALIGNMENT(.plt))

/DISCARD/
 *(SORT_BY_ALIGNMENT(.iplt))
                0x00000000000f4000                __rom_region_start = 0xf4000

rom_start       0x00000000000f4000      0x100
                0x00000000000f4000                __rom_start_address = .
 FILL mask 0x00
                0x00000000000f4000                . = (. + (0x0 - (. - __rom_start_address)))
                0x00000000000f4000                . = ALIGN (0x4)
                0x00000000000f4000                . = ALIGN (0x80)
                0x00000000000f4000                . = ALIGN (0x100)
                0x00000000000f4000                _vector_start = .
 *(SORT_BY_ALIGNMENT(.exc_vector_table))
 *(SORT_BY_ALIGNMENT(.exc_vector_table.*))
 .exc_vector_table._vector_table_section
                0x00000000000f4000       0x40 zephyr/arch/arch/arm/core/cortex_m/libarch__arm__core__cortex_m.a(vector_table.S.obj)
                0x00000000000f4000                _vector_table
 *(SORT_BY_ALIGNMENT(.vectors))
                0x00000000000f4100                _vector_end = .
                0x00000000000f4040                . = ALIGN (0x4)
 *(SORT_BY_ALIGNMENT(.gnu.linkonce.irq_vector_table*))
 .gnu.linkonce.irq_vector_table
                0x00000000000f4040       0xc0 zephyr/CMakeFiles/zephyr_final.dir/isr_tables.c.obj
                0x00000000000f4040                _irq_vector_table
                0x00000000000f4100                _vector_end = .

text            0x00000000000f4100     0xafe8
                0x00000000000f4100                __text_region_start = .
 *(SORT_BY_ALIGNMENT(.text))
 .text          0x00000000000f4100       0x30 /home/mhn/zephyr-sdk-0.16.8/arm-zephyr-eabi/bin/../lib/gcc/arm-zephyr-eabi/12.2.0/thumb/v7e-m/nofp/libgcc.a(_aeabi_uldivmod.o)
                0x00000000000f4100                __aeabi_uldivmod
 .text          0x00000000000f4130        0x4 /home/mhn/zephyr-sdk-0.16.8/arm-zephyr-eabi/bin/../lib/gcc/arm-zephyr-eabi/12.2.0/thumb/v7e-m/nofp/libgcc.a(_dvmd_tls.o)
                0x00000000000f4130                __aeabi_ldiv0
                0x00000000000f4130                __aeabi_idiv0
 .text          0x00000000000f4134       0x10 /home/mhn/zephyr-sdk-0.16.8/arm-zephyr-eabi/bin/../lib/gcc/../../picolibc/arm-zephyr-eabi/lib/thumb/v7e-m/nofp/libc.a(strlen.S.o)
                0x00000000000f4134                strlen
 .text          0x00000000000f4144      0x2a0 /home/mhn/zephyr-sdk-0.16.8/arm-zephyr-eabi/bin/../lib/gcc/arm-zephyr-eabi/12.2.0/thumb/v7e-m/nofp/libgcc.a(_udivmoddi4.o)
                0x00000000000f4144                __udivmoddi4
 *(SORT_BY_ALIGNMENT(.text.*))
 .text.do_boot  0x00000000000f43e4       0x90 app/libapp.a(main.c.obj)
 .text.main     0x00000000000f4474       0x5c app/libapp.a(main.c.obj)
                0x00000000000f4474                main
 .text.char_out
                0x00000000000f44d0        0xc zephyr/libzephyr.a(printk.c.obj)
 .text.__printk_hook_install
                0x00000000000f44dc        0xc zephyr/libzephyr.a(printk.c.obj)
                0x00000000000f44dc                __printk_hook_install
 .text.vprintk  0x00000000000f44e8       0x30 zephyr/libzephyr.a(printk.c.obj)
                0x00000000000f44e8                vprintk
 .text.z_thread_entry
                0x00000000000f4518       0x34 zephyr/libzephyr.a(thread_entry.c.obj)
                0x00000000000f4518                z_thread_entry
 .text.sys_reboot
                0x00000000000f454c       0x2c zephyr/libzephyr.a(reboot.c.obj)
                0x00000000000f454c                sys_reboot
 .text.process_event
                0x00000000000f4578      0x21c zephyr/libzephyr.a(onoff.c.obj)
 .text.mem_attr_get_regions
                0x00000000000f4794        0xc zephyr/libzephyr.a(mem_attr.c.obj)
                0x00000000000f4794                mem_attr_get_regions
 .text.flash_area_open
                0x00000000000f47a0       0x50 zephyr/libzephyr.a(flash_map.c.obj)
                0x00000000000f47a0                flash_area_open
 .text.stream_flash_init
                0x00000000000f47f0       0xa0 zephyr/libzephyr.a(stream_flash.c.obj)
                0x00000000000f47f0                stream_flash_init
 .text.class_handler
                0x00000000000f4890       0x40 zephyr/libzephyr.a(usb_device.c.obj)
 .text.custom_handler
                0x00000000000f48d0       0x60 zephyr/libzephyr.a(usb_device.c.obj)
 .text.vendor_handler
                0x00000000000f4930       0x3c zephyr/libzephyr.a(usb_device.c.obj)
 .text.disable_endpoint
                0x00000000000f496c       0x2c zephyr/libzephyr.a(usb_device.c.obj)
 .text.usb_reset_alt_setting
                0x00000000000f4998       0x10 zephyr/libzephyr.a(usb_device.c.obj)
 .text.is_ep_valid.part.0
                0x00000000000f49a8       0x38 zephyr/libzephyr.a(usb_device.c.obj)
 .text.usb_handle_request.constprop.0
                0x00000000000f49e0       0x2c zephyr/libzephyr.a(usb_device.c.obj)
 .text.forward_status_cb
                0x00000000000f4a0c       0xac zephyr/libzephyr.a(usb_device.c.obj)
 .text.usb_halt_endpoint_req.isra.0
                0x00000000000f4ab8       0x50 zephyr/libzephyr.a(usb_device.c.obj)
 .text.set_endpoint
                0x00000000000f4b08       0x84 zephyr/libzephyr.a(usb_device.c.obj)
 .text.usb_handle_standard_request
                0x00000000000f4b8c      0x2ec zephyr/libzephyr.a(usb_device.c.obj)
 .text.usb_disable
                0x00000000000f4e78       0x60 zephyr/libzephyr.a(usb_device.c.obj)
                0x00000000000f4e78                usb_disable
 .text.usb_data_to_host
                0x00000000000f4ed8       0x60 zephyr/libzephyr.a(usb_device.c.obj)
 .text.usb_handle_control_transfer
                0x00000000000f4f38       0xdc zephyr/libzephyr.a(usb_device.c.obj)
 .text.usb_set_config
                0x00000000000f5014       0x2c zephyr/libzephyr.a(usb_device.c.obj)
                0x00000000000f5014                usb_set_config
 .text.usb_enable
                0x00000000000f5040      0x13c zephyr/libzephyr.a(usb_device.c.obj)
                0x00000000000f5040                usb_enable
 .text.usb_update_sn_string_descriptor
                0x00000000000f517c       0x88 zephyr/libzephyr.a(usb_descriptor.c.obj)
                0x00000000000f517c                usb_update_sn_string_descriptor
 .text.usb_get_device_descriptor
                0x00000000000f5204      0x1e4 zephyr/libzephyr.a(usb_descriptor.c.obj)
                0x00000000000f5204                usb_get_device_descriptor
 .text.usb_ep_get_transfer
                0x00000000000f53e8       0x2c zephyr/libzephyr.a(usb_transfer.c.obj)
 .text.usb_transfer_work
                0x00000000000f5414      0x100 zephyr/libzephyr.a(usb_transfer.c.obj)
 .text.usb_transfer_ep_callback
                0x00000000000f5514       0x5c zephyr/libzephyr.a(usb_transfer.c.obj)
                0x00000000000f5514                usb_transfer_ep_callback
 .text.usb_transfer
                0x00000000000f5570       0xe4 zephyr/libzephyr.a(usb_transfer.c.obj)
                0x00000000000f5570                usb_transfer
 .text.usb_cancel_transfer
                0x00000000000f5654       0x3c zephyr/libzephyr.a(usb_transfer.c.obj)
                0x00000000000f5654                usb_cancel_transfer
 .text.usb_cancel_transfers
                0x00000000000f5690       0x44 zephyr/libzephyr.a(usb_transfer.c.obj)
                0x00000000000f5690                usb_cancel_transfers
 .text.usb_transfer_init
                0x00000000000f56d4       0x34 zephyr/libzephyr.a(usb_transfer.c.obj)
                0x00000000000f56d4                usb_transfer_init
 .text.cdc_acm_class_handle_req
                0x00000000000f5708       0x64 zephyr/libzephyr.a(cdc_acm.c.obj)
                0x00000000000f5708                cdc_acm_class_handle_req
 .text.cdc_acm_int_in
                0x00000000000f576c       0x18 zephyr/libzephyr.a(cdc_acm.c.obj)
 .text.cdc_acm_irq_rx_enable
                0x00000000000f5784       0x20 zephyr/libzephyr.a(cdc_acm.c.obj)
 .text.cdc_acm_irq_tx_enable
                0x00000000000f57a4       0x20 zephyr/libzephyr.a(cdc_acm.c.obj)
 .text.cdc_acm_write_cb
                0x00000000000f57c4       0x54 zephyr/libzephyr.a(cdc_acm.c.obj)
 .text.cdc_acm_fifo_fill
                0x00000000000f5818       0x3c zephyr/libzephyr.a(cdc_acm.c.obj)
 .text.cdc_acm_reset_port
                0x00000000000f5854       0x3c zephyr/libzephyr.a(cdc_acm.c.obj)
 .text.tx_work_handler
                0x00000000000f5890       0x64 zephyr/libzephyr.a(cdc_acm.c.obj)
 .text.cdc_acm_init
                0x00000000000f58f4       0x48 zephyr/libzephyr.a(cdc_acm.c.obj)
 .text.cdc_acm_poll_out
                0x00000000000f593c       0x70 zephyr/libzephyr.a(cdc_acm.c.obj)
 .text.cdc_acm_read_cb
                0x00000000000f59ac       0x74 zephyr/libzephyr.a(cdc_acm.c.obj)
 .text.cdc_acm_dev_status_cb
                0x00000000000f5a20       0x84 zephyr/libzephyr.a(cdc_acm.c.obj)
 .text.dfu_interface_config
                0x00000000000f5aa4        0xc zephyr/libzephyr.a(usb_dfu.c.obj)
 .text.dfu_custom_handle_req
                0x00000000000f5ab0       0x68 zephyr/libzephyr.a(usb_dfu.c.obj)
 .text.dfu_reset_counters
                0x00000000000f5b18       0x28 zephyr/libzephyr.a(usb_dfu.c.obj)
 .text.usb_dfu_init
                0x00000000000f5b40       0x64 zephyr/libzephyr.a(usb_dfu.c.obj)
 .text.dfu_work_handler
                0x00000000000f5ba4       0x74 zephyr/libzephyr.a(usb_dfu.c.obj)
 .text.dfu_timer_work_handler
                0x00000000000f5c18       0x40 zephyr/libzephyr.a(usb_dfu.c.obj)
 .text.dfu_class_handle_req
                0x00000000000f5c58      0x158 zephyr/libzephyr.a(usb_dfu.c.obj)
 .text.z_usb_work_q_init
                0x00000000000f5db0       0x34 zephyr/libzephyr.a(usb_work_q.c.obj)
 .text.z_SysNmiOnReset
                0x00000000000f5de4        0x8 zephyr/arch/arch/arm/core/libarch__arm__core.a(nmi_on_reset.S.obj)
                0x00000000000f5de4                z_SysNmiOnReset
 .text.arch_tls_stack_setup
                0x00000000000f5dec       0x40 zephyr/arch/arch/arm/core/libarch__arm__core.a(tls.c.obj)
                0x00000000000f5dec                arch_tls_stack_setup
 .text._HandlerModeExit
                0x00000000000f5e2c       0x28 zephyr/arch/arch/arm/core/cortex_m/libarch__arm__core__cortex_m.a(exc_exit.c.obj)
                0x00000000000f5e2c                z_arm_exc_exit
                0x00000000000f5e2c                z_arm_int_exit
 .text.mem_manage_fault
                0x00000000000f5e54       0xa0 zephyr/arch/arch/arm/core/cortex_m/libarch__arm__core__cortex_m.a(fault.c.obj)
 .text.usage_fault.constprop.0
                0x00000000000f5ef4       0x54 zephyr/arch/arch/arm/core/cortex_m/libarch__arm__core__cortex_m.a(fault.c.obj)
 .text.bus_fault.constprop.0
                0x00000000000f5f48       0x6c zephyr/arch/arch/arm/core/cortex_m/libarch__arm__core__cortex_m.a(fault.c.obj)
 .text.z_arm_fault
                0x00000000000f5fb4      0x128 zephyr/arch/arch/arm/core/cortex_m/libarch__arm__core__cortex_m.a(fault.c.obj)
                0x00000000000f5fb4                z_arm_fault
 .text.z_arm_fault_init
                0x00000000000f60dc       0x18 zephyr/arch/arch/arm/core/cortex_m/libarch__arm__core__cortex_m.a(fault.c.obj)
                0x00000000000f60dc                z_arm_fault_init
 .text.__fault  0x00000000000f60f4       0x14 zephyr/arch/arch/arm/core/cortex_m/libarch__arm__core__cortex_m.a(fault_s.S.obj)
                0x00000000000f60f4                z_arm_bus_fault
                0x00000000000f60f4                z_arm_usage_fault
                0x00000000000f60f4                z_arm_mpu_fault
                0x00000000000f60f4                z_arm_exc_spurious
                0x00000000000f60f4                z_arm_debug_monitor
                0x00000000000f60f4                z_arm_hard_fault
 .text._reset_section
                0x00000000000f6108       0x30 zephyr/arch/arch/arm/core/cortex_m/libarch__arm__core__cortex_m.a(reset.S.obj)
                0x00000000000f6108                z_arm_reset
                0x00000000000f6108                __start
 .text.sys_arch_reboot
                0x00000000000f6138       0x24 zephyr/arch/arch/arm/core/cortex_m/libarch__arm__core__cortex_m.a(scb.c.obj)
                0x00000000000f6138                sys_arch_reboot
 .text.z_arm_clear_arm_mpu_config
                0x00000000000f615c       0x24 zephyr/arch/arch/arm/core/cortex_m/libarch__arm__core__cortex_m.a(scb.c.obj)
                0x00000000000f615c                z_arm_clear_arm_mpu_config
 .text.z_impl_k_thread_abort
                0x00000000000f6180       0x2c zephyr/arch/arch/arm/core/cortex_m/libarch__arm__core__cortex_m.a(thread_abort.c.obj)
                0x00000000000f6180                z_impl_k_thread_abort
 .text.arch_swap
                0x00000000000f61ac       0x30 zephyr/arch/arch/arm/core/cortex_m/libarch__arm__core__cortex_m.a(swap.c.obj)
                0x00000000000f61ac                arch_swap
 .text.z_arm_pendsv_c
                0x00000000000f61dc       0x48 zephyr/arch/arch/arm/core/cortex_m/libarch__arm__core__cortex_m.a(swap.c.obj)
                0x00000000000f61dc                z_arm_pendsv_c
 .text.z_arm_pendsv
                0x00000000000f6224       0x34 zephyr/arch/arch/arm/core/cortex_m/libarch__arm__core__cortex_m.a(swap_helper.S.obj)
                0x00000000000f6224                z_arm_pendsv
 .text.z_arm_svc
                0x00000000000f6258       0x20 zephyr/arch/arch/arm/core/cortex_m/libarch__arm__core__cortex_m.a(swap_helper.S.obj)
                0x00000000000f6258                z_arm_svc
 .text.arch_irq_enable
                0x00000000000f6278       0x1c zephyr/arch/arch/arm/core/cortex_m/libarch__arm__core__cortex_m.a(irq_manage.c.obj)
                0x00000000000f6278                arch_irq_enable
 .text.arch_irq_disable
                0x00000000000f6294       0x28 zephyr/arch/arch/arm/core/cortex_m/libarch__arm__core__cortex_m.a(irq_manage.c.obj)
                0x00000000000f6294                arch_irq_disable
 .text.arch_irq_is_enabled
                0x00000000000f62bc       0x1c zephyr/arch/arch/arm/core/cortex_m/libarch__arm__core__cortex_m.a(irq_manage.c.obj)
                0x00000000000f62bc                arch_irq_is_enabled
 .text.z_arm_irq_priority_set
                0x00000000000f62d8       0x30 zephyr/arch/arch/arm/core/cortex_m/libarch__arm__core__cortex_m.a(irq_manage.c.obj)
                0x00000000000f62d8                z_arm_irq_priority_set
 .text.z_prep_c
                0x00000000000f6308       0x48 zephyr/arch/arch/arm/core/cortex_m/libarch__arm__core__cortex_m.a(prep_c.c.obj)
                0x00000000000f6308                z_prep_c
 .text.arch_new_thread
                0x00000000000f6350       0x38 zephyr/arch/arch/arm/core/cortex_m/libarch__arm__core__cortex_m.a(thread.c.obj)
                0x00000000000f6350                arch_new_thread
 .text.z_check_thread_stack_fail
                0x00000000000f6388       0x2c zephyr/arch/arch/arm/core/cortex_m/libarch__arm__core__cortex_m.a(thread.c.obj)
                0x00000000000f6388                z_check_thread_stack_fail
 .text.arch_switch_to_main_thread
                0x00000000000f63b4       0x44 zephyr/arch/arch/arm/core/cortex_m/libarch__arm__core__cortex_m.a(thread.c.obj)
                0x00000000000f63b4                arch_switch_to_main_thread
 .text.z_arm_cpu_idle_init
                0x00000000000f63f8        0xc zephyr/arch/arch/arm/core/cortex_m/libarch__arm__core__cortex_m.a(cpu_idle.c.obj)
                0x00000000000f63f8                z_arm_cpu_idle_init
 .text.z_arm_interrupt_init
                0x00000000000f6404       0x18 zephyr/arch/arch/arm/core/cortex_m/libarch__arm__core__cortex_m.a(irq_init.c.obj)
                0x00000000000f6404                z_arm_interrupt_init
 .text._isr_wrapper
                0x00000000000f641c       0x24 zephyr/arch/arch/arm/core/cortex_m/libarch__arm__core__cortex_m.a(isr_wrapper.c.obj)
                0x00000000000f641c                _isr_wrapper
 .text.z_arm_configure_static_mpu_regions
                0x00000000000f6440       0x18 zephyr/arch/arch/arm/core/mpu/libarch__arm__core__mpu.a(arm_core_mpu.c.obj)
                0x00000000000f6440                z_arm_configure_static_mpu_regions
 .text.z_arm_configure_dynamic_mpu_regions
                0x00000000000f6458       0x20 zephyr/arch/arch/arm/core/mpu/libarch__arm__core__mpu.a(arm_core_mpu.c.obj)
                0x00000000000f6458                z_arm_configure_dynamic_mpu_regions
 .text.region_init
                0x00000000000f6478       0x28 zephyr/arch/arch/arm/core/mpu/libarch__arm__core__mpu.a(arm_mpu.c.obj)
 .text.mpu_configure_regions
                0x00000000000f64a0       0x6c zephyr/arch/arch/arm/core/mpu/libarch__arm__core__mpu.a(arm_mpu.c.obj)
 .text.arm_core_mpu_enable
                0x00000000000f650c       0x18 zephyr/arch/arch/arm/core/mpu/libarch__arm__core__mpu.a(arm_mpu.c.obj)
                0x00000000000f650c                arm_core_mpu_enable
 .text.arm_core_mpu_disable
                0x00000000000f6524       0x14 zephyr/arch/arch/arm/core/mpu/libarch__arm__core__mpu.a(arm_mpu.c.obj)
                0x00000000000f6524                arm_core_mpu_disable
 .text.arm_core_mpu_configure_static_mpu_regions
                0x00000000000f6538       0x14 zephyr/arch/arch/arm/core/mpu/libarch__arm__core__mpu.a(arm_mpu.c.obj)
                0x00000000000f6538                arm_core_mpu_configure_static_mpu_regions
 .text.arm_core_mpu_configure_dynamic_mpu_regions
                0x00000000000f654c       0x38 zephyr/arch/arch/arm/core/mpu/libarch__arm__core__mpu.a(arm_mpu.c.obj)
                0x00000000000f654c                arm_core_mpu_configure_dynamic_mpu_regions
 .text.z_arm_mpu_init
                0x00000000000f6584      0x168 zephyr/arch/arch/arm/core/mpu/libarch__arm__core__mpu.a(arm_mpu.c.obj)
                0x00000000000f6584                z_arm_mpu_init
 .text.z_impl_zephyr_fputc
                0x00000000000f66ec       0x10 zephyr/lib/libc/picolibc/liblib__libc__picolibc.a(libc-hooks.c.obj)
                0x00000000000f66ec                z_impl_zephyr_fputc
 .text.__stdout_hook_install
                0x00000000000f66fc       0x18 zephyr/lib/libc/picolibc/liblib__libc__picolibc.a(libc-hooks.c.obj)
                0x00000000000f66fc                __stdout_hook_install
 .text.malloc_prepare
                0x00000000000f6714       0x24 zephyr/lib/libc/common/liblib__libc__common.a(malloc.c.obj)
 .text.nordicsemi_nrf52_init
                0x00000000000f6738       0x44 zephyr/soc/soc/nrf52840/libsoc__nordic.a(soc.c.obj)
 .text.arch_busy_wait
                0x00000000000f677c       0x14 zephyr/soc/soc/nrf52840/libsoc__nordic.a(soc.c.obj)
                0x00000000000f677c                arch_busy_wait
 .text.endpoint_ctx
                0x00000000000f6790       0x60 zephyr/drivers/usb/device/libdrivers__usb__device.a(usb_dc_nrfx.c.obj)
 .text.usbd_work_schedule
                0x00000000000f67f0       0x10 zephyr/drivers/usb/device/libdrivers__usb__device.a(usb_dc_nrfx.c.obj)
 .text.usbd_evt_put
                0x00000000000f6800        0xc zephyr/drivers/usb/device/libdrivers__usb__device.a(usb_dc_nrfx.c.obj)
 .text.usbd_evt_get
                0x00000000000f680c       0x10 zephyr/drivers/usb/device/libdrivers__usb__device.a(usb_dc_nrfx.c.obj)
 .text.usb_init
                0x00000000000f681c       0x70 zephyr/drivers/usb/device/libdrivers__usb__device.a(usb_dc_nrfx.c.obj)
 .text.hfxo_stop.constprop.0.isra.0
                0x00000000000f688c       0x40 zephyr/drivers/usb/device/libdrivers__usb__device.a(usb_dc_nrfx.c.obj)
 .text.eps_ctx_init
                0x00000000000f68cc       0x68 zephyr/drivers/usb/device/libdrivers__usb__device.a(usb_dc_nrfx.c.obj)
 .text.usbd_evt_flush
                0x00000000000f6934       0x1c zephyr/drivers/usb/device/libdrivers__usb__device.a(usb_dc_nrfx.c.obj)
 .text.usbd_evt_alloc
                0x00000000000f6950       0x44 zephyr/drivers/usb/device/libdrivers__usb__device.a(usb_dc_nrfx.c.obj)
 .text.usb_dc_power_event_handler
                0x00000000000f6994       0x34 zephyr/drivers/usb/device/libdrivers__usb__device.a(usb_dc_nrfx.c.obj)
 .text.usbd_event_transfer_data
                0x00000000000f69c8       0xa8 zephyr/drivers/usb/device/libdrivers__usb__device.a(usb_dc_nrfx.c.obj)
 .text.usbd_event_handler
                0x00000000000f6a70      0x11c zephyr/drivers/usb/device/libdrivers__usb__device.a(usb_dc_nrfx.c.obj)
 .text.usbd_work_handler
                0x00000000000f6b8c      0x2e0 zephyr/drivers/usb/device/libdrivers__usb__device.a(usb_dc_nrfx.c.obj)
 .text.usb_dc_attach
                0x00000000000f6e6c       0x64 zephyr/drivers/usb/device/libdrivers__usb__device.a(usb_dc_nrfx.c.obj)
                0x00000000000f6e6c                usb_dc_attach
 .text.usb_dc_detach
                0x00000000000f6ed0       0x40 zephyr/drivers/usb/device/libdrivers__usb__device.a(usb_dc_nrfx.c.obj)
                0x00000000000f6ed0                usb_dc_detach
 .text.usb_dc_set_address
                0x00000000000f6f10       0x24 zephyr/drivers/usb/device/libdrivers__usb__device.a(usb_dc_nrfx.c.obj)
                0x00000000000f6f10                usb_dc_set_address
 .text.usb_dc_ep_configure
                0x00000000000f6f34       0x48 zephyr/drivers/usb/device/libdrivers__usb__device.a(usb_dc_nrfx.c.obj)
                0x00000000000f6f34                usb_dc_ep_configure
 .text.usb_dc_ep_set_stall
                0x00000000000f6f7c       0x50 zephyr/drivers/usb/device/libdrivers__usb__device.a(usb_dc_nrfx.c.obj)
                0x00000000000f6f7c                usb_dc_ep_set_stall
 .text.usb_dc_ep_clear_stall
                0x00000000000f6fcc       0x40 zephyr/drivers/usb/device/libdrivers__usb__device.a(usb_dc_nrfx.c.obj)
                0x00000000000f6fcc                usb_dc_ep_clear_stall
 .text.usb_dc_ep_is_stalled
                0x00000000000f700c       0x38 zephyr/drivers/usb/device/libdrivers__usb__device.a(usb_dc_nrfx.c.obj)
                0x00000000000f700c                usb_dc_ep_is_stalled
 .text.usb_dc_ep_enable
                0x00000000000f7044       0x54 zephyr/drivers/usb/device/libdrivers__usb__device.a(usb_dc_nrfx.c.obj)
                0x00000000000f7044                usb_dc_ep_enable
 .text.usb_dc_ep_write
                0x00000000000f7098       0xf8 zephyr/drivers/usb/device/libdrivers__usb__device.a(usb_dc_nrfx.c.obj)
                0x00000000000f7098                usb_dc_ep_write
 .text.usb_dc_ep_read_wait
                0x00000000000f7190       0x90 zephyr/drivers/usb/device/libdrivers__usb__device.a(usb_dc_nrfx.c.obj)
                0x00000000000f7190                usb_dc_ep_read_wait
 .text.usb_dc_ep_read_continue
                0x00000000000f7220       0x84 zephyr/drivers/usb/device/libdrivers__usb__device.a(usb_dc_nrfx.c.obj)
                0x00000000000f7220                usb_dc_ep_read_continue
 .text.usb_dc_ep_set_callback
                0x00000000000f72a4       0x28 zephyr/drivers/usb/device/libdrivers__usb__device.a(usb_dc_nrfx.c.obj)
                0x00000000000f72a4                usb_dc_ep_set_callback
 .text.usb_dc_set_status_callback
                0x00000000000f72cc        0xc zephyr/drivers/usb/device/libdrivers__usb__device.a(usb_dc_nrfx.c.obj)
                0x00000000000f72cc                usb_dc_set_status_callback
 .text.usb_dc_ep_mps
                0x00000000000f72d8       0x24 zephyr/drivers/usb/device/libdrivers__usb__device.a(usb_dc_nrfx.c.obj)
                0x00000000000f72d8                usb_dc_ep_mps
 .text.nrf52_errata_187
                0x00000000000f72fc       0x28 zephyr/drivers/usb/common/nrf_usbd_common/libdrivers__usb__common__nrf_usbd_common.a(nrf_usbd_common.c.obj)
 .text.ep_state_access
                0x00000000000f7324       0x20 zephyr/drivers/usb/common/nrf_usbd_common/libdrivers__usb__common__nrf_usbd_common.a(nrf_usbd_common.c.obj)
 .text.usbd_errata_187_211_begin
                0x00000000000f7344       0x3c zephyr/drivers/usb/common/nrf_usbd_common/libdrivers__usb__common__nrf_usbd_common.a(nrf_usbd_common.c.obj)
 .text.usbd_errata_187_211_end
                0x00000000000f7380       0x3c zephyr/drivers/usb/common/nrf_usbd_common/libdrivers__usb__common__nrf_usbd_common.a(nrf_usbd_common.c.obj)
 .text.usbd_dma_pending_clear
                0x00000000000f73bc       0x1c zephyr/drivers/usb/common/nrf_usbd_common/libdrivers__usb__common__nrf_usbd_common.a(nrf_usbd_common.c.obj)
 .text.nrf_usbd_common_uninit
                0x00000000000f73d8       0x14 zephyr/drivers/usb/common/nrf_usbd_common/libdrivers__usb__common__nrf_usbd_common.a(nrf_usbd_common.c.obj)
                0x00000000000f73d8                nrf_usbd_common_uninit
 .text.nrf_usbd_common_enable
                0x00000000000f73ec      0x148 zephyr/drivers/usb/common/nrf_usbd_common/libdrivers__usb__common__nrf_usbd_common.a(nrf_usbd_common.c.obj)
                0x00000000000f73ec                nrf_usbd_common_enable
 .text.nrf_usbd_common_start
                0x00000000000f7534       0x38 zephyr/drivers/usb/common/nrf_usbd_common/libdrivers__usb__common__nrf_usbd_common.a(nrf_usbd_common.c.obj)
                0x00000000000f7534                nrf_usbd_common_start
 .text.nrf_usbd_common_is_enabled
                0x00000000000f756c       0x14 zephyr/drivers/usb/common/nrf_usbd_common/libdrivers__usb__common__nrf_usbd_common.a(nrf_usbd_common.c.obj)
                0x00000000000f756c                nrf_usbd_common_is_enabled
 .text.nrf_usbd_common_suspend
                0x00000000000f7580       0x50 zephyr/drivers/usb/common/nrf_usbd_common/libdrivers__usb__common__nrf_usbd_common.a(nrf_usbd_common.c.obj)
                0x00000000000f7580                nrf_usbd_common_suspend
 .text.nrf_usbd_common_init
                0x00000000000f75d0       0x84 zephyr/drivers/usb/common/nrf_usbd_common/libdrivers__usb__common__nrf_usbd_common.a(nrf_usbd_common.c.obj)
                0x00000000000f75d0                nrf_usbd_common_init
 .text.nrf_usbd_common_ep_enable_check
                0x00000000000f7654       0x28 zephyr/drivers/usb/common/nrf_usbd_common/libdrivers__usb__common__nrf_usbd_common.a(nrf_usbd_common.c.obj)
                0x00000000000f7654                nrf_usbd_common_ep_enable_check
 .text.nrf_usbd_common_ep_transfer
                0x00000000000f767c       0x98 zephyr/drivers/usb/common/nrf_usbd_common/libdrivers__usb__common__nrf_usbd_common.a(nrf_usbd_common.c.obj)
                0x00000000000f767c                nrf_usbd_common_ep_transfer
 .text.nrf_usbd_common_epout_size_get
                0x00000000000f7714       0x28 zephyr/drivers/usb/common/nrf_usbd_common/libdrivers__usb__common__nrf_usbd_common.a(nrf_usbd_common.c.obj)
                0x00000000000f7714                nrf_usbd_common_epout_size_get
 .text.nrf_usbd_common_irq_handler
                0x00000000000f773c      0x48c zephyr/drivers/usb/common/nrf_usbd_common/libdrivers__usb__common__nrf_usbd_common.a(nrf_usbd_common.c.obj)
                0x00000000000f773c                nrf_usbd_common_irq_handler
 .text.nrf_usbd_common_ep_stall
                0x00000000000f7bc8       0x10 zephyr/drivers/usb/common/nrf_usbd_common/libdrivers__usb__common__nrf_usbd_common.a(nrf_usbd_common.c.obj)
                0x00000000000f7bc8                nrf_usbd_common_ep_stall
 .text.nrf_usbd_common_ep_stall_check
                0x00000000000f7bd8       0x34 zephyr/drivers/usb/common/nrf_usbd_common/libdrivers__usb__common__nrf_usbd_common.a(nrf_usbd_common.c.obj)
                0x00000000000f7bd8                nrf_usbd_common_ep_stall_check
 .text.nrf_usbd_common_ep_dtoggle_clear
                0x00000000000f7c0c       0x14 zephyr/drivers/usb/common/nrf_usbd_common/libdrivers__usb__common__nrf_usbd_common.a(nrf_usbd_common.c.obj)
                0x00000000000f7c0c                nrf_usbd_common_ep_dtoggle_clear
 .text.nrf_usbd_common_setup_get
                0x00000000000f7c20       0x44 zephyr/drivers/usb/common/nrf_usbd_common/libdrivers__usb__common__nrf_usbd_common.a(nrf_usbd_common.c.obj)
                0x00000000000f7c20                nrf_usbd_common_setup_get
 .text.nrf_usbd_common_setup_data_clear
                0x00000000000f7c64        0xc zephyr/drivers/usb/common/nrf_usbd_common/libdrivers__usb__common__nrf_usbd_common.a(nrf_usbd_common.c.obj)
                0x00000000000f7c64                nrf_usbd_common_setup_data_clear
 .text.nrf_usbd_common_setup_clear
                0x00000000000f7c70        0xc zephyr/drivers/usb/common/nrf_usbd_common/libdrivers__usb__common__nrf_usbd_common.a(nrf_usbd_common.c.obj)
                0x00000000000f7c70                nrf_usbd_common_setup_clear
 .text.nrf_usbd_common_setup_stall
                0x00000000000f7c7c        0xc zephyr/drivers/usb/common/nrf_usbd_common/libdrivers__usb__common__nrf_usbd_common.a(nrf_usbd_common.c.obj)
                0x00000000000f7c7c                nrf_usbd_common_setup_stall
 .text.nrf_usbd_common_last_setup_dir_get
                0x00000000000f7c88        0xc zephyr/drivers/usb/common/nrf_usbd_common/libdrivers__usb__common__nrf_usbd_common.a(nrf_usbd_common.c.obj)
                0x00000000000f7c88                nrf_usbd_common_last_setup_dir_get
 .text.nrf_usbd_common_transfer_out_drop
                0x00000000000f7c94       0x4c zephyr/drivers/usb/common/nrf_usbd_common/libdrivers__usb__common__nrf_usbd_common.a(nrf_usbd_common.c.obj)
                0x00000000000f7c94                nrf_usbd_common_transfer_out_drop
 .text.usbd_ep_abort
                0x00000000000f7ce0       0xf0 zephyr/drivers/usb/common/nrf_usbd_common/libdrivers__usb__common__nrf_usbd_common.a(nrf_usbd_common.c.obj)
 .text.nrf_usbd_common_ep_abort
                0x00000000000f7dd0       0x34 zephyr/drivers/usb/common/nrf_usbd_common/libdrivers__usb__common__nrf_usbd_common.a(nrf_usbd_common.c.obj)
                0x00000000000f7dd0                nrf_usbd_common_ep_abort
 .text.nrf_usbd_common_disable
                0x00000000000f7e04       0xd4 zephyr/drivers/usb/common/nrf_usbd_common/libdrivers__usb__common__nrf_usbd_common.a(nrf_usbd_common.c.obj)
                0x00000000000f7e04                nrf_usbd_common_disable
 .text.nrf_usbd_common_ep_disable
                0x00000000000f7ed8       0x60 zephyr/drivers/usb/common/nrf_usbd_common/libdrivers__usb__common__nrf_usbd_common.a(nrf_usbd_common.c.obj)
                0x00000000000f7ed8                nrf_usbd_common_ep_disable
 .text.nrf_usbd_common_ep_enable
                0x00000000000f7f38       0x70 zephyr/drivers/usb/common/nrf_usbd_common/libdrivers__usb__common__nrf_usbd_common.a(nrf_usbd_common.c.obj)
                0x00000000000f7f38                nrf_usbd_common_ep_enable
 .text.nrf_usbd_common_ep_stall_clear
                0x00000000000f7fa8       0x20 zephyr/drivers/usb/common/nrf_usbd_common/libdrivers__usb__common__nrf_usbd_common.a(nrf_usbd_common.c.obj)
                0x00000000000f7fa8                nrf_usbd_common_ep_stall_clear
 .text.onoff_stop
                0x00000000000f7fc8       0x30 zephyr/drivers/clock_control/libdrivers__clock_control.a(clock_control_nrf.c.obj)
 .text.onoff_start
                0x00000000000f7ff8       0x44 zephyr/drivers/clock_control/libdrivers__clock_control.a(clock_control_nrf.c.obj)
 .text.generic_hfclk_stop
                0x00000000000f803c       0x34 zephyr/drivers/clock_control/libdrivers__clock_control.a(clock_control_nrf.c.obj)
 .text.clk_init
                0x00000000000f8070       0x58 zephyr/drivers/clock_control/libdrivers__clock_control.a(clock_control_nrf.c.obj)
 .text.api_blocking_start
                0x00000000000f80c8       0x3c zephyr/drivers/clock_control/libdrivers__clock_control.a(clock_control_nrf.c.obj)
 .text.clkstarted_handle.constprop.0
                0x00000000000f8104       0x4c zephyr/drivers/clock_control/libdrivers__clock_control.a(clock_control_nrf.c.obj)
 .text.generic_hfclk_start
                0x00000000000f8150       0x78 zephyr/drivers/clock_control/libdrivers__clock_control.a(clock_control_nrf.c.obj)
 .text.clock_event_handler
                0x00000000000f81c8       0x1c zephyr/drivers/clock_control/libdrivers__clock_control.a(clock_control_nrf.c.obj)
 .text.z_nrf_clock_control_get_onoff
                0x00000000000f81e4       0x10 zephyr/drivers/clock_control/libdrivers__clock_control.a(clock_control_nrf.c.obj)
                0x00000000000f81e4                z_nrf_clock_control_get_onoff
 .text.z_nrf_clock_control_lf_on
                0x00000000000f81f4       0xfc zephyr/drivers/clock_control/libdrivers__clock_control.a(clock_control_nrf.c.obj)
                0x00000000000f81f4                z_nrf_clock_control_lf_on
 .text.uart_console_init
                0x00000000000f82f0       0x28 zephyr/drivers/console/libdrivers__console.a(uart_console.c.obj)
 .text.console_out
                0x00000000000f8318       0x28 zephyr/drivers/console/libdrivers__console.a(uart_console.c.obj)
 .text.qspi_get_zephyr_ret_code
                0x00000000000f8340       0x1c zephyr/drivers/flash/libdrivers__flash.a(nrf_qspi_nor.c.obj)
 .text.qspi_nor_pages_layout
                0x00000000000f835c       0x10 zephyr/drivers/flash/libdrivers__flash.a(nrf_qspi_nor.c.obj)
 .text.qspi_flash_get_parameters
                0x00000000000f836c        0x8 zephyr/drivers/flash/libdrivers__flash.a(nrf_qspi_nor.c.obj)
 .text.nrf_qspi_pins_set.constprop.0
                0x00000000000f8374       0x5c zephyr/drivers/flash/libdrivers__flash.a(nrf_qspi_nor.c.obj)
 .text.qspi_wait_for_completion.isra.0
                0x00000000000f83d0       0x1c zephyr/drivers/flash/libdrivers__flash.a(nrf_qspi_nor.c.obj)
 .text.qspi_nor_init
                0x00000000000f83ec      0x1a8 zephyr/drivers/flash/libdrivers__flash.a(nrf_qspi_nor.c.obj)
 .text.qspi_nor_erase
                0x00000000000f8594       0xf4 zephyr/drivers/flash/libdrivers__flash.a(nrf_qspi_nor.c.obj)
 .text.qspi_nor_write
                0x00000000000f8688      0x110 zephyr/drivers/flash/libdrivers__flash.a(nrf_qspi_nor.c.obj)
 .text.qspi_nor_read
                0x00000000000f8798      0x13c zephyr/drivers/flash/libdrivers__flash.a(nrf_qspi_nor.c.obj)
 .text.flash_nrf_pages_layout
                0x00000000000f88d4       0x10 zephyr/drivers/flash/libdrivers__flash.a(soc_flash_nrf.c.obj)
 .text.flash_nrf_get_parameters
                0x00000000000f88e4        0x8 zephyr/drivers/flash/libdrivers__flash.a(soc_flash_nrf.c.obj)
 .text.nrf_flash_init
                0x00000000000f88ec       0x28 zephyr/drivers/flash/libdrivers__flash.a(soc_flash_nrf.c.obj)
 .text.restore_pofwarn.part.0
                0x00000000000f8914       0x2c zephyr/drivers/flash/libdrivers__flash.a(soc_flash_nrf.c.obj)
 .text.suspend_pofwarn
                0x00000000000f8940       0x58 zephyr/drivers/flash/libdrivers__flash.a(soc_flash_nrf.c.obj)
 .text.flash_nrf_erase
                0x00000000000f8998       0x88 zephyr/drivers/flash/libdrivers__flash.a(soc_flash_nrf.c.obj)
 .text.flash_nrf_write
                0x00000000000f8a20       0x8c zephyr/drivers/flash/libdrivers__flash.a(soc_flash_nrf.c.obj)
 .text.gpio_nrfx_pin_interrupt_configure
                0x00000000000f8aac      0x100 zephyr/drivers/gpio/libdrivers__gpio.a(gpio_nrfx.c.obj)
 .text.gpio_nrfx_init
                0x00000000000f8bac       0x48 zephyr/drivers/gpio/libdrivers__gpio.a(gpio_nrfx.c.obj)
 .text.nrfx_gpio_handler
                0x00000000000f8bf4       0x4c zephyr/drivers/gpio/libdrivers__gpio.a(gpio_nrfx.c.obj)
 .text.gpio_nrfx_pin_configure
                0x00000000000f8c40      0x18c zephyr/drivers/gpio/libdrivers__gpio.a(gpio_nrfx.c.obj)
 .text.nrf_gpio_pin_port_decode
                0x00000000000f8dcc       0x20 zephyr/drivers/pinctrl/libdrivers__pinctrl.a(pinctrl_nrf.c.obj)
 .text.pinctrl_configure_pins
                0x00000000000f8dec      0x1a4 zephyr/drivers/pinctrl/libdrivers__pinctrl.a(pinctrl_nrf.c.obj)
                0x00000000000f8dec                pinctrl_configure_pins
 .text.uarte_0_init
                0x00000000000f8f90       0xdc zephyr/drivers/serial/libdrivers__serial.a(uart_nrfx_uarte.c.obj)
 .text.uarte_nrfx_poll_out
                0x00000000000f906c       0x98 zephyr/drivers/serial/libdrivers__serial.a(uart_nrfx_uarte.c.obj)
 .text.transfer_next_chunk
                0x00000000000f9104       0x70 zephyr/drivers/spi/libdrivers__spi.a(spi_nrfx_spi.c.obj)
 .text.spi_nrfx_transceive
                0x00000000000f9174      0x368 zephyr/drivers/spi/libdrivers__spi.a(spi_nrfx_spi.c.obj)
 .text.nrf_gpio_cfg_input
                0x00000000000f94dc       0x40 zephyr/drivers/spi/libdrivers__spi.a(spi_nrfx_common.c.obj)
 .text.spi_nrfx_wake_init
                0x00000000000f951c       0x60 zephyr/drivers/spi/libdrivers__spi.a(spi_nrfx_common.c.obj)
                0x00000000000f951c                spi_nrfx_wake_init
 .text.compare_int_lock
                0x00000000000f957c       0x48 zephyr/drivers/timer/libdrivers__timer.a(nrf_rtc_timer.c.obj)
 .text.sys_clock_timeout_handler
                0x00000000000f95c4       0x48 zephyr/drivers/timer/libdrivers__timer.a(nrf_rtc_timer.c.obj)
 .text.compare_int_unlock
                0x00000000000f960c       0x5c zephyr/drivers/timer/libdrivers__timer.a(nrf_rtc_timer.c.obj)
 .text.z_nrf_rtc_timer_read
                0x00000000000f9668       0x44 zephyr/drivers/timer/libdrivers__timer.a(nrf_rtc_timer.c.obj)
                0x00000000000f9668                z_nrf_rtc_timer_read
 .text.compare_set
                0x00000000000f96ac      0x130 zephyr/drivers/timer/libdrivers__timer.a(nrf_rtc_timer.c.obj)
 .text.sys_clock_driver_init
                0x00000000000f97dc       0x90 zephyr/drivers/timer/libdrivers__timer.a(nrf_rtc_timer.c.obj)
 .text.rtc_nrf_isr
                0x00000000000f986c       0xd4 zephyr/drivers/timer/libdrivers__timer.a(nrf_rtc_timer.c.obj)
                0x00000000000f986c                rtc_nrf_isr
 .text.sys_clock_set_timeout
                0x00000000000f9940       0x5c zephyr/drivers/timer/libdrivers__timer.a(nrf_rtc_timer.c.obj)
                0x00000000000f9940                sys_clock_set_timeout
 .text.sys_clock_elapsed
                0x00000000000f999c       0x14 zephyr/drivers/timer/libdrivers__timer.a(nrf_rtc_timer.c.obj)
                0x00000000000f999c                sys_clock_elapsed
 .text.sys_clock_disable
                0x00000000000f99b0       0x30 zephyr/drivers/timer/libdrivers__timer.a(nrf_rtc_timer.c.obj)
                0x00000000000f99b0                sys_clock_disable
 .text.nrf52_errata_98
                0x00000000000f99e0       0x24 modules/hal_nordic/nrfx/libmodules__hal_nordic__nrfx.a(system_nrf52840.c.obj)
 .text.nvmc_wait
                0x00000000000f9a04       0x10 modules/hal_nordic/nrfx/libmodules__hal_nordic__nrfx.a(system_nrf52840.c.obj)
                0x00000000000f9a04                nvmc_wait
 .text.SystemInit
                0x00000000000f9a14      0x1bc modules/hal_nordic/nrfx/libmodules__hal_nordic__nrfx.a(system_nrf52840.c.obj)
                0x00000000000f9a14                SystemInit
 .text.nrfx_flag32_alloc
                0x00000000000f9bd0       0x48 modules/hal_nordic/nrfx/libmodules__hal_nordic__nrfx.a(nrfx_flag32_allocator.c.obj)
                0x00000000000f9bd0                nrfx_flag32_alloc
 .text.nrfx_flag32_free
                0x00000000000f9c18       0x40 modules/hal_nordic/nrfx/libmodules__hal_nordic__nrfx.a(nrfx_flag32_allocator.c.obj)
                0x00000000000f9c18                nrfx_flag32_free
 .text.nrfx_gppi_channels_enable
                0x00000000000f9c58        0xc modules/hal_nordic/nrfx/libmodules__hal_nordic__nrfx.a(nrfx_gppi_ppi.c.obj)
                0x00000000000f9c58                nrfx_gppi_channels_enable
 .text.clock_stop
                0x00000000000f9c64       0xc4 modules/hal_nordic/nrfx/libmodules__hal_nordic__nrfx.a(nrfx_clock.c.obj)
 .text.nrfx_clock_init
                0x00000000000f9d28       0x20 modules/hal_nordic/nrfx/libmodules__hal_nordic__nrfx.a(nrfx_clock.c.obj)
                0x00000000000f9d28                nrfx_clock_init
 .text.nrfx_clock_enable
                0x00000000000f9d48       0x30 modules/hal_nordic/nrfx/libmodules__hal_nordic__nrfx.a(nrfx_clock.c.obj)
                0x00000000000f9d48                nrfx_clock_enable
 .text.nrfx_clock_start
                0x00000000000f9d78       0xa8 modules/hal_nordic/nrfx/libmodules__hal_nordic__nrfx.a(nrfx_clock.c.obj)
                0x00000000000f9d78                nrfx_clock_start
 .text.nrfx_clock_irq_handler
                0x00000000000f9e20       0x68 modules/hal_nordic/nrfx/libmodules__hal_nordic__nrfx.a(nrfx_clock.c.obj)
                0x00000000000f9e20                nrfx_clock_irq_handler
 .text.nrf_gpio_pin_port_decode
                0x00000000000f9e88       0x20 modules/hal_nordic/nrfx/libmodules__hal_nordic__nrfx.a(nrfx_gpiote.c.obj)
 .text.get_pin_idx
                0x00000000000f9ea8       0x14 modules/hal_nordic/nrfx/libmodules__hal_nordic__nrfx.a(nrfx_gpiote.c.obj)
 .text.call_handler.constprop.0
                0x00000000000f9ebc       0x40 modules/hal_nordic/nrfx/libmodules__hal_nordic__nrfx.a(nrfx_gpiote.c.obj)
 .text.pin_te_get.constprop.0
                0x00000000000f9efc       0x18 modules/hal_nordic/nrfx/libmodules__hal_nordic__nrfx.a(nrfx_gpiote.c.obj)
 .text.pin_is_output.constprop.0
                0x00000000000f9f14       0x18 modules/hal_nordic/nrfx/libmodules__hal_nordic__nrfx.a(nrfx_gpiote.c.obj)
 .text.pin_in_use_by_te.constprop.0
                0x00000000000f9f2c       0x18 modules/hal_nordic/nrfx/libmodules__hal_nordic__nrfx.a(nrfx_gpiote.c.obj)
 .text.latch_pending_read_and_check
                0x00000000000f9f44       0x40 modules/hal_nordic/nrfx/libmodules__hal_nordic__nrfx.a(nrfx_gpiote.c.obj)
 .text.release_handler.isra.0
                0x00000000000f9f84       0x58 modules/hal_nordic/nrfx/libmodules__hal_nordic__nrfx.a(nrfx_gpiote.c.obj)
 .text.__nrfy_internal_gpiote_events_process.constprop.0
                0x00000000000f9fdc       0x5c modules/hal_nordic/nrfx/libmodules__hal_nordic__nrfx.a(nrfx_gpiote.c.obj)
 .text.pin_uninit
                0x00000000000fa038       0x80 modules/hal_nordic/nrfx/libmodules__hal_nordic__nrfx.a(nrfx_gpiote.c.obj)
 .text.nrfx_gpiote_input_configure
                0x00000000000fa0b8      0x174 modules/hal_nordic/nrfx/libmodules__hal_nordic__nrfx.a(nrfx_gpiote.c.obj)
                0x00000000000fa0b8                nrfx_gpiote_input_configure
 .text.nrfx_gpiote_output_configure
                0x00000000000fa22c       0xfc modules/hal_nordic/nrfx/libmodules__hal_nordic__nrfx.a(nrfx_gpiote.c.obj)
                0x00000000000fa22c                nrfx_gpiote_output_configure
 .text.nrfx_gpiote_global_callback_set
                0x00000000000fa328        0xc modules/hal_nordic/nrfx/libmodules__hal_nordic__nrfx.a(nrfx_gpiote.c.obj)
                0x00000000000fa328                nrfx_gpiote_global_callback_set
 .text.nrfx_gpiote_channel_get
                0x00000000000fa334       0x34 modules/hal_nordic/nrfx/libmodules__hal_nordic__nrfx.a(nrfx_gpiote.c.obj)
                0x00000000000fa334                nrfx_gpiote_channel_get
 .text.nrfx_gpiote_init
                0x00000000000fa368       0x68 modules/hal_nordic/nrfx/libmodules__hal_nordic__nrfx.a(nrfx_gpiote.c.obj)
                0x00000000000fa368                nrfx_gpiote_init
 .text.nrfx_gpiote_init_check
                0x00000000000fa3d0       0x14 modules/hal_nordic/nrfx/libmodules__hal_nordic__nrfx.a(nrfx_gpiote.c.obj)
                0x00000000000fa3d0                nrfx_gpiote_init_check
 .text.nrfx_gpiote_channel_free
                0x00000000000fa3e4        0xc modules/hal_nordic/nrfx/libmodules__hal_nordic__nrfx.a(nrfx_gpiote.c.obj)
                0x00000000000fa3e4                nrfx_gpiote_channel_free
 .text.nrfx_gpiote_channel_alloc
                0x00000000000fa3f0        0xc modules/hal_nordic/nrfx/libmodules__hal_nordic__nrfx.a(nrfx_gpiote.c.obj)
                0x00000000000fa3f0                nrfx_gpiote_channel_alloc
 .text.nrfx_gpiote_trigger_enable
                0x00000000000fa3fc       0xb0 modules/hal_nordic/nrfx/libmodules__hal_nordic__nrfx.a(nrfx_gpiote.c.obj)
                0x00000000000fa3fc                nrfx_gpiote_trigger_enable
 .text.nrfx_gpiote_0_irq_handler
                0x00000000000fa4ac      0x1bc modules/hal_nordic/nrfx/libmodules__hal_nordic__nrfx.a(nrfx_gpiote.c.obj)
                0x00000000000fa4ac                nrfx_gpiote_0_irq_handler
 .text.nvmc_word_write
                0x00000000000fa668       0x18 modules/hal_nordic/nrfx/libmodules__hal_nordic__nrfx.a(nrfx_nvmc.c.obj)
 .text.nrfx_nvmc_page_erase
                0x00000000000fa680       0x40 modules/hal_nordic/nrfx/libmodules__hal_nordic__nrfx.a(nrfx_nvmc.c.obj)
                0x00000000000fa680                nrfx_nvmc_page_erase
 .text.nrfx_nvmc_word_write
                0x00000000000fa6c0       0x1c modules/hal_nordic/nrfx/libmodules__hal_nordic__nrfx.a(nrfx_nvmc.c.obj)
                0x00000000000fa6c0                nrfx_nvmc_word_write
 .text.nrfx_power_init
                0x00000000000fa6dc       0x74 modules/hal_nordic/nrfx/libmodules__hal_nordic__nrfx.a(nrfx_power.c.obj)
                0x00000000000fa6dc                nrfx_power_init
 .text.nrfx_power_usbevt_uninit
                0x00000000000fa750       0x18 modules/hal_nordic/nrfx/libmodules__hal_nordic__nrfx.a(nrfx_power.c.obj)
                0x00000000000fa750                nrfx_power_usbevt_uninit
 .text.nrfx_power_usbevt_init
                0x00000000000fa768       0x14 modules/hal_nordic/nrfx/libmodules__hal_nordic__nrfx.a(nrfx_power.c.obj)
                0x00000000000fa768                nrfx_power_usbevt_init
 .text.nrfx_power_irq_handler
                0x00000000000fa77c       0xa0 modules/hal_nordic/nrfx/libmodules__hal_nordic__nrfx.a(nrfx_power.c.obj)
                0x00000000000fa77c                nrfx_power_irq_handler
 .text.nrfx_ppi_channel_alloc
                0x00000000000fa81c        0xc modules/hal_nordic/nrfx/libmodules__hal_nordic__nrfx.a(nrfx_ppi.c.obj)
                0x00000000000fa81c                nrfx_ppi_channel_alloc
 .text.qspi_ready_wait
                0x00000000000fa828       0x54 modules/hal_nordic/nrfx/libmodules__hal_nordic__nrfx.a(nrfx_qspi.c.obj)
 .text.qspi_activate
                0x00000000000fa87c       0x34 modules/hal_nordic/nrfx/libmodules__hal_nordic__nrfx.a(nrfx_qspi.c.obj)
 .text.qspi_xfer
                0x00000000000fa8b0       0xe8 modules/hal_nordic/nrfx/libmodules__hal_nordic__nrfx.a(nrfx_qspi.c.obj)
 .text.qspi_event_xfer_handle.constprop.0
                0x00000000000fa998       0x28 modules/hal_nordic/nrfx/libmodules__hal_nordic__nrfx.a(nrfx_qspi.c.obj)
 .text.nrf_gpio_cfg.constprop.0
                0x00000000000fa9c0       0x44 modules/hal_nordic/nrfx/libmodules__hal_nordic__nrfx.a(nrfx_qspi.c.obj)
 .text.nrf_qspi_cinstrdata_get.constprop.0
                0x00000000000faa04       0x40 modules/hal_nordic/nrfx/libmodules__hal_nordic__nrfx.a(nrfx_qspi.c.obj)
 .text.nrf_qspi_cinstrdata_set.constprop.0
                0x00000000000faa44       0x64 modules/hal_nordic/nrfx/libmodules__hal_nordic__nrfx.a(nrfx_qspi.c.obj)
 .text.nrf_qspi_pins_set.constprop.0
                0x00000000000faaa8       0x5c modules/hal_nordic/nrfx/libmodules__hal_nordic__nrfx.a(nrfx_qspi.c.obj)
 .text.qspi_deactivate
                0x00000000000fab04       0x34 modules/hal_nordic/nrfx/libmodules__hal_nordic__nrfx.a(nrfx_qspi.c.obj)
 .text.qspi_workaround_215_43_apply
                0x00000000000fab38       0x70 modules/hal_nordic/nrfx/libmodules__hal_nordic__nrfx.a(nrfx_qspi.c.obj)
 .text.qspi_configure
                0x00000000000faba8       0xec modules/hal_nordic/nrfx/libmodules__hal_nordic__nrfx.a(nrfx_qspi.c.obj)
 .text.nrfx_qspi_init
                0x00000000000fac94       0x40 modules/hal_nordic/nrfx/libmodules__hal_nordic__nrfx.a(nrfx_qspi.c.obj)
                0x00000000000fac94                nrfx_qspi_init
 .text.nrfx_qspi_cinstr_xfer
                0x00000000000facd4       0xac modules/hal_nordic/nrfx/libmodules__hal_nordic__nrfx.a(nrfx_qspi.c.obj)
                0x00000000000facd4                nrfx_qspi_cinstr_xfer
 .text.nrfx_qspi_activate
                0x00000000000fad80       0x18 modules/hal_nordic/nrfx/libmodules__hal_nordic__nrfx.a(nrfx_qspi.c.obj)
                0x00000000000fad80                nrfx_qspi_activate
 .text.nrfx_qspi_deactivate
                0x00000000000fad98       0x24 modules/hal_nordic/nrfx/libmodules__hal_nordic__nrfx.a(nrfx_qspi.c.obj)
                0x00000000000fad98                nrfx_qspi_deactivate
 .text.nrfx_qspi_init_check
                0x00000000000fadbc       0x14 modules/hal_nordic/nrfx/libmodules__hal_nordic__nrfx.a(nrfx_qspi.c.obj)
                0x00000000000fadbc                nrfx_qspi_init_check
 .text.nrfx_qspi_erase
                0x00000000000fadd0       0x9c modules/hal_nordic/nrfx/libmodules__hal_nordic__nrfx.a(nrfx_qspi.c.obj)
                0x00000000000fadd0                nrfx_qspi_erase
 .text.nrfx_qspi_irq_handler
                0x00000000000fae6c       0x94 modules/hal_nordic/nrfx/libmodules__hal_nordic__nrfx.a(nrfx_qspi.c.obj)
                0x00000000000fae6c                nrfx_qspi_irq_handler
 .text.nrf_gpio_pin_port_decode
                0x00000000000faf00       0x20 modules/hal_nordic/nrfx/libmodules__hal_nordic__nrfx.a(nrfx_spi.c.obj)
 .text.nrf_gpio_cfg_output
                0x00000000000faf20       0x2c modules/hal_nordic/nrfx/libmodules__hal_nordic__nrfx.a(nrfx_spi.c.obj)
 .text.spi_configure
                0x00000000000faf4c      0x120 modules/hal_nordic/nrfx/libmodules__hal_nordic__nrfx.a(nrfx_spi.c.obj)
 .text.nrf_gpio_cfg_default
                0x00000000000fb06c       0x2c modules/hal_nordic/nrfx/libmodules__hal_nordic__nrfx.a(nrfx_spi.c.obj)
 .text.nrfx_spi_init
                0x00000000000fb098       0x68 modules/hal_nordic/nrfx/libmodules__hal_nordic__nrfx.a(nrfx_spi.c.obj)
                0x00000000000fb098                nrfx_spi_init
 .text.nrfx_spi_uninit
                0x00000000000fb100       0x70 modules/hal_nordic/nrfx/libmodules__hal_nordic__nrfx.a(nrfx_spi.c.obj)
                0x00000000000fb100                nrfx_spi_uninit
 .text.nrfx_spi_xfer
                0x00000000000fb170       0xfc modules/hal_nordic/nrfx/libmodules__hal_nordic__nrfx.a(nrfx_spi.c.obj)
                0x00000000000fb170                nrfx_spi_xfer
 .text.nrfx_spi_2_irq_handler
                0x00000000000fb26c       0x40 modules/hal_nordic/nrfx/libmodules__hal_nordic__nrfx.a(nrfx_spi.c.obj)
                0x00000000000fb26c                nrfx_spi_2_irq_handler
 .text.boot_write_magic
                0x00000000000fb2ac       0x44 modules/mcuboot/libmcuboot_util.a(bootutil_public.c.obj)
                0x00000000000fb2ac                boot_write_magic
 .text.boot_read_swap_state
                0x00000000000fb2f0       0xac modules/mcuboot/libmcuboot_util.a(bootutil_public.c.obj)
                0x00000000000fb2f0                boot_read_swap_state
 .text.boot_set_pending_multi
                0x00000000000fb39c       0x38 modules/mcuboot/libmcuboot_util.a(bootutil_public.c.obj)
                0x00000000000fb39c                boot_set_pending_multi
 .text.z_fatal_error
                0x00000000000fb3d4       0x30 zephyr/kernel/libkernel.a(fatal.c.obj)
                0x00000000000fb3d4                z_fatal_error
 .text.z_sys_init_run_level
                0x00000000000fb404       0x2c zephyr/kernel/libkernel.a(init.c.obj)
 .text.bg_thread_main
                0x00000000000fb430       0xc4 zephyr/kernel/libkernel.a(init.c.obj)
 .text.z_bss_zero
                0x00000000000fb4f4       0x18 zephyr/kernel/libkernel.a(init.c.obj)
                0x00000000000fb4f4                z_bss_zero
 .text.z_init_cpu
                0x00000000000fb50c       0x70 zephyr/kernel/libkernel.a(init.c.obj)
                0x00000000000fb50c                z_init_cpu
 .text.z_cstart
                0x00000000000fb57c       0xdc zephyr/kernel/libkernel.a(init.c.obj)
                0x00000000000fb57c                z_cstart
 .text.init_mem_slab_obj_core_list
                0x00000000000fb658       0x24 zephyr/kernel/libkernel.a(mem_slab.c.obj)
 .text.k_mem_slab_alloc
                0x00000000000fb67c       0x5c zephyr/kernel/libkernel.a(mem_slab.c.obj)
                0x00000000000fb67c                k_mem_slab_alloc
 .text.z_impl_k_mutex_lock
                0x00000000000fb6d8       0xf0 zephyr/kernel/libkernel.a(mutex.c.obj)
                0x00000000000fb6d8                z_impl_k_mutex_lock
 .text.z_impl_k_mutex_unlock
                0x00000000000fb7c8       0x78 zephyr/kernel/libkernel.a(mutex.c.obj)
                0x00000000000fb7c8                z_impl_k_mutex_unlock
 .text.z_impl_k_queue_get
                0x00000000000fb840       0x64 zephyr/kernel/libkernel.a(queue.c.obj)
                0x00000000000fb840                z_impl_k_queue_get
 .text.z_impl_k_sem_give
                0x00000000000fb8a4       0x48 zephyr/kernel/libkernel.a(sem.c.obj)
                0x00000000000fb8a4                z_impl_k_sem_give
 .text.z_impl_k_sem_take
                0x00000000000fb8ec       0x4c zephyr/kernel/libkernel.a(sem.c.obj)
                0x00000000000fb8ec                z_impl_k_sem_take
 .text.z_impl_k_sem_reset
                0x00000000000fb938       0x44 zephyr/kernel/libkernel.a(sem.c.obj)
                0x00000000000fb938                z_impl_k_sem_reset
 .text.work_queue_main
                0x00000000000fb97c      0x144 zephyr/kernel/libkernel.a(work.c.obj)
 .text.submit_to_queue_locked
                0x00000000000fbac0       0xb4 zephyr/kernel/libkernel.a(work.c.obj)
 .text.k_work_queue_start
                0x00000000000fbb74       0x7c zephyr/kernel/libkernel.a(work.c.obj)
                0x00000000000fbb74                k_work_queue_start
 .text.k_work_schedule_for_queue
                0x00000000000fbbf0       0x54 zephyr/kernel/libkernel.a(work.c.obj)
                0x00000000000fbbf0                k_work_schedule_for_queue
 .text.k_work_reschedule_for_queue
                0x00000000000fbc44       0x5c zephyr/kernel/libkernel.a(work.c.obj)
                0x00000000000fbc44                k_work_reschedule_for_queue
 .text.z_setup_new_thread
                0x00000000000fbca0       0x98 zephyr/kernel/libkernel.a(thread.c.obj)
                0x00000000000fbca0                z_setup_new_thread
 .text.z_impl_k_thread_create
                0x00000000000fbd38       0x58 zephyr/kernel/libkernel.a(thread.c.obj)
                0x00000000000fbd38                z_impl_k_thread_create
 .text.update_cache
                0x00000000000fbd90       0x3c zephyr/kernel/libkernel.a(sched.c.obj)
 .text.unready_thread
                0x00000000000fbdcc       0x30 zephyr/kernel/libkernel.a(sched.c.obj)
 .text.ready_thread
                0x00000000000fbdfc       0x68 zephyr/kernel/libkernel.a(sched.c.obj)
 .text.z_thread_halt
                0x00000000000fbe64       0xdc zephyr/kernel/libkernel.a(sched.c.obj)
 .text.move_thread_to_end_of_prio_q
                0x00000000000fbf40       0x74 zephyr/kernel/libkernel.a(sched.c.obj)
                0x00000000000fbf40                move_thread_to_end_of_prio_q
 .text.z_pend_curr
                0x00000000000fbfb4       0x58 zephyr/kernel/libkernel.a(sched.c.obj)
                0x00000000000fbfb4                z_pend_curr
 .text.z_thread_prio_set
                0x00000000000fc00c       0x88 zephyr/kernel/libkernel.a(sched.c.obj)
                0x00000000000fc00c                z_thread_prio_set
 .text.z_reschedule
                0x00000000000fc094       0x24 zephyr/kernel/libkernel.a(sched.c.obj)
                0x00000000000fc094                z_reschedule
 .text.z_sched_start
                0x00000000000fc0b8       0x3c zephyr/kernel/libkernel.a(sched.c.obj)
                0x00000000000fc0b8                z_sched_start
 .text.z_reschedule_irqlock
                0x00000000000fc0f4       0x28 zephyr/kernel/libkernel.a(sched.c.obj)
                0x00000000000fc0f4                z_reschedule_irqlock
 .text.k_sched_lock
                0x00000000000fc11c       0x28 zephyr/kernel/libkernel.a(sched.c.obj)
                0x00000000000fc11c                k_sched_lock
 .text.k_sched_unlock
                0x00000000000fc144       0x40 zephyr/kernel/libkernel.a(sched.c.obj)
                0x00000000000fc144                k_sched_unlock
 .text.z_sched_init
                0x00000000000fc184       0x10 zephyr/kernel/libkernel.a(sched.c.obj)
                0x00000000000fc184                z_sched_init
 .text.z_impl_k_yield
                0x00000000000fc194       0x7c zephyr/kernel/libkernel.a(sched.c.obj)
                0x00000000000fc194                z_impl_k_yield
 .text.z_tick_sleep
                0x00000000000fc210       0x88 zephyr/kernel/libkernel.a(sched.c.obj)
 .text.z_impl_k_sleep
                0x00000000000fc298       0x3c zephyr/kernel/libkernel.a(sched.c.obj)
                0x00000000000fc298                z_impl_k_sleep
 .text.z_impl_k_usleep
                0x00000000000fc2d4       0x3c zephyr/kernel/libkernel.a(sched.c.obj)
                0x00000000000fc2d4                z_impl_k_usleep
 .text.z_impl_k_sched_current_thread_query
                0x00000000000fc310        0xc zephyr/kernel/libkernel.a(sched.c.obj)
                0x00000000000fc310                z_impl_k_sched_current_thread_query
 .text.z_sched_wait
                0x00000000000fc31c       0x24 zephyr/kernel/libkernel.a(sched.c.obj)
                0x00000000000fc31c                z_sched_wait
 .text.slice_timeout
                0x00000000000fc340       0x20 zephyr/kernel/libkernel.a(timeslicing.c.obj)
 .text.thread_is_sliceable
                0x00000000000fc360       0x3c zephyr/kernel/libkernel.a(timeslicing.c.obj)
                0x00000000000fc360                thread_is_sliceable
 .text.z_reset_time_slice
                0x00000000000fc39c       0x50 zephyr/kernel/libkernel.a(timeslicing.c.obj)
                0x00000000000fc39c                z_reset_time_slice
 .text.z_time_slice
                0x00000000000fc3ec       0x60 zephyr/kernel/libkernel.a(timeslicing.c.obj)
                0x00000000000fc3ec                z_time_slice
 .text.z_data_copy
                0x00000000000fc44c       0x34 zephyr/kernel/libkernel.a(xip.c.obj)
                0x00000000000fc44c                z_data_copy
 .text.elapsed  0x00000000000fc480       0x14 zephyr/kernel/libkernel.a(timeout.c.obj)
 .text.remove_timeout
                0x00000000000fc494       0x38 zephyr/kernel/libkernel.a(timeout.c.obj)
 .text.next_timeout
                0x00000000000fc4cc       0x40 zephyr/kernel/libkernel.a(timeout.c.obj)
 .text.z_add_timeout
                0x00000000000fc50c       0xf4 zephyr/kernel/libkernel.a(timeout.c.obj)
                0x00000000000fc50c                z_add_timeout
 .text.sys_clock_announce
                0x00000000000fc600       0xd0 zephyr/kernel/libkernel.a(timeout.c.obj)
                0x00000000000fc600                sys_clock_announce
 .text.sys_clock_tick_get
                0x00000000000fc6d0       0x30 zephyr/kernel/libkernel.a(timeout.c.obj)
                0x00000000000fc6d0                sys_clock_tick_get
 .text.z_impl_k_poll_signal_raise
                0x00000000000fc700       0x50 zephyr/kernel/libkernel.a(poll.c.obj)
                0x00000000000fc700                z_impl_k_poll_signal_raise
 .text.z_thread_aligned_alloc
                0x00000000000fc750       0x40 zephyr/kernel/libkernel.a(mempool.c.obj)
                0x00000000000fc750                z_thread_aligned_alloc
 .text.boot_banner
                0x00000000000fc790        0xc zephyr/kernel/libkernel.a(banner.c.obj)
                0x00000000000fc790                boot_banner
 .text.statics_init
                0x00000000000fc79c       0x24 zephyr/kernel/libkernel.a(kheap.c.obj)
 .text.k_sys_work_q_init
                0x00000000000fc7c0       0x34 zephyr/kernel/libkernel.a(system_work_q.c.obj)
 .text.__l_vfprintf
                0x00000000000fc7f4      0x4b8 /home/mhn/zephyr-sdk-0.16.8/arm-zephyr-eabi/bin/../lib/gcc/../../picolibc/arm-zephyr-eabi/lib/thumb/v7e-m/nofp/libc.a(libc_tinystdio_vflprintf.c.o)
                0x00000000000fc7f4                __l_vfprintf
 .text._OffsetAbsSyms
                0x00000000000fccac        0x2 zephyr/CMakeFiles/offsets.dir/./arch/arm/core/offsets/offsets.c.obj
                0x00000000000fccac                _OffsetAbsSyms
 .text.chunk_size
                0x00000000000fccae        0xa zephyr/libzephyr.a(heap.c.obj)
 .text.free_list_add
                0x00000000000fccb8       0x4e zephyr/libzephyr.a(heap.c.obj)
 .text.free_list_remove_bidx
                0x00000000000fcd06       0x3a zephyr/libzephyr.a(heap.c.obj)
 .text.free_list_remove
                0x00000000000fcd40       0x1a zephyr/libzephyr.a(heap.c.obj)
 .text.alloc_chunk
                0x00000000000fcd5a       0x6e zephyr/libzephyr.a(heap.c.obj)
 .text.merge_chunks
                0x00000000000fcdc8       0x2c zephyr/libzephyr.a(heap.c.obj)
 .text.split_chunks
                0x00000000000fcdf4       0x34 zephyr/libzephyr.a(heap.c.obj)
 .text.free_chunk
                0x00000000000fce28       0x62 zephyr/libzephyr.a(heap.c.obj)
 .text.sys_heap_free
                0x00000000000fce8a       0x1e zephyr/libzephyr.a(heap.c.obj)
                0x00000000000fce8a                sys_heap_free
 .text.sys_heap_alloc
                0x00000000000fcea8       0x52 zephyr/libzephyr.a(heap.c.obj)
                0x00000000000fcea8                sys_heap_alloc
 .text.sys_heap_aligned_alloc
                0x00000000000fcefa       0xd0 zephyr/libzephyr.a(heap.c.obj)
                0x00000000000fcefa                sys_heap_aligned_alloc
 .text.sys_heap_init
                0x00000000000fcfca       0x7a zephyr/libzephyr.a(heap.c.obj)
                0x00000000000fcfca                sys_heap_init
 .text.arch_printk_char_out
                0x00000000000fd044        0x4 zephyr/libzephyr.a(printk.c.obj)
                0x00000000000fd044                arch_printk_char_out
 .text.printk   0x00000000000fd048       0x1a zephyr/libzephyr.a(printk.c.obj)
                0x00000000000fd048                printk
 .text.sys_slist_find_and_remove
                0x00000000000fd062       0x36 zephyr/libzephyr.a(onoff.c.obj)
 .text.process_recheck
                0x00000000000fd098       0x38 zephyr/libzephyr.a(onoff.c.obj)
 .text.validate_args
                0x00000000000fd0d0       0x20 zephyr/libzephyr.a(onoff.c.obj)
 .text.notify_one
                0x00000000000fd0f0       0x2c zephyr/libzephyr.a(onoff.c.obj)
 .text.transition_complete
                0x00000000000fd11c       0x1a zephyr/libzephyr.a(onoff.c.obj)
 .text.onoff_manager_init
                0x00000000000fd136       0x26 zephyr/libzephyr.a(onoff.c.obj)
                0x00000000000fd136                onoff_manager_init
 .text.onoff_request
                0x00000000000fd15c       0xae zephyr/libzephyr.a(onoff.c.obj)
                0x00000000000fd15c                onoff_request
 .text.onoff_release
                0x00000000000fd20a       0x48 zephyr/libzephyr.a(onoff.c.obj)
                0x00000000000fd20a                onoff_release
 .text.onoff_cancel
                0x00000000000fd252       0x36 zephyr/libzephyr.a(onoff.c.obj)
                0x00000000000fd252                onoff_cancel
 .text.sys_notify_validate
                0x00000000000fd288       0x28 zephyr/libzephyr.a(notify.c.obj)
                0x00000000000fd288                sys_notify_validate
 .text.sys_notify_finalize
                0x00000000000fd2b0       0x32 zephyr/libzephyr.a(notify.c.obj)
                0x00000000000fd2b0                sys_notify_finalize
 .text.ring_buf_put_claim
                0x00000000000fd2e2       0x3e zephyr/libzephyr.a(ring_buffer.c.obj)
                0x00000000000fd2e2                ring_buf_put_claim
 .text.ring_buf_put_finish
                0x00000000000fd320       0x2a zephyr/libzephyr.a(ring_buffer.c.obj)
                0x00000000000fd320                ring_buf_put_finish
 .text.ring_buf_put
                0x00000000000fd34a       0x3e zephyr/libzephyr.a(ring_buffer.c.obj)
                0x00000000000fd34a                ring_buf_put
 .text.ring_buf_get_claim
                0x00000000000fd388       0x40 zephyr/libzephyr.a(ring_buffer.c.obj)
                0x00000000000fd388                ring_buf_get_claim
 .text.ring_buf_get_finish
                0x00000000000fd3c8       0x2a zephyr/libzephyr.a(ring_buffer.c.obj)
                0x00000000000fd3c8                ring_buf_get_finish
 .text.ring_buf_get
                0x00000000000fd3f2       0x40 zephyr/libzephyr.a(ring_buffer.c.obj)
                0x00000000000fd3f2                ring_buf_get
 .text._ConfigAbsSyms
                0x00000000000fd432        0x2 zephyr/libzephyr.a(configs.c.obj)
                0x00000000000fd432                _ConfigAbsSyms
 .text.flash_area_close
                0x00000000000fd434        0x2 zephyr/libzephyr.a(flash_map.c.obj)
                0x00000000000fd434                flash_area_close
 .text.flash_area_read
                0x00000000000fd436       0x2a zephyr/libzephyr.a(flash_map.c.obj)
                0x00000000000fd436                flash_area_read
 .text.flash_area_write
                0x00000000000fd460       0x2a zephyr/libzephyr.a(flash_map.c.obj)
                0x00000000000fd460                flash_area_write
 .text.flash_area_erase
                0x00000000000fd48a       0x30 zephyr/libzephyr.a(flash_map.c.obj)
                0x00000000000fd48a                flash_area_erase
 .text.flash_area_align
                0x00000000000fd4ba        0xe zephyr/libzephyr.a(flash_map.c.obj)
                0x00000000000fd4ba                flash_area_align
 .text.flash_area_get_device
                0x00000000000fd4c8        0x4 zephyr/libzephyr.a(flash_map.c.obj)
                0x00000000000fd4c8                flash_area_get_device
 .text.flash_area_erased_val
                0x00000000000fd4cc        0xe zephyr/libzephyr.a(flash_map.c.obj)
                0x00000000000fd4cc                flash_area_erased_val
 .text.find_flash_total_size
                0x00000000000fd4da       0x18 zephyr/libzephyr.a(stream_flash.c.obj)
 .text.stream_flash_erase_page
                0x00000000000fd4f2       0x3c zephyr/libzephyr.a(stream_flash.c.obj)
                0x00000000000fd4f2                stream_flash_erase_page
 .text.flash_sync
                0x00000000000fd52e       0x8c zephyr/libzephyr.a(stream_flash.c.obj)
 .text.stream_flash_buffered_write
                0x00000000000fd5ba       0x88 zephyr/libzephyr.a(stream_flash.c.obj)
                0x00000000000fd5ba                stream_flash_buffered_write
 .text.get_ep_bm_from_addr
                0x00000000000fd642       0x1c zephyr/libzephyr.a(usb_device.c.obj)
 .text.usb_write
                0x00000000000fd65e       0x30 zephyr/libzephyr.a(usb_device.c.obj)
                0x00000000000fd65e                usb_write
 .text.usb_get_dev_data_by_cfg
                0x00000000000fd68e       0x18 zephyr/libzephyr.a(usb_descriptor.c.obj)
                0x00000000000fd68e                usb_get_dev_data_by_cfg
 .text.usb_get_dev_data_by_iface
                0x00000000000fd6a6       0x1c zephyr/libzephyr.a(usb_descriptor.c.obj)
                0x00000000000fd6a6                usb_get_dev_data_by_iface
 .text.usb_get_dev_data_by_ep
                0x00000000000fd6c2       0x2c zephyr/libzephyr.a(usb_descriptor.c.obj)
                0x00000000000fd6c2                usb_get_dev_data_by_ep
 .text.usb_transfer_is_busy
                0x00000000000fd6ee       0x16 zephyr/libzephyr.a(usb_transfer.c.obj)
                0x00000000000fd6ee                usb_transfer_is_busy
 .text.cdc_interface_config
                0x00000000000fd704       0x14 zephyr/libzephyr.a(cdc_acm.c.obj)
 .text.cdc_acm_irq_callback_work_handler
                0x00000000000fd718        0xa zephyr/libzephyr.a(cdc_acm.c.obj)
 .text.cdc_acm_irq_tx_disable
                0x00000000000fd722        0xa zephyr/libzephyr.a(cdc_acm.c.obj)
 .text.cdc_acm_irq_tx_ready
                0x00000000000fd72c       0x1e zephyr/libzephyr.a(cdc_acm.c.obj)
 .text.cdc_acm_irq_rx_disable
                0x00000000000fd74a        0xa zephyr/libzephyr.a(cdc_acm.c.obj)
 .text.cdc_acm_irq_rx_ready
                0x00000000000fd754        0xe zephyr/libzephyr.a(cdc_acm.c.obj)
 .text.cdc_acm_irq_is_pending
                0x00000000000fd762       0x1c zephyr/libzephyr.a(cdc_acm.c.obj)
 .text.cdc_acm_irq_callback_set
                0x00000000000fd77e        0x8 zephyr/libzephyr.a(cdc_acm.c.obj)
 .text.cdc_acm_fifo_read
                0x00000000000fd786       0x46 zephyr/libzephyr.a(cdc_acm.c.obj)
 .text.cdc_acm_poll_in
                0x00000000000fd7cc       0x12 zephyr/libzephyr.a(cdc_acm.c.obj)
 .text.cdc_acm_irq_update
                0x00000000000fd7de       0x2e zephyr/libzephyr.a(cdc_acm.c.obj)
 .text.dfu_status_cb
                0x00000000000fd80c        0x2 zephyr/libzephyr.a(usb_dfu.c.obj)
 .text.reboot_work_handler
                0x00000000000fd80e        0x8 zephyr/libzephyr.a(usb_dfu.c.obj)
 .text.flash_img_buffered_write
                0x00000000000fd816       0x40 zephyr/libzephyr.a(flash_img.c.obj)
                0x00000000000fd816                flash_img_buffered_write
 .text.flash_img_init_id
                0x00000000000fd856       0x42 zephyr/libzephyr.a(flash_img.c.obj)
                0x00000000000fd856                flash_img_init_id
 .text.flash_img_init
                0x00000000000fd898        0x4 zephyr/libzephyr.a(flash_img.c.obj)
                0x00000000000fd898                flash_img_init
 .text.z_arm_fatal_error
                0x00000000000fd89c        0xc zephyr/arch/arch/arm/core/libarch__arm__core.a(fatal.c.obj)
                0x00000000000fd89c                z_arm_fatal_error
 .text.z_do_kernel_oops
                0x00000000000fd8a8        0x8 zephyr/arch/arch/arm/core/libarch__arm__core.a(fatal.c.obj)
                0x00000000000fd8a8                z_do_kernel_oops
 .text.z_arm_nmi
                0x00000000000fd8b0        0xe zephyr/arch/arch/arm/core/libarch__arm__core.a(nmi.c.obj)
                0x00000000000fd8b0                z_arm_nmi
 .text.z_irq_spurious
                0x00000000000fd8be        0x8 zephyr/arch/arch/arm/core/cortex_m/libarch__arm__core__cortex_m.a(irq_manage.c.obj)
                0x00000000000fd8be                z_irq_spurious
 .text.arch_irq_unlock_outlined
                0x00000000000fd8c6        0xe zephyr/arch/arch/arm/core/cortex_m/libarch__arm__core__cortex_m.a(thread.c.obj)
                0x00000000000fd8c6                arch_irq_unlock_outlined
 .text.arch_cpu_idle
                0x00000000000fd8d4       0x1a zephyr/arch/arch/arm/core/cortex_m/libarch__arm__core__cortex_m.a(cpu_idle.c.obj)
                0x00000000000fd8d4                arch_cpu_idle
 .text.arch_cpu_atomic_idle
                0x00000000000fd8ee       0x1e zephyr/arch/arch/arm/core/cortex_m/libarch__arm__core__cortex_m.a(cpu_idle.c.obj)
                0x00000000000fd8ee                arch_cpu_atomic_idle
 .text.size_to_mpu_rasr_size
                0x00000000000fd90c       0x20 zephyr/arch/arch/arm/core/mpu/libarch__arm__core__mpu.a(arm_mpu.c.obj)
 .text.picolibc_put
                0x00000000000fd92c        0xa zephyr/lib/libc/picolibc/liblib__libc__picolibc.a(libc-hooks.c.obj)
 .text.boot_request_upgrade
                0x00000000000fd936       0x10 zephyr/subsys/dfu/boot/libsubsys__dfu__boot.a(mcuboot.c.obj)
                0x00000000000fd936                boot_request_upgrade
 .text.boot_get_trailer_status_offset
                0x00000000000fd946        0x4 zephyr/subsys/dfu/boot/libsubsys__dfu__boot.a(mcuboot.c.obj)
                0x00000000000fd946                boot_get_trailer_status_offset
 .text.ep_ctx_reset
                0x00000000000fd94a       0x26 zephyr/drivers/usb/device/libdrivers__usb__device.a(usb_dc_nrfx.c.obj)
 .text.k_mutex_lock.constprop.0.isra.0
                0x00000000000fd970        0x4 zephyr/drivers/usb/device/libdrivers__usb__device.a(usb_dc_nrfx.c.obj)
 .text.k_mutex_unlock.isra.0
                0x00000000000fd974        0x4 zephyr/drivers/usb/device/libdrivers__usb__device.a(usb_dc_nrfx.c.obj)
 .text.usb_dc_ep_check_cap
                0x00000000000fd978       0x2a zephyr/drivers/usb/device/libdrivers__usb__device.a(usb_dc_nrfx.c.obj)
                0x00000000000fd978                usb_dc_ep_check_cap
 .text.usb_dc_ep_disable
                0x00000000000fd9a2       0x32 zephyr/drivers/usb/device/libdrivers__usb__device.a(usb_dc_nrfx.c.obj)
                0x00000000000fd9a2                usb_dc_ep_disable
 .text.usb_dc_ep_read
                0x00000000000fd9d4       0x1e zephyr/drivers/usb/device/libdrivers__usb__device.a(usb_dc_nrfx.c.obj)
                0x00000000000fd9d4                usb_dc_ep_read
 .text.ep2bit   0x00000000000fd9f2       0x10 zephyr/drivers/usb/common/nrf_usbd_common/libdrivers__usb__common__nrf_usbd_common.a(nrf_usbd_common.c.obj)
 .text.nrf_usbd_common_ep_max_packet_size_set
                0x00000000000fda02        0xa zephyr/drivers/usb/common/nrf_usbd_common/libdrivers__usb__common__nrf_usbd_common.a(nrf_usbd_common.c.obj)
                0x00000000000fda02                nrf_usbd_common_ep_max_packet_size_set
 .text.nrf_usbd_common_ep_status_get
                0x00000000000fda0c       0x2c zephyr/drivers/usb/common/nrf_usbd_common/libdrivers__usb__common__nrf_usbd_common.a(nrf_usbd_common.c.obj)
                0x00000000000fda0c                nrf_usbd_common_ep_status_get
 .text.get_status
                0x00000000000fda38       0x12 zephyr/drivers/clock_control/libdrivers__clock_control.a(clock_control_nrf.c.obj)
 .text.stop     0x00000000000fda4a       0x52 zephyr/drivers/clock_control/libdrivers__clock_control.a(clock_control_nrf.c.obj)
 .text.api_stop
                0x00000000000fda9c        0x6 zephyr/drivers/clock_control/libdrivers__clock_control.a(clock_control_nrf.c.obj)
 .text.async_start
                0x00000000000fdaa2       0x5c zephyr/drivers/clock_control/libdrivers__clock_control.a(clock_control_nrf.c.obj)
 .text.api_start
                0x00000000000fdafe        0xe zephyr/drivers/clock_control/libdrivers__clock_control.a(clock_control_nrf.c.obj)
 .text.onoff_started_callback
                0x00000000000fdb0c       0x12 zephyr/drivers/clock_control/libdrivers__clock_control.a(clock_control_nrf.c.obj)
 .text.lfclk_start
                0x00000000000fdb1e        0x6 zephyr/drivers/clock_control/libdrivers__clock_control.a(clock_control_nrf.c.obj)
 .text.lfclk_stop
                0x00000000000fdb24        0x6 zephyr/drivers/clock_control/libdrivers__clock_control.a(clock_control_nrf.c.obj)
 .text.blocking_start_callback
                0x00000000000fdb2a        0x6 zephyr/drivers/clock_control/libdrivers__clock_control.a(clock_control_nrf.c.obj)
 .text.qspi_handler
                0x00000000000fdb30        0xc zephyr/drivers/flash/libdrivers__flash.a(nrf_qspi_nor.c.obj)
 .text.qspi_send_cmd.constprop.0
                0x00000000000fdb3c       0x62 zephyr/drivers/flash/libdrivers__flash.a(nrf_qspi_nor.c.obj)
 .text.qspi_nor_write_protection_set.isra.0
                0x00000000000fdb9e       0x2a zephyr/drivers/flash/libdrivers__flash.a(nrf_qspi_nor.c.obj)
 .text.qspi_rdsr.isra.0
                0x00000000000fdbc8       0x3c zephyr/drivers/flash/libdrivers__flash.a(nrf_qspi_nor.c.obj)
 .text.qspi_wait_while_writing.isra.0
                0x00000000000fdc04       0x22 zephyr/drivers/flash/libdrivers__flash.a(nrf_qspi_nor.c.obj)
 .text.qspi_release
                0x00000000000fdc26       0x36 zephyr/drivers/flash/libdrivers__flash.a(nrf_qspi_nor.c.obj)
 .text.qspi_acquire
                0x00000000000fdc5c       0x28 zephyr/drivers/flash/libdrivers__flash.a(nrf_qspi_nor.c.obj)
 .text.is_regular_addr_valid
                0x00000000000fdc84       0x22 zephyr/drivers/flash/libdrivers__flash.a(soc_flash_nrf.c.obj)
 .text.flash_nrf_read
                0x00000000000fdca6       0x28 zephyr/drivers/flash/libdrivers__flash.a(soc_flash_nrf.c.obj)
 .text.flash_get_page_info
                0x00000000000fdcce       0x62 zephyr/drivers/flash/libdrivers__flash.a(flash_page_layout.c.obj)
 .text.z_impl_flash_get_page_info_by_offs
                0x00000000000fdd30        0x8 zephyr/drivers/flash/libdrivers__flash.a(flash_page_layout.c.obj)
                0x00000000000fdd30                z_impl_flash_get_page_info_by_offs
 .text.flash_page_foreach
                0x00000000000fdd38       0x58 zephyr/drivers/flash/libdrivers__flash.a(flash_page_layout.c.obj)
                0x00000000000fdd38                flash_page_foreach
 .text.gpio_nrfx_port_get_raw
                0x00000000000fdd90        0xe zephyr/drivers/gpio/libdrivers__gpio.a(gpio_nrfx.c.obj)
 .text.gpio_nrfx_port_set_masked_raw
                0x00000000000fdd9e       0x18 zephyr/drivers/gpio/libdrivers__gpio.a(gpio_nrfx.c.obj)
 .text.gpio_nrfx_port_set_bits_raw
                0x00000000000fddb6        0xc zephyr/drivers/gpio/libdrivers__gpio.a(gpio_nrfx.c.obj)
 .text.gpio_nrfx_port_clear_bits_raw
                0x00000000000fddc2        0xc zephyr/drivers/gpio/libdrivers__gpio.a(gpio_nrfx.c.obj)
 .text.gpio_nrfx_port_toggle_bits
                0x00000000000fddce       0x1a zephyr/drivers/gpio/libdrivers__gpio.a(gpio_nrfx.c.obj)
 .text.gpio_nrfx_manage_callback
                0x00000000000fdde8       0x52 zephyr/drivers/gpio/libdrivers__gpio.a(gpio_nrfx.c.obj)
 .text.z_impl_hwinfo_get_device_id
                0x00000000000fde3a       0x28 zephyr/drivers/hwinfo/libdrivers__hwinfo.a(hwinfo_nrf.c.obj)
                0x00000000000fde3a                z_impl_hwinfo_get_device_id
 .text.pinctrl_lookup_state
                0x00000000000fde62       0x26 zephyr/drivers/pinctrl/libdrivers__pinctrl.a(common.c.obj)
                0x00000000000fde62                pinctrl_lookup_state
 .text.uarte_nrfx_err_check
                0x00000000000fde88        0xe zephyr/drivers/serial/libdrivers__serial.a(uart_nrfx_uarte.c.obj)
 .text.tx_start
                0x00000000000fde96       0x3e zephyr/drivers/serial/libdrivers__serial.a(uart_nrfx_uarte.c.obj)
 .text.uarte_nrfx_poll_in
                0x00000000000fded4       0x28 zephyr/drivers/serial/libdrivers__serial.a(uart_nrfx_uarte.c.obj)
 .text.uarte_nrfx_fifo_read
                0x00000000000fdefc       0x2e zephyr/drivers/serial/libdrivers__serial.a(uart_nrfx_uarte.c.obj)
 .text.uarte_nrfx_irq_tx_enable
                0x00000000000fdf2a       0x34 zephyr/drivers/serial/libdrivers__serial.a(uart_nrfx_uarte.c.obj)
 .text.uarte_nrfx_irq_tx_disable
                0x00000000000fdf5e       0x10 zephyr/drivers/serial/libdrivers__serial.a(uart_nrfx_uarte.c.obj)
 .text.uarte_nrfx_irq_tx_ready_complete
                0x00000000000fdf6e       0x1e zephyr/drivers/serial/libdrivers__serial.a(uart_nrfx_uarte.c.obj)
 .text.uarte_nrfx_irq_rx_ready
                0x00000000000fdf8c       0x10 zephyr/drivers/serial/libdrivers__serial.a(uart_nrfx_uarte.c.obj)
 .text.uarte_nrfx_irq_rx_enable
                0x00000000000fdf9c        0xc zephyr/drivers/serial/libdrivers__serial.a(uart_nrfx_uarte.c.obj)
 .text.uarte_nrfx_irq_rx_disable
                0x00000000000fdfa8        0xc zephyr/drivers/serial/libdrivers__serial.a(uart_nrfx_uarte.c.obj)
 .text.uarte_nrfx_irq_err_enable
                0x00000000000fdfb4        0xe zephyr/drivers/serial/libdrivers__serial.a(uart_nrfx_uarte.c.obj)
 .text.uarte_nrfx_irq_err_disable
                0x00000000000fdfc2        0xe zephyr/drivers/serial/libdrivers__serial.a(uart_nrfx_uarte.c.obj)
 .text.uarte_nrfx_irq_is_pending
                0x00000000000fdfd0       0x36 zephyr/drivers/serial/libdrivers__serial.a(uart_nrfx_uarte.c.obj)
 .text.uarte_nrfx_irq_update
                0x00000000000fe006        0x4 zephyr/drivers/serial/libdrivers__serial.a(uart_nrfx_uarte.c.obj)
 .text.uarte_nrfx_irq_callback_set
                0x00000000000fe00a        0xc zephyr/drivers/serial/libdrivers__serial.a(uart_nrfx_uarte.c.obj)
 .text.is_tx_ready.isra.0
                0x00000000000fe016       0x20 zephyr/drivers/serial/libdrivers__serial.a(uart_nrfx_uarte.c.obj)
 .text.uarte_nrfx_fifo_fill
                0x00000000000fe036       0x76 zephyr/drivers/serial/libdrivers__serial.a(uart_nrfx_uarte.c.obj)
 .text.uarte_nrfx_isr_int
                0x00000000000fe0ac       0xbc zephyr/drivers/serial/libdrivers__serial.a(uart_nrfx_uarte.c.obj)
 .text.irq_connect2
                0x00000000000fe168        0xa zephyr/drivers/spi/libdrivers__spi.a(spi_nrfx_spi.c.obj)
 .text.spi_context_get_next_buf.constprop.0
                0x00000000000fe172       0x26 zephyr/drivers/spi/libdrivers__spi.a(spi_nrfx_spi.c.obj)
 .text.gpio_pin_set_dt.isra.0
                0x00000000000fe198       0x28 zephyr/drivers/spi/libdrivers__spi.a(spi_nrfx_spi.c.obj)
 .text.spi_context_unlock_unconditionally
                0x00000000000fe1c0       0x30 zephyr/drivers/spi/libdrivers__spi.a(spi_nrfx_spi.c.obj)
 .text.spi_nrfx_release
                0x00000000000fe1f0       0x24 zephyr/drivers/spi/libdrivers__spi.a(spi_nrfx_spi.c.obj)
 .text.spi_nrfx_init
                0x00000000000fe214       0xc6 zephyr/drivers/spi/libdrivers__spi.a(spi_nrfx_spi.c.obj)
 .text.event_handler
                0x00000000000fe2da       0x9c zephyr/drivers/spi/libdrivers__spi.a(spi_nrfx_spi.c.obj)
 .text.spi_nrfx_wake_request
                0x00000000000fe376       0x50 zephyr/drivers/spi/libdrivers__spi.a(spi_nrfx_common.c.obj)
                0x00000000000fe376                spi_nrfx_wake_request
 .text.event_clear
                0x00000000000fe3c6       0x18 zephyr/drivers/timer/libdrivers__timer.a(nrf_rtc_timer.c.obj)
 .text.sys_clock_cycle_get_32
                0x00000000000fe3de        0x8 zephyr/drivers/timer/libdrivers__timer.a(nrf_rtc_timer.c.obj)
                0x00000000000fe3de                sys_clock_cycle_get_32
 .text.nrfx_isr
                0x00000000000fe3e6        0x2 modules/hal_nordic/nrfx/libmodules__hal_nordic__nrfx.a(nrfx_glue.c.obj)
                0x00000000000fe3e6                nrfx_isr
 .text.nrfx_busy_wait
                0x00000000000fe3e8        0x4 modules/hal_nordic/nrfx/libmodules__hal_nordic__nrfx.a(nrfx_glue.c.obj)
                0x00000000000fe3e8                nrfx_busy_wait
 .text.nrfx_gppi_channel_endpoints_setup
                0x00000000000fe3ec       0x14 modules/hal_nordic/nrfx/libmodules__hal_nordic__nrfx.a(nrfx_gppi_ppi.c.obj)
                0x00000000000fe3ec                nrfx_gppi_channel_endpoints_setup
 .text.nrfx_gppi_channel_alloc
                0x00000000000fe400        0x4 modules/hal_nordic/nrfx/libmodules__hal_nordic__nrfx.a(nrfx_gppi_ppi.c.obj)
                0x00000000000fe400                nrfx_gppi_channel_alloc
 .text.nrfx_clock_stop
                0x00000000000fe404        0x4 modules/hal_nordic/nrfx/libmodules__hal_nordic__nrfx.a(nrfx_clock.c.obj)
                0x00000000000fe404                nrfx_clock_stop
 .text.nrf_gpio_reconfigure
                0x00000000000fe408       0x92 modules/hal_nordic/nrfx/libmodules__hal_nordic__nrfx.a(nrfx_gpiote.c.obj)
 .text.nrf_gpio_cfg_sense_set
                0x00000000000fe49a       0x1e modules/hal_nordic/nrfx/libmodules__hal_nordic__nrfx.a(nrfx_gpiote.c.obj)
 .text.pin_in_event_get.isra.0
                0x00000000000fe4b8       0x22 modules/hal_nordic/nrfx/libmodules__hal_nordic__nrfx.a(nrfx_gpiote.c.obj)
 .text.pin_trigger_disable
                0x00000000000fe4da       0x48 modules/hal_nordic/nrfx/libmodules__hal_nordic__nrfx.a(nrfx_gpiote.c.obj)
 .text.nrfx_gpiote_pin_uninit
                0x00000000000fe522        0x4 modules/hal_nordic/nrfx/libmodules__hal_nordic__nrfx.a(nrfx_gpiote.c.obj)
                0x00000000000fe522                nrfx_gpiote_pin_uninit
 .text.nrfx_gpiote_trigger_disable
                0x00000000000fe526        0x4 modules/hal_nordic/nrfx/libmodules__hal_nordic__nrfx.a(nrfx_gpiote.c.obj)
                0x00000000000fe526                nrfx_gpiote_trigger_disable
 .text.nrfx_gpiote_in_event_get
                0x00000000000fe52a        0x6 modules/hal_nordic/nrfx/libmodules__hal_nordic__nrfx.a(nrfx_gpiote.c.obj)
                0x00000000000fe52a                nrfx_gpiote_in_event_get
 .text.nrfx_nvmc_flash_size_get
                0x00000000000fe530        0xc modules/hal_nordic/nrfx/libmodules__hal_nordic__nrfx.a(nrfx_nvmc.c.obj)
                0x00000000000fe530                nrfx_nvmc_flash_size_get
 .text.nrfx_nvmc_flash_page_size_get
                0x00000000000fe53c        0x8 modules/hal_nordic/nrfx/libmodules__hal_nordic__nrfx.a(nrfx_nvmc.c.obj)
                0x00000000000fe53c                nrfx_nvmc_flash_page_size_get
 .text.nrfx_nvmc_flash_page_count_get
                0x00000000000fe544        0x8 modules/hal_nordic/nrfx/libmodules__hal_nordic__nrfx.a(nrfx_nvmc.c.obj)
                0x00000000000fe544                nrfx_nvmc_flash_page_count_get
 .text.nrf_power_event_get_and_clear.constprop.0
                0x00000000000fe54c       0x18 modules/hal_nordic/nrfx/libmodules__hal_nordic__nrfx.a(nrfx_power.c.obj)
 .text.nrfx_power_usbevt_enable
                0x00000000000fe564        0xe modules/hal_nordic/nrfx/libmodules__hal_nordic__nrfx.a(nrfx_power.c.obj)
                0x00000000000fe564                nrfx_power_usbevt_enable
 .text.nrfx_power_usbevt_disable
                0x00000000000fe572        0xe modules/hal_nordic/nrfx/libmodules__hal_nordic__nrfx.a(nrfx_power.c.obj)
                0x00000000000fe572                nrfx_power_usbevt_disable
 .text.nrfx_power_clock_irq_handler
                0x00000000000fe580        0xe modules/hal_nordic/nrfx/libmodules__hal_nordic__nrfx.a(nrfx_power.c.obj)
                0x00000000000fe580                nrfx_power_clock_irq_handler
 .text.nrfx_qspi_write
                0x00000000000fe58e        0x6 modules/hal_nordic/nrfx/libmodules__hal_nordic__nrfx.a(nrfx_qspi.c.obj)
                0x00000000000fe58e                nrfx_qspi_write
 .text.nrfx_qspi_read
                0x00000000000fe594        0x6 modules/hal_nordic/nrfx/libmodules__hal_nordic__nrfx.a(nrfx_qspi.c.obj)
                0x00000000000fe594                nrfx_qspi_read
 .text.nrfx_qspi_chip_erase
                0x00000000000fe59a        0x8 modules/hal_nordic/nrfx/libmodules__hal_nordic__nrfx.a(nrfx_qspi.c.obj)
                0x00000000000fe59a                nrfx_qspi_chip_erase
 .text.nrf_gpio_pin_set
                0x00000000000fe5a2       0x1a modules/hal_nordic/nrfx/libmodules__hal_nordic__nrfx.a(nrfx_spi.c.obj)
 .text.nrf_gpio_pin_clear
                0x00000000000fe5bc       0x1a modules/hal_nordic/nrfx/libmodules__hal_nordic__nrfx.a(nrfx_spi.c.obj)
 .text.transfer_byte
                0x00000000000fe5d6       0x66 modules/hal_nordic/nrfx/libmodules__hal_nordic__nrfx.a(nrfx_spi.c.obj)
 .text.boot_swap_info_off
                0x00000000000fe63c        0xc modules/mcuboot/libmcuboot_util.a(bootutil_public.c.obj)
                0x00000000000fe63c                boot_swap_info_off
 .text.bootutil_buffer_is_erased
                0x00000000000fe648       0x26 modules/mcuboot/libmcuboot_util.a(bootutil_public.c.obj)
                0x00000000000fe648                bootutil_buffer_is_erased
 .text.boot_read_flag
                0x00000000000fe66e       0x38 modules/mcuboot/libmcuboot_util.a(bootutil_public.c.obj)
 .text.boot_write_trailer
                0x00000000000fe6a6       0x58 modules/mcuboot/libmcuboot_util.a(bootutil_public.c.obj)
                0x00000000000fe6a6                boot_write_trailer
 .text.boot_write_trailer_flag
                0x00000000000fe6fe       0x14 modules/mcuboot/libmcuboot_util.a(bootutil_public.c.obj)
                0x00000000000fe6fe                boot_write_trailer_flag
 .text.boot_write_image_ok
                0x00000000000fe712        0xe modules/mcuboot/libmcuboot_util.a(bootutil_public.c.obj)
                0x00000000000fe712                boot_write_image_ok
 .text.boot_read_image_ok
                0x00000000000fe720        0xc modules/mcuboot/libmcuboot_util.a(bootutil_public.c.obj)
                0x00000000000fe720                boot_read_image_ok
 .text.boot_write_swap_info
                0x00000000000fe72c       0x22 modules/mcuboot/libmcuboot_util.a(bootutil_public.c.obj)
                0x00000000000fe72c                boot_write_swap_info
 .text.boot_set_next
                0x00000000000fe74e       0x76 modules/mcuboot/libmcuboot_util.a(bootutil_public.c.obj)
                0x00000000000fe74e                boot_set_next
 .text.boot_set_pending
                0x00000000000fe7c4        0x8 modules/mcuboot/libmcuboot_util.a(bootutil_public.c.obj)
                0x00000000000fe7c4                boot_set_pending
 .text.z_impl_k_busy_wait
                0x00000000000fe7cc        0x8 zephyr/kernel/libkernel.a(busy_wait.c.obj)
                0x00000000000fe7cc                z_impl_k_busy_wait
 .text.z_device_state_init
                0x00000000000fe7d4        0x2 zephyr/kernel/libkernel.a(device.c.obj)
                0x00000000000fe7d4                z_device_state_init
 .text.z_impl_device_is_ready
                0x00000000000fe7d6       0x16 zephyr/kernel/libkernel.a(device.c.obj)
                0x00000000000fe7d6                z_impl_device_is_ready
 .text.arch_system_halt
                0x00000000000fe7ec       0x10 zephyr/kernel/libkernel.a(fatal.c.obj)
                0x00000000000fe7ec                arch_system_halt
 .text.k_sys_fatal_error_handler
                0x00000000000fe7fc        0x6 zephyr/kernel/libkernel.a(fatal.c.obj)
                0x00000000000fe7fc                k_sys_fatal_error_handler
 .text.do_device_init
                0x00000000000fe802       0x30 zephyr/kernel/libkernel.a(init.c.obj)
 .text.z_early_memset
                0x00000000000fe832        0x4 zephyr/kernel/libkernel.a(init.c.obj)
                0x00000000000fe832                z_early_memset
 .text.z_early_memcpy
                0x00000000000fe836        0x4 zephyr/kernel/libkernel.a(init.c.obj)
                0x00000000000fe836                z_early_memcpy
 .text.z_init_static
                0x00000000000fe83a        0x2 zephyr/kernel/libkernel.a(init_static.c.obj)
                0x00000000000fe83a                z_init_static
 .text.create_free_list
                0x00000000000fe83c       0x34 zephyr/kernel/libkernel.a(mem_slab.c.obj)
 .text.k_mem_slab_free
                0x00000000000fe870       0x4a zephyr/kernel/libkernel.a(mem_slab.c.obj)
                0x00000000000fe870                k_mem_slab_free
 .text.idle     0x00000000000fe8ba       0x16 zephyr/kernel/libkernel.a(idle.c.obj)
                0x00000000000fe8ba                idle
 .text.adjust_owner_prio.isra.0
                0x00000000000fe8d0       0x10 zephyr/kernel/libkernel.a(mutex.c.obj)
 .text.z_impl_k_mutex_init
                0x00000000000fe8e0        0xe zephyr/kernel/libkernel.a(mutex.c.obj)
                0x00000000000fe8e0                z_impl_k_mutex_init
 .text.queue_insert
                0x00000000000fe8ee       0xca zephyr/kernel/libkernel.a(queue.c.obj)
 .text.z_queue_node_peek